........FFFF
======================================================================
FAIL: test_canonical_checkpoint_appearing_is_rejected (test_verify_blocker.EvidenceLinkTests.test_canonical_checkpoint_appearing_is_rejected)
----------------------------------------------------------------------
Traceback (most recent call last):
  File "/home/u00134/3dgs_line/hybrid_raster_extra_models_v1/artifacts/hybrid_raster_extra_models_v1/independent_review/test_verify_blocker.py", line 110, in test_canonical_checkpoint_appearing_is_rejected
    with self.assertRaisesRegex(ValueError, 'canonical.*checkpoint'):
         ~~~~~~~~~~~~~~~~~~~~~~^^^^^^^^^^^^^^^^^^^^^^^^^^^^^^^^^^^^^
AssertionError: ValueError not raised

======================================================================
FAIL: test_inherited_lock_copy_change_is_rejected (test_verify_blocker.EvidenceLinkTests.test_inherited_lock_copy_change_is_rejected)
----------------------------------------------------------------------
Traceback (most recent call last):
  File "/home/u00134/3dgs_line/hybrid_raster_extra_models_v1/artifacts/hybrid_raster_extra_models_v1/independent_review/test_verify_blocker.py", line 92, in test_inherited_lock_copy_change_is_rejected
    with self.assertRaisesRegex(ValueError, 'inherited.*lock'):
         ~~~~~~~~~~~~~~~~~~~~~~^^^^^^^^^^^^^^^^^^^^^^^^^^^^^^^
AssertionError: ValueError not raised

======================================================================
FAIL: test_inventory_manifest_digest_change_is_rejected (test_verify_blocker.EvidenceLinkTests.test_inventory_manifest_digest_change_is_rejected)
----------------------------------------------------------------------
Traceback (most recent call last):
  File "/home/u00134/3dgs_line/hybrid_raster_extra_models_v1/artifacts/hybrid_raster_extra_models_v1/independent_review/test_verify_blocker.py", line 86, in test_inventory_manifest_digest_change_is_rejected
    with self.assertRaisesRegex(ValueError, 'inventory.*hash'):
         ~~~~~~~~~~~~~~~~~~~~~~^^^^^^^^^^^^^^^^^^^^^^^^^^^^^^^
AssertionError: ValueError not raised

======================================================================
FAIL: test_unlisted_candidate_is_rejected_without_content_read (test_verify_blocker.EvidenceLinkTests.test_unlisted_candidate_is_rejected_without_content_read)
----------------------------------------------------------------------
Traceback (most recent call last):
  File "/home/u00134/3dgs_line/hybrid_raster_extra_models_v1/artifacts/hybrid_raster_extra_models_v1/independent_review/test_verify_blocker.py", line 102, in test_unlisted_candidate_is_rejected_without_content_read
    with self.assertRaisesRegex(ValueError, 'UNDETERMINED.*unregistered'):
         ~~~~~~~~~~~~~~~~~~~~~~^^^^^^^^^^^^^^^^^^^^^^^^^^^^^^^^^^^^^^^^^^
AssertionError: ValueError not raised

----------------------------------------------------------------------
Ran 12 tests in 0.008s

FAILED (failures=4)
