2458731 openat(AT_FDCWD, "/home/u00134/bin/miniconda3/bin/../lib/glibc-hwcaps/x86-64-v4/libpthread.so.0", O_RDONLY|O_CLOEXEC) = -1 ENOENT (No such file or directory)
2458731 openat(AT_FDCWD, "/home/u00134/bin/miniconda3/bin/../lib/glibc-hwcaps/x86-64-v3/libpthread.so.0", O_RDONLY|O_CLOEXEC) = -1 ENOENT (No such file or directory)
2458731 openat(AT_FDCWD, "/home/u00134/bin/miniconda3/bin/../lib/glibc-hwcaps/x86-64-v2/libpthread.so.0", O_RDONLY|O_CLOEXEC) = -1 ENOENT (No such file or directory)
2458731 openat(AT_FDCWD, "/home/u00134/bin/miniconda3/bin/../lib/libpthread.so.0", O_RDONLY|O_CLOEXEC) = -1 ENOENT (No such file or directory)
2458731 openat(AT_FDCWD, "/etc/ld.so.cache", O_RDONLY|O_CLOEXEC) = 3
2458731 openat(AT_FDCWD, "/lib/x86_64-linux-gnu/libpthread.so.0", O_RDONLY|O_CLOEXEC) = 3
2458731 openat(AT_FDCWD, "/home/u00134/bin/miniconda3/bin/../lib/libdl.so.2", O_RDONLY|O_CLOEXEC) = -1 ENOENT (No such file or directory)
2458731 openat(AT_FDCWD, "/lib/x86_64-linux-gnu/libdl.so.2", O_RDONLY|O_CLOEXEC) = 3
2458731 openat(AT_FDCWD, "/home/u00134/bin/miniconda3/bin/../lib/libutil.so.1", O_RDONLY|O_CLOEXEC) = -1 ENOENT (No such file or directory)
2458731 openat(AT_FDCWD, "/lib/x86_64-linux-gnu/libutil.so.1", O_RDONLY|O_CLOEXEC) = 3
2458731 openat(AT_FDCWD, "/home/u00134/bin/miniconda3/bin/../lib/libm.so.6", O_RDONLY|O_CLOEXEC) = -1 ENOENT (No such file or directory)
2458731 openat(AT_FDCWD, "/lib/x86_64-linux-gnu/libm.so.6", O_RDONLY|O_CLOEXEC) = 3
2458731 openat(AT_FDCWD, "/home/u00134/bin/miniconda3/bin/../lib/libc.so.6", O_RDONLY|O_CLOEXEC) = -1 ENOENT (No such file or directory)
2458731 openat(AT_FDCWD, "/lib/x86_64-linux-gnu/libc.so.6", O_RDONLY|O_CLOEXEC) = 3
2458731 open("/proc/sys/vm/overcommit_memory", O_RDONLY) = 3
2458731 openat(AT_FDCWD, "/usr/lib/locale/locale-archive", O_RDONLY|O_CLOEXEC) = 3
2458731 openat(AT_FDCWD, "/usr/share/locale/locale.alias", O_RDONLY|O_CLOEXEC) = 3
2458731 openat(AT_FDCWD, "/usr/lib/locale/C.UTF-8/LC_CTYPE", O_RDONLY|O_CLOEXEC) = -1 ENOENT (No such file or directory)
2458731 openat(AT_FDCWD, "/usr/lib/locale/C.utf8/LC_CTYPE", O_RDONLY|O_CLOEXEC) = 3
2458731 openat(AT_FDCWD, "/usr/lib/x86_64-linux-gnu/gconv/gconv-modules.cache", O_RDONLY|O_CLOEXEC) = 3
2458731 openat(AT_FDCWD, "/home/u00134/bin/miniconda3/pyvenv.cfg", O_RDONLY) = -1 ENOENT (No such file or directory)
2458731 openat(AT_FDCWD, "/home/u00134/bin/miniconda3/bin/pyvenv.cfg", O_RDONLY) = -1 ENOENT (No such file or directory)
2458731 openat(AT_FDCWD, "/home/u00134/bin/miniconda3/bin/python._pth", O_RDONLY) = -1 ENOENT (No such file or directory)
2458731 openat(AT_FDCWD, "/home/u00134/bin/miniconda3/bin/python3.13._pth", O_RDONLY) = -1 ENOENT (No such file or directory)
2458731 openat(AT_FDCWD, "/home/u00134/bin/miniconda3/bin/pybuilddir.txt", O_RDONLY) = -1 ENOENT (No such file or directory)
2458731 openat(AT_FDCWD, "/etc/localtime", O_RDONLY|O_CLOEXEC) = 3
2458731 openat(AT_FDCWD, "/home/u00134/bin/miniconda3/lib/python3.13", O_RDONLY|O_NONBLOCK|O_CLOEXEC|O_DIRECTORY) = 3
2458731 openat(AT_FDCWD, "/home/u00134/bin/miniconda3/lib/python3.13/encodings/__pycache__/__init__.cpython-313.pyc", O_RDONLY|O_CLOEXEC) = 3
2458731 openat(AT_FDCWD, "/home/u00134/bin/miniconda3/lib/python3.13/encodings", O_RDONLY|O_NONBLOCK|O_CLOEXEC|O_DIRECTORY) = 3
2458731 openat(AT_FDCWD, "/home/u00134/bin/miniconda3/lib/python3.13/encodings/__pycache__/aliases.cpython-313.pyc", O_RDONLY|O_CLOEXEC) = 3
2458731 openat(AT_FDCWD, "/home/u00134/bin/miniconda3/lib/python3.13/encodings/__pycache__/utf_8.cpython-313.pyc", O_RDONLY|O_CLOEXEC) = 3
2458731 openat(AT_FDCWD, "/home/u00134/bin/miniconda3/lib/python3.13/site-packages", O_RDONLY|O_NONBLOCK|O_CLOEXEC|O_DIRECTORY) = 3
2458731 openat(AT_FDCWD, "/home/u00134/bin/miniconda3/lib/python3.13/site-packages/distutils-precedence.pth", O_RDONLY|O_CLOEXEC) = 3
2458731 openat(AT_FDCWD, "/home/u00134/bin/miniconda3/lib/python3.13/encodings/__pycache__/utf_8_sig.cpython-313.pyc", O_RDONLY|O_CLOEXEC) = 3
2458731 openat(AT_FDCWD, "/home/u00134/bin/miniconda3/lib/python3.13/lib-dynload", O_RDONLY|O_NONBLOCK|O_CLOEXEC|O_DIRECTORY) = 3
2458731 openat(AT_FDCWD, "/home/u00134/bin/miniconda3/lib/python3.13/site-packages", O_RDONLY|O_NONBLOCK|O_CLOEXEC|O_DIRECTORY) = 3
2458731 openat(AT_FDCWD, "/home/u00134/bin/miniconda3/lib/python3.13/site-packages/_distutils_hack/__pycache__/__init__.cpython-313.pyc", O_RDONLY|O_CLOEXEC) = 3
2458731 openat(AT_FDCWD, "/home/u00134/bin/miniconda3/lib/python3.13/__pycache__/sitecustomize.cpython-313.pyc", O_RDONLY|O_CLOEXEC) = 3
2458731 openat(AT_FDCWD, "/home/u00134/3dgs_line/hybrid_raster_extra_models_v1/artifacts/hybrid_raster_extra_models_v1/independent_review/verify_blocker.py", O_RDONLY|O_CLOEXEC) = 3
2458731 openat(AT_FDCWD, "/home/u00134/3dgs_line/hybrid_raster_extra_models_v1/artifacts/hybrid_raster_extra_models_v1/independent_review/verify_blocker.py", O_RDONLY) = 3
2458731 openat(AT_FDCWD, "/home/u00134/3dgs_line/hybrid_raster_extra_models_v1/artifacts/hybrid_raster_extra_models_v1/independent_review", O_RDONLY|O_NONBLOCK|O_CLOEXEC|O_DIRECTORY) = 3
2458731 openat(AT_FDCWD, "/home/u00134/bin/miniconda3/lib/python3.13/__pycache__/argparse.cpython-313.pyc", O_RDONLY|O_CLOEXEC) = 3
2458731 openat(AT_FDCWD, "/home/u00134/bin/miniconda3/lib/python3.13/re/__pycache__/__init__.cpython-313.pyc", O_RDONLY|O_CLOEXEC) = 3
2458731 openat(AT_FDCWD, "/home/u00134/bin/miniconda3/lib/python3.13/__pycache__/enum.cpython-313.pyc", O_RDONLY|O_CLOEXEC) = 3
2458731 openat(AT_FDCWD, "/home/u00134/bin/miniconda3/lib/python3.13/__pycache__/functools.cpython-313.pyc", O_RDONLY|O_CLOEXEC) = 3
2458731 openat(AT_FDCWD, "/home/u00134/bin/miniconda3/lib/python3.13/collections/__pycache__/__init__.cpython-313.pyc", O_RDONLY|O_CLOEXEC) = 3
2458731 openat(AT_FDCWD, "/home/u00134/bin/miniconda3/lib/python3.13/__pycache__/keyword.cpython-313.pyc", O_RDONLY|O_CLOEXEC) = 3
2458731 openat(AT_FDCWD, "/home/u00134/bin/miniconda3/lib/python3.13/__pycache__/operator.cpython-313.pyc", O_RDONLY|O_CLOEXEC) = 3
2458731 openat(AT_FDCWD, "/home/u00134/bin/miniconda3/lib/python3.13/__pycache__/reprlib.cpython-313.pyc", O_RDONLY|O_CLOEXEC) = 3
2458731 openat(AT_FDCWD, "/home/u00134/bin/miniconda3/lib/python3.13/__pycache__/types.cpython-313.pyc", O_RDONLY|O_CLOEXEC) = 3
2458731 openat(AT_FDCWD, "/home/u00134/bin/miniconda3/lib/python3.13/re", O_RDONLY|O_NONBLOCK|O_CLOEXEC|O_DIRECTORY) = 3
2458731 openat(AT_FDCWD, "/home/u00134/bin/miniconda3/lib/python3.13/re/__pycache__/_compiler.cpython-313.pyc", O_RDONLY|O_CLOEXEC) = 3
2458731 openat(AT_FDCWD, "/home/u00134/bin/miniconda3/lib/python3.13/re/__pycache__/_parser.cpython-313.pyc", O_RDONLY|O_CLOEXEC) = 3
2458731 openat(AT_FDCWD, "/home/u00134/bin/miniconda3/lib/python3.13/re/__pycache__/_constants.cpython-313.pyc", O_RDONLY|O_CLOEXEC) = 3
2458731 openat(AT_FDCWD, "/home/u00134/bin/miniconda3/lib/python3.13/re/__pycache__/_casefix.cpython-313.pyc", O_RDONLY|O_CLOEXEC) = 3
2458731 openat(AT_FDCWD, "/home/u00134/bin/miniconda3/lib/python3.13/__pycache__/copyreg.cpython-313.pyc", O_RDONLY|O_CLOEXEC) = 3
2458731 openat(AT_FDCWD, "/home/u00134/bin/miniconda3/lib/python3.13/__pycache__/gettext.cpython-313.pyc", O_RDONLY|O_CLOEXEC) = 3
2458731 openat(AT_FDCWD, "/home/u00134/bin/miniconda3/lib/python3.13/__pycache__/hashlib.cpython-313.pyc", O_RDONLY|O_CLOEXEC) = 3
2458731 openat(AT_FDCWD, "/home/u00134/bin/miniconda3/lib/python3.13/lib-dynload/_hashlib.cpython-313-x86_64-linux-gnu.so", O_RDONLY|O_CLOEXEC) = 3
2458731 openat(AT_FDCWD, "/home/u00134/bin/miniconda3/lib/python3.13/lib-dynload/../../glibc-hwcaps/x86-64-v4/libcrypto.so.3", O_RDONLY|O_CLOEXEC) = -1 ENOENT (No such file or directory)
2458731 openat(AT_FDCWD, "/home/u00134/bin/miniconda3/lib/python3.13/lib-dynload/../../glibc-hwcaps/x86-64-v3/libcrypto.so.3", O_RDONLY|O_CLOEXEC) = -1 ENOENT (No such file or directory)
2458731 openat(AT_FDCWD, "/home/u00134/bin/miniconda3/lib/python3.13/lib-dynload/../../glibc-hwcaps/x86-64-v2/libcrypto.so.3", O_RDONLY|O_CLOEXEC) = -1 ENOENT (No such file or directory)
2458731 openat(AT_FDCWD, "/home/u00134/bin/miniconda3/lib/python3.13/lib-dynload/../../libcrypto.so.3", O_RDONLY|O_CLOEXEC) = 3
2458731 openat(AT_FDCWD, "/home/u00134/bin/miniconda3/ssl/openssl.cnf", O_RDONLY) = 3
2458731 openat(AT_FDCWD, "/home/u00134/bin/miniconda3/lib/python3.13/lib-dynload/_blake2.cpython-313-x86_64-linux-gnu.so", O_RDONLY|O_CLOEXEC) = 3
2458731 openat(AT_FDCWD, "/home/u00134/bin/miniconda3/lib/python3.13/json/__pycache__/__init__.cpython-313.pyc", O_RDONLY|O_CLOEXEC) = 3
2458731 openat(AT_FDCWD, "/home/u00134/bin/miniconda3/lib/python3.13/json", O_RDONLY|O_NONBLOCK|O_CLOEXEC|O_DIRECTORY) = 3
2458731 openat(AT_FDCWD, "/home/u00134/bin/miniconda3/lib/python3.13/json/__pycache__/decoder.cpython-313.pyc", O_RDONLY|O_CLOEXEC) = 3
2458731 openat(AT_FDCWD, "/home/u00134/bin/miniconda3/lib/python3.13/json/__pycache__/scanner.cpython-313.pyc", O_RDONLY|O_CLOEXEC) = 3
2458731 openat(AT_FDCWD, "/home/u00134/bin/miniconda3/lib/python3.13/lib-dynload/_json.cpython-313-x86_64-linux-gnu.so", O_RDONLY|O_CLOEXEC) = 3
2458731 openat(AT_FDCWD, "/home/u00134/bin/miniconda3/lib/python3.13/json/__pycache__/encoder.cpython-313.pyc", O_RDONLY|O_CLOEXEC) = 3
2458731 openat(AT_FDCWD, "/home/u00134/bin/miniconda3/lib/python3.13/lib-dynload/math.cpython-313-x86_64-linux-gnu.so", O_RDONLY|O_CLOEXEC) = 3
2458731 openat(AT_FDCWD, "/home/u00134/bin/miniconda3/lib/python3.13/pathlib/__pycache__/__init__.cpython-313.pyc", O_RDONLY|O_CLOEXEC) = 3
2458731 openat(AT_FDCWD, "/home/u00134/bin/miniconda3/lib/python3.13/pathlib", O_RDONLY|O_NONBLOCK|O_CLOEXEC|O_DIRECTORY) = 3
2458731 openat(AT_FDCWD, "/home/u00134/bin/miniconda3/lib/python3.13/pathlib/__pycache__/_abc.cpython-313.pyc", O_RDONLY|O_CLOEXEC) = 3
2458731 openat(AT_FDCWD, "/home/u00134/bin/miniconda3/lib/python3.13/__pycache__/glob.cpython-313.pyc", O_RDONLY|O_CLOEXEC) = 3
2458731 openat(AT_FDCWD, "/home/u00134/bin/miniconda3/lib/python3.13/__pycache__/contextlib.cpython-313.pyc", O_RDONLY|O_CLOEXEC) = 3
2458731 openat(AT_FDCWD, "/home/u00134/bin/miniconda3/lib/python3.13/__pycache__/fnmatch.cpython-313.pyc", O_RDONLY|O_CLOEXEC) = 3
2458731 openat(AT_FDCWD, "/home/u00134/bin/miniconda3/lib/python3.13/pathlib/__pycache__/_local.cpython-313.pyc", O_RDONLY|O_CLOEXEC) = 3
2458731 openat(AT_FDCWD, "/home/u00134/bin/miniconda3/lib/python3.13/__pycache__/warnings.cpython-313.pyc", O_RDONLY|O_CLOEXEC) = 3
2458731 openat(AT_FDCWD, "/home/u00134/bin/miniconda3/lib/python3.13/lib-dynload/grp.cpython-313-x86_64-linux-gnu.so", O_RDONLY|O_CLOEXEC) = 3
2458731 openat(AT_FDCWD, "/home/u00134/bin/miniconda3/lib/python3.13/__pycache__/locale.cpython-313.pyc", O_RDONLY|O_CLOEXEC) = 3
2458731 openat(AT_FDCWD, "/home/u00134/bin/miniconda3/lib/python3.13/__pycache__/shutil.cpython-313.pyc", O_RDONLY|O_CLOEXEC) = 3
2458731 openat(AT_FDCWD, "/home/u00134/bin/miniconda3/lib/python3.13/lib-dynload/zlib.cpython-313-x86_64-linux-gnu.so", O_RDONLY|O_CLOEXEC) = 3
2458731 openat(AT_FDCWD, "/home/u00134/bin/miniconda3/lib/python3.13/lib-dynload/../../libz.so.1", O_RDONLY|O_CLOEXEC) = 3
2458731 openat(AT_FDCWD, "/home/u00134/bin/miniconda3/lib/python3.13/__pycache__/bz2.cpython-313.pyc", O_RDONLY|O_CLOEXEC) = 3
2458731 openat(AT_FDCWD, "/home/u00134/bin/miniconda3/lib/python3.13/__pycache__/_compression.cpython-313.pyc", O_RDONLY|O_CLOEXEC) = 3
2458731 openat(AT_FDCWD, "/home/u00134/bin/miniconda3/lib/python3.13/lib-dynload/_bz2.cpython-313-x86_64-linux-gnu.so", O_RDONLY|O_CLOEXEC) = 3
2458731 openat(AT_FDCWD, "/home/u00134/bin/miniconda3/lib/python3.13/lib-dynload/../../libbz2.so.1.0", O_RDONLY|O_CLOEXEC) = 3
2458731 openat(AT_FDCWD, "/home/u00134/bin/miniconda3/lib/python3.13/__pycache__/lzma.cpython-313.pyc", O_RDONLY|O_CLOEXEC) = 3
2458731 openat(AT_FDCWD, "/home/u00134/bin/miniconda3/lib/python3.13/lib-dynload/_lzma.cpython-313-x86_64-linux-gnu.so", O_RDONLY|O_CLOEXEC) = 3
2458731 openat(AT_FDCWD, "/home/u00134/bin/miniconda3/lib/python3.13/lib-dynload/../../liblzma.so.5", O_RDONLY|O_CLOEXEC) = 3
2458731 openat(AT_FDCWD, "artifacts/hybrid_raster_extra_models_v1/inventory/INVENTORY_DISCOVERY.json", O_RDONLY|O_CLOEXEC) = 3
2458731 openat(AT_FDCWD, "artifacts/hybrid_raster_extra_models_v1/INPUTS.json", O_RDONLY|O_CLOEXEC) = 3
2458731 openat(AT_FDCWD, "/home/u00134/3dgs_line/hybrid_raster_evidence_v2/out/hybrid_raster_evidence_v2/LOCK.json", O_RDONLY|O_CLOEXEC) = 3
2458731 openat(AT_FDCWD, "/home/u00134/3dgs_line/hybrid_raster_evidence_v2/out/hybrid_raster_evidence_v2/LOCK.json", O_RDONLY|O_CLOEXEC) = 3
2458731 openat(AT_FDCWD, "/home/u00134/3dgs_line/hybrid_raster_evidence_v2/scripts/run_hybrid_raster_evidence_v2.py", O_RDONLY|O_CLOEXEC) = 3
2458731 openat(AT_FDCWD, "/home/u00134/3dgs_line/hybrid_raster_extra_models_v1/scripts/run_hybrid_raster_evidence_v2.py", O_RDONLY|O_CLOEXEC) = 3
2458731 openat(AT_FDCWD, "/home/u00134/3dgs_line/hybrid_raster_evidence_v2/src/hao_mukai_source_2026.py", O_RDONLY|O_CLOEXEC) = 3
2458731 openat(AT_FDCWD, "/home/u00134/3dgs_line/hybrid_raster_extra_models_v1/src/hao_mukai_source_2026.py", O_RDONLY|O_CLOEXEC) = 3
2458731 openat(AT_FDCWD, "/home/u00134/3dgs_line/hybrid_raster_evidence_v2/src/hybrid_raster_evidence.py", O_RDONLY|O_CLOEXEC) = 3
2458731 openat(AT_FDCWD, "/home/u00134/3dgs_line/hybrid_raster_extra_models_v1/src/hybrid_raster_evidence.py", O_RDONLY|O_CLOEXEC) = 3
2458731 openat(AT_FDCWD, "/home/u00134/3dgs_line/hybrid_raster_evidence_v2/src/hybrid_raster_io.py", O_RDONLY|O_CLOEXEC) = 3
2458731 openat(AT_FDCWD, "/home/u00134/3dgs_line/hybrid_raster_extra_models_v1/src/hybrid_raster_io.py", O_RDONLY|O_CLOEXEC) = 3
2458731 openat(AT_FDCWD, "/home/u00134/3dgs_line/hybrid_raster_evidence_v2/src/hybrid_raster_native.py", O_RDONLY|O_CLOEXEC) = 3
2458731 openat(AT_FDCWD, "/home/u00134/3dgs_line/hybrid_raster_extra_models_v1/src/hybrid_raster_native.py", O_RDONLY|O_CLOEXEC) = 3
2458731 openat(AT_FDCWD, "/home/u00134/3dgs_line/hybrid_raster_evidence_v2/src/hybrid_raster_stage.py", O_RDONLY|O_CLOEXEC) = 3
2458731 openat(AT_FDCWD, "/home/u00134/3dgs_line/hybrid_raster_extra_models_v1/src/hybrid_raster_stage.py", O_RDONLY|O_CLOEXEC) = 3
2458731 openat(AT_FDCWD, "/home/u00134/3dgs_line/hybrid_raster_evidence_v2/out/hybrid_raster_evidence_v2/LOCK.json", O_RDONLY|O_CLOEXEC) = 3
2458731 openat(AT_FDCWD, "/home/u00134/3dgs_line/hybrid_raster_extra_models_v1/out/hybrid_raster_extra_models_v1", O_RDONLY|O_NONBLOCK|O_CLOEXEC|O_DIRECTORY) = 3
2458731 openat(AT_FDCWD, "/home/u00134/3dgs_line/hybrid_raster_extra_models_v1/out/hybrid_raster_extra_models_v1/tmp", O_RDONLY|O_NONBLOCK|O_CLOEXEC|O_DIRECTORY) = 3
2458731 openat(AT_FDCWD, "/home/u00134/3dgs_line/hybrid_raster_extra_models_v1/out/hybrid_raster_extra_models_v1/logs", O_RDONLY|O_NONBLOCK|O_CLOEXEC|O_DIRECTORY) = 3
2458731 openat(AT_FDCWD, "/home/u00134/3dgs_line/hybrid_raster_extra_models_v1/out/hybrid_raster_extra_models_v1/regression_sandbox", O_RDONLY|O_NONBLOCK|O_CLOEXEC|O_DIRECTORY) = 3
2458731 openat(AT_FDCWD, "/home/u00134/3dgs_line/hybrid_raster_extra_models_v1/out/hybrid_raster_extra_models_v1/cache", O_RDONLY|O_NONBLOCK|O_CLOEXEC|O_DIRECTORY) = 3
2458731 openat(AT_FDCWD, "/home/u00134/3dgs_line/hybrid_raster_extra_models_v1/artifacts/hybrid_raster_extra_models_v1", O_RDONLY|O_NONBLOCK|O_CLOEXEC|O_DIRECTORY) = 3
2458731 openat(AT_FDCWD, "/home/u00134/3dgs_line/hybrid_raster_extra_models_v1/artifacts/hybrid_raster_extra_models_v1/independent_review", O_RDONLY|O_NONBLOCK|O_CLOEXEC|O_DIRECTORY) = 3
2458731 openat(AT_FDCWD, "/home/u00134/3dgs_line/hybrid_raster_extra_models_v1/artifacts/hybrid_raster_extra_models_v1/independent_review/logs", O_RDONLY|O_NONBLOCK|O_CLOEXEC|O_DIRECTORY) = 3
2458731 openat(AT_FDCWD, "/home/u00134/3dgs_line/hybrid_raster_extra_models_v1/artifacts/hybrid_raster_extra_models_v1/source_audit", O_RDONLY|O_NONBLOCK|O_CLOEXEC|O_DIRECTORY) = 3
2458731 openat(AT_FDCWD, "/home/u00134/3dgs_line/hybrid_raster_extra_models_v1/artifacts/hybrid_raster_extra_models_v1/inventory", O_RDONLY|O_NONBLOCK|O_CLOEXEC|O_DIRECTORY) = 3
2458731 openat(AT_FDCWD, "/home/u00134/3dgs_line/hybrid_raster_extra_models_v1/artifacts/hybrid_raster_extra_models_v1/logs", O_RDONLY|O_NONBLOCK|O_CLOEXEC|O_DIRECTORY) = 3
2458731 openat(AT_FDCWD, "artifacts/hybrid_raster_extra_models_v1/inventory/INVENTORY_DISCOVERY.json", O_RDONLY|O_CLOEXEC) = 3
2458731 openat(AT_FDCWD, "artifacts/hybrid_raster_extra_models_v1/INPUTS.json", O_RDONLY|O_CLOEXEC) = 3
2458731 openat(AT_FDCWD, "/home/u00134/cglib/data/full/hotdog/transforms_train.json", O_RDONLY|O_CLOEXEC) = 3
2458731 openat(AT_FDCWD, "/home/u00134/cglib/data/full/hotdog/transforms_train.json", O_RDONLY|O_CLOEXEC) = 3
2458731 openat(AT_FDCWD, "/home/u00134/cglib/data/full/materials/transforms_train.json", O_RDONLY|O_CLOEXEC) = 3
2458731 openat(AT_FDCWD, "/home/u00134/cglib/data/full/materials/transforms_train.json", O_RDONLY|O_CLOEXEC) = 3
2458731 openat(AT_FDCWD, "/home/u00134/cglib/data/full/mic/transforms_train.json", O_RDONLY|O_CLOEXEC) = 3
2458731 openat(AT_FDCWD, "/home/u00134/cglib/data/full/mic/transforms_train.json", O_RDONLY|O_CLOEXEC) = 3
2458731 openat(AT_FDCWD, "/home/u00134/cglib/data/full/ship/transforms_train.json", O_RDONLY|O_CLOEXEC) = 3
2458731 openat(AT_FDCWD, "/home/u00134/cglib/data/full/ship/transforms_train.json", O_RDONLY|O_CLOEXEC) = 3
2458731 openat(AT_FDCWD, "/home/u00134/3dgs_line/tier1/out/2dgs_ship/point_cloud/iteration_15000/point_cloud.ply", O_RDONLY|O_CLOEXEC) = 3
2458731 openat(AT_FDCWD, "/home/u00134/3dgs_line/tier1/out/2dgs_ship/point_cloud/iteration_15000/point_cloud.ply", O_RDONLY|O_CLOEXEC) = 3
2458731 openat(AT_FDCWD, "/home/u00134/3dgs_line/tier1/out/2dgs_ship/point_cloud/iteration_30000/point_cloud.ply", O_RDONLY|O_CLOEXEC) = 3
2458731 openat(AT_FDCWD, "/home/u00134/3dgs_line/tier1/out/2dgs_ship/point_cloud/iteration_30000/point_cloud.ply", O_RDONLY|O_CLOEXEC) = 3
2458731 openat(AT_FDCWD, "/home/u00134/3dgs_line/tier1/out/2dgs_ship/point_cloud/iteration_7000/point_cloud.ply", O_RDONLY|O_CLOEXEC) = 3
2458731 openat(AT_FDCWD, "/home/u00134/3dgs_line/tier1/out/2dgs_ship/point_cloud/iteration_7000/point_cloud.ply", O_RDONLY|O_CLOEXEC) = 3
2458731 openat(AT_FDCWD, "artifacts/hybrid_raster_extra_models_v1/independent_review/VERIFICATION.json", O_WRONLY|O_CREAT|O_TRUNC|O_CLOEXEC, 0666) = 3
2458731 +++ exited with 0 +++
