{
  "ignored_signal_records": 44,
  "successful_file_syscalls": 7121,
  "failed_file_syscalls": 1174,
  "forbidden_successful_access": [],
  "writes_outside_worktree": [],
  "unparsed": [],
  "pass": true,
  "strace_sha256": "026a276a9e1623013011203024086d9bf6ca4185d61226bcd244d72fa2a9db5a",
  "sealed_units": [
    "C_reserved",
    "F_construction",
    "chair_arc0",
    "chair_arc1",
    "drums_arc0",
    "drums_arc1",
    "ficus_arc0",
    "ficus_arc1",
    "lego_arc0",
    "lego_arc1"
  ],
  "sources_unchanged": true
}
