test_actual_near_parallel_refused (__main__.Expanded) ... PAIR_ROW fixture 0 pairs 18 accepted 0
PAIR_ROW fixture 1 pairs 27 accepted 0
PAIR_ROW fixture 2 pairs 27 accepted 0
FUSION fixture {"status": "FUSED_CANDIDATE", "raw_nodes": 27, "raw_edges": 24, "near_reciprocal_pairs": 27, "track_accepted_pairs": 0, "cluster_merges": 0, "multi_source_clusters": 0, "fused_nodes": 0, "fused_edges": 0, "duplicate_edges_removed": 0, "rejected_raw_edges": 24, "displacement_p95": 0.0, "reprojection_max": 0.0, "rejection_counts": {"near_parallel": 27}, "seconds": 0.03463602066040039}
ok
test_actual_reverse_order_matches (__main__.Expanded) ... PAIR_ROW fixture 0 pairs 18 accepted 18
PAIR_ROW fixture 1 pairs 27 accepted 27
PAIR_ROW fixture 2 pairs 27 accepted 27
FUSION fixture {"status": "FUSED_CANDIDATE", "raw_nodes": 27, "raw_edges": 24, "near_reciprocal_pairs": 27, "track_accepted_pairs": 27, "cluster_merges": 18, "multi_source_clusters": 9, "fused_nodes": 9, "fused_edges": 8, "duplicate_edges_removed": 16, "rejected_raw_edges": 0, "displacement_p95": 0.0021966146770864723, "reprojection_max": 2.384185791015625e-07, "rejection_counts": {}, "seconds": 0.05694746971130371}
ok
test_actual_rolling_distinct_support_refused (__main__.Expanded) ... PAIR_ROW fixture 0 pairs 18 accepted 0
PAIR_ROW fixture 1 pairs 27 accepted 0
PAIR_ROW fixture 2 pairs 27 accepted 0
FUSION fixture {"status": "FUSED_CANDIDATE", "raw_nodes": 27, "raw_edges": 24, "near_reciprocal_pairs": 27, "track_accepted_pairs": 0, "cluster_merges": 0, "multi_source_clusters": 0, "fused_nodes": 0, "fused_edges": 0, "duplicate_edges_removed": 0, "rejected_raw_edges": 24, "displacement_p95": 0.0, "reprojection_max": 0.0, "rejection_counts": {"no_shared_support_rolling_or_distinct": 27}, "seconds": 0.0067901611328125}
ok
test_conditional_median_differs_from_half_T (__main__.Expanded) ... ok
test_endpoint_support_is_not_edge_support (__main__.Expanded) ... ok
test_full_production_pair_cluster_fusion (__main__.Expanded) ... PAIR_ROW fixture 0 pairs 18 accepted 18
PAIR_ROW fixture 1 pairs 27 accepted 27
PAIR_ROW fixture 2 pairs 27 accepted 27
FUSION fixture {"status": "FUSED_CANDIDATE", "raw_nodes": 27, "raw_edges": 24, "near_reciprocal_pairs": 27, "track_accepted_pairs": 27, "cluster_merges": 18, "multi_source_clusters": 9, "fused_nodes": 9, "fused_edges": 8, "duplicate_edges_removed": 16, "rejected_raw_edges": 0, "displacement_p95": 0.0021966146770864723, "reprojection_max": 2.384185791015625e-07, "rejection_counts": {}, "seconds": 0.05678057670593262}
ok
test_hierarchy_nested_island (__main__.Expanded) ... ok
test_rejected_termination_contributor (__main__.Expanded) ... ok
test_source_path_no_bridge (__main__.Expanded) ... ok
test_stable_depth_tie_and_cutoff (__main__.Expanded) ... ok

----------------------------------------------------------------------
Ran 10 tests in 0.257s

OK
