test_A_preserves_inherited_rgb_and_alpha_detector (test_hybrid_raster_evidence.HybridRasterEvidenceTests) ... ok
test_complement_nulls_overlap_and_tiny_weak_structure (test_hybrid_raster_evidence.HybridRasterEvidenceTests) ... ok
test_depth_response_detects_native_step_and_masks_empty_rays (test_hybrid_raster_evidence.HybridRasterEvidenceTests) ... ok
test_empty_rays_produce_no_ink_and_keep_sentinels (test_hybrid_raster_evidence.HybridRasterEvidenceTests) ... ok
test_f_normalization_frozen_recipe_and_channel_provenance (test_hybrid_raster_evidence.HybridRasterEvidenceTests) ... ok
test_ink_matching_scales_whole_support_without_topk_deletion (test_hybrid_raster_evidence.HybridRasterEvidenceTests) ... ok
test_original_id_global_bijection_does_not_change_typed_evidence (test_hybrid_raster_evidence.HybridRasterEvidenceTests) ... ok
test_overlap_is_invariant_to_support_slot_permutation (test_hybrid_raster_evidence.HybridRasterEvidenceTests) ... ok
test_rejects_nonfinite_raw_before_author_sanitization (test_hybrid_raster_evidence.HybridRasterEvidenceTests) ... ok
test_rejects_shapes_source_mixing_and_nonphysical_weights (test_hybrid_raster_evidence.HybridRasterEvidenceTests) ... ok
test_vertical_export_typed_evidence_provenance_and_background (test_hybrid_raster_evidence.HybridRasterEvidenceTests) ... ok
test_atomic_json_default_is_immutable_and_status_can_replace (test_hybrid_raster_io.ProductionIOTests) ... ok
test_contact_sheet_preserves_entire_native_tiles (test_hybrid_raster_io.ProductionIOTests) ... ok
test_overlay_shape_and_invalid_values_rejected (test_hybrid_raster_io.ProductionIOTests) ... ok
test_repeated_corrupt_and_changed_dimension_video_are_not_promoted (test_hybrid_raster_io.ProductionIOTests) ... [mov,mp4,m4a,3gp,3g2,mj2 @ 0x3cdf5ec0] moov atom not found
ok
test_restart_rejects_partial_corrupt_context_extra_and_existing_output (test_hybrid_raster_io.ProductionIOTests) ... ok
test_vertical_frame_white_overlay_panel_atomic_seal (test_hybrid_raster_io.ProductionIOTests) ... ok
test_video_promotes_only_after_complete_distinct_decode (test_hybrid_raster_io.ProductionIOTests) ... ok
test_c_gate_requires_all_primary_f_seals_and_matching_lock (test_hybrid_raster_stage.StageContractTest) ... ok
test_complete_f_lock_releases_gate_then_detects_tamper (test_hybrid_raster_stage.StageContractTest) ... ok
test_exact_predeclared_domain_and_camera (test_hybrid_raster_stage.StageContractTest) ... ok
test_alpha_masks_background_texture_and_dedupes_near_object (test_hybrid_dense_v1.DenseHybridTests) ... ok
test_keeps_distinct_image_and_object_ink (test_hybrid_dense_v1.DenseHybridTests) ... ok
test_lines_on_same_rgb_without_geometry_change (test_hybrid_overlay_video.OverlayTests) ... ok
test_rejects_size_mismatch (test_hybrid_overlay_video.OverlayTests) ... ok
test_existing_and_new_scenes_are_supported (test_hybrid_extra_scenes.ExpandedSceneTests) ... ok
test_unknown_scene_rejected (test_hybrid_extra_scenes.ExpandedSceneTests) ... ok
test_competing_layers_activate_visibility_term (test_hao_mukai_source.PosterSourceTests) ... ok
test_smoothstep_and_support_change_gate (test_hao_mukai_source.PosterSourceTests) ... ok
test_topk_attributes_follow_weight_rank_not_depth_order (test_hao_mukai_source.PosterSourceTests) ... ok

----------------------------------------------------------------------
Ran 30 tests in 0.488s

OK
