test_A_preserves_inherited_rgb_and_alpha_detector (tests.test_hybrid_raster_evidence.HybridRasterEvidenceTests) ... ok
test_complement_nulls_overlap_and_tiny_weak_structure (tests.test_hybrid_raster_evidence.HybridRasterEvidenceTests) ... ok
test_depth_response_detects_native_step_and_masks_empty_rays (tests.test_hybrid_raster_evidence.HybridRasterEvidenceTests) ... ok
test_empty_rays_produce_no_ink_and_keep_sentinels (tests.test_hybrid_raster_evidence.HybridRasterEvidenceTests) ... ok
test_f_normalization_frozen_recipe_and_channel_provenance (tests.test_hybrid_raster_evidence.HybridRasterEvidenceTests) ... ok
test_ink_matching_scales_whole_support_without_topk_deletion (tests.test_hybrid_raster_evidence.HybridRasterEvidenceTests) ... ok
test_original_id_global_bijection_does_not_change_typed_evidence (tests.test_hybrid_raster_evidence.HybridRasterEvidenceTests) ... ok
test_overlap_is_invariant_to_support_slot_permutation (tests.test_hybrid_raster_evidence.HybridRasterEvidenceTests) ... ok
test_rejects_nonfinite_raw_before_author_sanitization (tests.test_hybrid_raster_evidence.HybridRasterEvidenceTests) ... ok
test_rejects_shapes_source_mixing_and_nonphysical_weights (tests.test_hybrid_raster_evidence.HybridRasterEvidenceTests) ... ok
test_vertical_export_typed_evidence_provenance_and_background (tests.test_hybrid_raster_evidence.HybridRasterEvidenceTests) ... ok
test_competing_layers_activate_visibility_term (tests.test_hao_mukai_source.PosterSourceTests) ... ok
test_smoothstep_and_support_change_gate (tests.test_hao_mukai_source.PosterSourceTests) ... ok
test_topk_attributes_follow_weight_rank_not_depth_order (tests.test_hao_mukai_source.PosterSourceTests) ... ok
test_alpha_masks_background_texture_and_dedupes_near_object (tests.test_hybrid_dense_v1.DenseHybridTests) ... ok
test_keeps_distinct_image_and_object_ink (tests.test_hybrid_dense_v1.DenseHybridTests) ... ok
test_lines_on_same_rgb_without_geometry_change (tests.test_hybrid_overlay_video.OverlayTests) ... ok
test_rejects_size_mismatch (tests.test_hybrid_overlay_video.OverlayTests) ... ok
test_existing_and_new_scenes_are_supported (tests.test_hybrid_extra_scenes.ExpandedSceneTests) ... ok
test_unknown_scene_rejected (tests.test_hybrid_extra_scenes.ExpandedSceneTests) ... ok

----------------------------------------------------------------------
Ran 20 tests in 0.247s

OK
