{"C_opened": true, "current_frame": "arc0_032", "current_scene": "drums", "parameter_hash": "6c4ef4afa648f54794d7094a7b21368a89e14cdbc792766441aa3d3639d487c9", "phase": "MEDIA_COMPLETE", "stage": "direction_1_same_source_raster_evidence", "updated_utc": "2026-10-02T14:27:20.187715+00:00"}
{"C_opened": true, "current_frame": "arc0_032", "current_scene": "ficus", "parameter_hash": "6c4ef4afa648f54794d7094a7b21368a89e14cdbc792766441aa3d3639d487c9", "phase": "MEDIA_COMPLETE", "stage": "direction_1_same_source_raster_evidence", "updated_utc": "2026-10-02T14:27:52.693529+00:00"}
	Command being timed: "scripts/run_hybrid_raster_evidence_v2.py --phase media --scenes drums ficus"
	User time (seconds): 101.54
	System time (seconds): 27.17
	Percent of CPU this job got: 152%
	Elapsed (wall clock) time (h:mm:ss or m:ss): 1:24.33
	Average shared text size (kbytes): 0
	Average unshared data size (kbytes): 0
	Average stack size (kbytes): 0
	Average total size (kbytes): 0
	Maximum resident set size (kbytes): 698388
	Average resident set size (kbytes): 0
	Major (requiring I/O) page faults: 0
	Minor (reclaiming a frame) page faults: 1286392
	Voluntary context switches: 16249
	Involuntary context switches: 10264202
	Swaps: 0
	File system inputs: 8
	File system outputs: 275968
	Socket messages sent: 0
	Socket messages received: 0
	Signals delivered: 0
	Page size (bytes): 4096
	Exit status: 0
