{"C_opened": true, "current_frame": "F_001", "current_scene": "drums", "parameter_hash": "6c4ef4afa648f54794d7094a7b21368a89e14cdbc792766441aa3d3639d487c9", "phase": "EXTRA_EVALUATION", "stage": "direction_1_same_source_raster_evidence", "updated_utc": "2026-10-02T14:05:52.777089+00:00"}
SEALED drums F_001
{"C_opened": true, "current_frame": "F_014", "current_scene": "drums", "parameter_hash": "6c4ef4afa648f54794d7094a7b21368a89e14cdbc792766441aa3d3639d487c9", "phase": "EXTRA_EVALUATION", "stage": "direction_1_same_source_raster_evidence", "updated_utc": "2026-10-02T14:06:08.837614+00:00"}
SEALED drums F_014
{"C_opened": true, "current_frame": "F_027", "current_scene": "drums", "parameter_hash": "6c4ef4afa648f54794d7094a7b21368a89e14cdbc792766441aa3d3639d487c9", "phase": "EXTRA_EVALUATION", "stage": "direction_1_same_source_raster_evidence", "updated_utc": "2026-10-02T14:06:21.815687+00:00"}
SEALED drums F_027
{"C_opened": true, "current_frame": "F_041", "current_scene": "drums", "parameter_hash": "6c4ef4afa648f54794d7094a7b21368a89e14cdbc792766441aa3d3639d487c9", "phase": "EXTRA_EVALUATION", "stage": "direction_1_same_source_raster_evidence", "updated_utc": "2026-10-02T14:06:35.007966+00:00"}
SEALED drums F_041
{"C_opened": true, "current_frame": "F_053", "current_scene": "drums", "parameter_hash": "6c4ef4afa648f54794d7094a7b21368a89e14cdbc792766441aa3d3639d487c9", "phase": "EXTRA_EVALUATION", "stage": "direction_1_same_source_raster_evidence", "updated_utc": "2026-10-02T14:06:48.766893+00:00"}
SEALED drums F_053
{"C_opened": true, "current_frame": "F_067", "current_scene": "drums", "parameter_hash": "6c4ef4afa648f54794d7094a7b21368a89e14cdbc792766441aa3d3639d487c9", "phase": "EXTRA_EVALUATION", "stage": "direction_1_same_source_raster_evidence", "updated_utc": "2026-10-02T14:07:01.536006+00:00"}
SEALED drums F_067
{"C_opened": true, "current_frame": "F_079", "current_scene": "drums", "parameter_hash": "6c4ef4afa648f54794d7094a7b21368a89e14cdbc792766441aa3d3639d487c9", "phase": "EXTRA_EVALUATION", "stage": "direction_1_same_source_raster_evidence", "updated_utc": "2026-10-02T14:07:16.000541+00:00"}
SEALED drums F_079
{"C_opened": true, "current_frame": "F_093", "current_scene": "drums", "parameter_hash": "6c4ef4afa648f54794d7094a7b21368a89e14cdbc792766441aa3d3639d487c9", "phase": "EXTRA_EVALUATION", "stage": "direction_1_same_source_raster_evidence", "updated_utc": "2026-10-02T14:07:30.526319+00:00"}
SEALED drums F_093
{"C_opened": true, "current_frame": "C_007", "current_scene": "drums", "parameter_hash": "6c4ef4afa648f54794d7094a7b21368a89e14cdbc792766441aa3d3639d487c9", "phase": "EXTRA_EVALUATION", "stage": "direction_1_same_source_raster_evidence", "updated_utc": "2026-10-02T14:07:43.370375+00:00"}
SEALED drums C_007
{"C_opened": true, "current_frame": "C_021", "current_scene": "drums", "parameter_hash": "6c4ef4afa648f54794d7094a7b21368a89e14cdbc792766441aa3d3639d487c9", "phase": "EXTRA_EVALUATION", "stage": "direction_1_same_source_raster_evidence", "updated_utc": "2026-10-02T14:07:56.795748+00:00"}
SEALED drums C_021
{"C_opened": true, "current_frame": "C_033", "current_scene": "drums", "parameter_hash": "6c4ef4afa648f54794d7094a7b21368a89e14cdbc792766441aa3d3639d487c9", "phase": "EXTRA_EVALUATION", "stage": "direction_1_same_source_raster_evidence", "updated_utc": "2026-10-02T14:08:10.348460+00:00"}
SEALED drums C_033
{"C_opened": true, "current_frame": "C_047", "current_scene": "drums", "parameter_hash": "6c4ef4afa648f54794d7094a7b21368a89e14cdbc792766441aa3d3639d487c9", "phase": "EXTRA_EVALUATION", "stage": "direction_1_same_source_raster_evidence", "updated_utc": "2026-10-02T14:08:23.279398+00:00"}
SEALED drums C_047
{"C_opened": true, "current_frame": "C_059", "current_scene": "drums", "parameter_hash": "6c4ef4afa648f54794d7094a7b21368a89e14cdbc792766441aa3d3639d487c9", "phase": "EXTRA_EVALUATION", "stage": "direction_1_same_source_raster_evidence", "updated_utc": "2026-10-02T14:08:36.539687+00:00"}
SEALED drums C_059
{"C_opened": true, "current_frame": "C_073", "current_scene": "drums", "parameter_hash": "6c4ef4afa648f54794d7094a7b21368a89e14cdbc792766441aa3d3639d487c9", "phase": "EXTRA_EVALUATION", "stage": "direction_1_same_source_raster_evidence", "updated_utc": "2026-10-02T14:08:49.816863+00:00"}
SEALED drums C_073
{"C_opened": true, "current_frame": "C_086", "current_scene": "drums", "parameter_hash": "6c4ef4afa648f54794d7094a7b21368a89e14cdbc792766441aa3d3639d487c9", "phase": "EXTRA_EVALUATION", "stage": "direction_1_same_source_raster_evidence", "updated_utc": "2026-10-02T14:09:03.283291+00:00"}
SEALED drums C_086
{"C_opened": true, "current_frame": "C_099", "current_scene": "drums", "parameter_hash": "6c4ef4afa648f54794d7094a7b21368a89e14cdbc792766441aa3d3639d487c9", "phase": "EXTRA_EVALUATION", "stage": "direction_1_same_source_raster_evidence", "updated_utc": "2026-10-02T14:09:15.949443+00:00"}
SEALED drums C_099
{"C_opened": true, "current_frame": "arc0_000", "current_scene": "drums", "parameter_hash": "6c4ef4afa648f54794d7094a7b21368a89e14cdbc792766441aa3d3639d487c9", "phase": "EXTRA_EVALUATION", "stage": "direction_1_same_source_raster_evidence", "updated_utc": "2026-10-02T14:09:29.377214+00:00"}
SEALED drums arc0_000
{"C_opened": true, "current_frame": "arc0_001", "current_scene": "drums", "parameter_hash": "6c4ef4afa648f54794d7094a7b21368a89e14cdbc792766441aa3d3639d487c9", "phase": "EXTRA_EVALUATION", "stage": "direction_1_same_source_raster_evidence", "updated_utc": "2026-10-02T14:09:42.411554+00:00"}
SEALED drums arc0_001
{"C_opened": true, "current_frame": "arc0_002", "current_scene": "drums", "parameter_hash": "6c4ef4afa648f54794d7094a7b21368a89e14cdbc792766441aa3d3639d487c9", "phase": "EXTRA_EVALUATION", "stage": "direction_1_same_source_raster_evidence", "updated_utc": "2026-10-02T14:09:55.740299+00:00"}
SEALED drums arc0_002
{"C_opened": true, "current_frame": "arc0_003", "current_scene": "drums", "parameter_hash": "6c4ef4afa648f54794d7094a7b21368a89e14cdbc792766441aa3d3639d487c9", "phase": "EXTRA_EVALUATION", "stage": "direction_1_same_source_raster_evidence", "updated_utc": "2026-10-02T14:10:08.520219+00:00"}
SEALED drums arc0_003
{"C_opened": true, "current_frame": "arc0_004", "current_scene": "drums", "parameter_hash": "6c4ef4afa648f54794d7094a7b21368a89e14cdbc792766441aa3d3639d487c9", "phase": "EXTRA_EVALUATION", "stage": "direction_1_same_source_raster_evidence", "updated_utc": "2026-10-02T14:10:21.788503+00:00"}
SEALED drums arc0_004
{"C_opened": true, "current_frame": "arc0_005", "current_scene": "drums", "parameter_hash": "6c4ef4afa648f54794d7094a7b21368a89e14cdbc792766441aa3d3639d487c9", "phase": "EXTRA_EVALUATION", "stage": "direction_1_same_source_raster_evidence", "updated_utc": "2026-10-02T14:10:35.102438+00:00"}
SEALED drums arc0_005
{"C_opened": true, "current_frame": "arc0_006", "current_scene": "drums", "parameter_hash": "6c4ef4afa648f54794d7094a7b21368a89e14cdbc792766441aa3d3639d487c9", "phase": "EXTRA_EVALUATION", "stage": "direction_1_same_source_raster_evidence", "updated_utc": "2026-10-02T14:10:48.380545+00:00"}
SEALED drums arc0_006
{"C_opened": true, "current_frame": "arc0_007", "current_scene": "drums", "parameter_hash": "6c4ef4afa648f54794d7094a7b21368a89e14cdbc792766441aa3d3639d487c9", "phase": "EXTRA_EVALUATION", "stage": "direction_1_same_source_raster_evidence", "updated_utc": "2026-10-02T14:11:01.485708+00:00"}
SEALED drums arc0_007
{"C_opened": true, "current_frame": "arc0_008", "current_scene": "drums", "parameter_hash": "6c4ef4afa648f54794d7094a7b21368a89e14cdbc792766441aa3d3639d487c9", "phase": "EXTRA_EVALUATION", "stage": "direction_1_same_source_raster_evidence", "updated_utc": "2026-10-02T14:11:14.886910+00:00"}
SEALED drums arc0_008
{"C_opened": true, "current_frame": "arc0_009", "current_scene": "drums", "parameter_hash": "6c4ef4afa648f54794d7094a7b21368a89e14cdbc792766441aa3d3639d487c9", "phase": "EXTRA_EVALUATION", "stage": "direction_1_same_source_raster_evidence", "updated_utc": "2026-10-02T14:11:28.149122+00:00"}
SEALED drums arc0_009
{"C_opened": true, "current_frame": "arc0_010", "current_scene": "drums", "parameter_hash": "6c4ef4afa648f54794d7094a7b21368a89e14cdbc792766441aa3d3639d487c9", "phase": "EXTRA_EVALUATION", "stage": "direction_1_same_source_raster_evidence", "updated_utc": "2026-10-02T14:11:41.452819+00:00"}
SEALED drums arc0_010
{"C_opened": true, "current_frame": "arc0_011", "current_scene": "drums", "parameter_hash": "6c4ef4afa648f54794d7094a7b21368a89e14cdbc792766441aa3d3639d487c9", "phase": "EXTRA_EVALUATION", "stage": "direction_1_same_source_raster_evidence", "updated_utc": "2026-10-02T14:11:54.589836+00:00"}
SEALED drums arc0_011
{"C_opened": true, "current_frame": "arc0_012", "current_scene": "drums", "parameter_hash": "6c4ef4afa648f54794d7094a7b21368a89e14cdbc792766441aa3d3639d487c9", "phase": "EXTRA_EVALUATION", "stage": "direction_1_same_source_raster_evidence", "updated_utc": "2026-10-02T14:12:07.917977+00:00"}
SEALED drums arc0_012
{"C_opened": true, "current_frame": "arc0_013", "current_scene": "drums", "parameter_hash": "6c4ef4afa648f54794d7094a7b21368a89e14cdbc792766441aa3d3639d487c9", "phase": "EXTRA_EVALUATION", "stage": "direction_1_same_source_raster_evidence", "updated_utc": "2026-10-02T14:12:21.021485+00:00"}
SEALED drums arc0_013
{"C_opened": true, "current_frame": "arc0_014", "current_scene": "drums", "parameter_hash": "6c4ef4afa648f54794d7094a7b21368a89e14cdbc792766441aa3d3639d487c9", "phase": "EXTRA_EVALUATION", "stage": "direction_1_same_source_raster_evidence", "updated_utc": "2026-10-02T14:12:34.275797+00:00"}
SEALED drums arc0_014
{"C_opened": true, "current_frame": "arc0_015", "current_scene": "drums", "parameter_hash": "6c4ef4afa648f54794d7094a7b21368a89e14cdbc792766441aa3d3639d487c9", "phase": "EXTRA_EVALUATION", "stage": "direction_1_same_source_raster_evidence", "updated_utc": "2026-10-02T14:12:47.525349+00:00"}
SEALED drums arc0_015
{"C_opened": true, "current_frame": "arc0_016", "current_scene": "drums", "parameter_hash": "6c4ef4afa648f54794d7094a7b21368a89e14cdbc792766441aa3d3639d487c9", "phase": "EXTRA_EVALUATION", "stage": "direction_1_same_source_raster_evidence", "updated_utc": "2026-10-02T14:13:00.824123+00:00"}
SEALED drums arc0_016
{"C_opened": true, "current_frame": "arc0_017", "current_scene": "drums", "parameter_hash": "6c4ef4afa648f54794d7094a7b21368a89e14cdbc792766441aa3d3639d487c9", "phase": "EXTRA_EVALUATION", "stage": "direction_1_same_source_raster_evidence", "updated_utc": "2026-10-02T14:13:13.747855+00:00"}
SEALED drums arc0_017
{"C_opened": true, "current_frame": "arc0_018", "current_scene": "drums", "parameter_hash": "6c4ef4afa648f54794d7094a7b21368a89e14cdbc792766441aa3d3639d487c9", "phase": "EXTRA_EVALUATION", "stage": "direction_1_same_source_raster_evidence", "updated_utc": "2026-10-02T14:13:27.093156+00:00"}
SEALED drums arc0_018
{"C_opened": true, "current_frame": "arc0_019", "current_scene": "drums", "parameter_hash": "6c4ef4afa648f54794d7094a7b21368a89e14cdbc792766441aa3d3639d487c9", "phase": "EXTRA_EVALUATION", "stage": "direction_1_same_source_raster_evidence", "updated_utc": "2026-10-02T14:13:39.919221+00:00"}
SEALED drums arc0_019
{"C_opened": true, "current_frame": "arc0_020", "current_scene": "drums", "parameter_hash": "6c4ef4afa648f54794d7094a7b21368a89e14cdbc792766441aa3d3639d487c9", "phase": "EXTRA_EVALUATION", "stage": "direction_1_same_source_raster_evidence", "updated_utc": "2026-10-02T14:13:53.172426+00:00"}
SEALED drums arc0_020
{"C_opened": true, "current_frame": "arc0_021", "current_scene": "drums", "parameter_hash": "6c4ef4afa648f54794d7094a7b21368a89e14cdbc792766441aa3d3639d487c9", "phase": "EXTRA_EVALUATION", "stage": "direction_1_same_source_raster_evidence", "updated_utc": "2026-10-02T14:14:06.709133+00:00"}
SEALED drums arc0_021
{"C_opened": true, "current_frame": "arc0_022", "current_scene": "drums", "parameter_hash": "6c4ef4afa648f54794d7094a7b21368a89e14cdbc792766441aa3d3639d487c9", "phase": "EXTRA_EVALUATION", "stage": "direction_1_same_source_raster_evidence", "updated_utc": "2026-10-02T14:14:20.132836+00:00"}
SEALED drums arc0_022
{"C_opened": true, "current_frame": "arc0_023", "current_scene": "drums", "parameter_hash": "6c4ef4afa648f54794d7094a7b21368a89e14cdbc792766441aa3d3639d487c9", "phase": "EXTRA_EVALUATION", "stage": "direction_1_same_source_raster_evidence", "updated_utc": "2026-10-02T14:14:33.439137+00:00"}
SEALED drums arc0_023
{"C_opened": true, "current_frame": "arc0_024", "current_scene": "drums", "parameter_hash": "6c4ef4afa648f54794d7094a7b21368a89e14cdbc792766441aa3d3639d487c9", "phase": "EXTRA_EVALUATION", "stage": "direction_1_same_source_raster_evidence", "updated_utc": "2026-10-02T14:14:46.836640+00:00"}
SEALED drums arc0_024
{"C_opened": true, "current_frame": "arc0_025", "current_scene": "drums", "parameter_hash": "6c4ef4afa648f54794d7094a7b21368a89e14cdbc792766441aa3d3639d487c9", "phase": "EXTRA_EVALUATION", "stage": "direction_1_same_source_raster_evidence", "updated_utc": "2026-10-02T14:15:00.221375+00:00"}
SEALED drums arc0_025
{"C_opened": true, "current_frame": "arc0_026", "current_scene": "drums", "parameter_hash": "6c4ef4afa648f54794d7094a7b21368a89e14cdbc792766441aa3d3639d487c9", "phase": "EXTRA_EVALUATION", "stage": "direction_1_same_source_raster_evidence", "updated_utc": "2026-10-02T14:15:13.450776+00:00"}
SEALED drums arc0_026
{"C_opened": true, "current_frame": "arc0_027", "current_scene": "drums", "parameter_hash": "6c4ef4afa648f54794d7094a7b21368a89e14cdbc792766441aa3d3639d487c9", "phase": "EXTRA_EVALUATION", "stage": "direction_1_same_source_raster_evidence", "updated_utc": "2026-10-02T14:15:26.694804+00:00"}
SEALED drums arc0_027
{"C_opened": true, "current_frame": "arc0_028", "current_scene": "drums", "parameter_hash": "6c4ef4afa648f54794d7094a7b21368a89e14cdbc792766441aa3d3639d487c9", "phase": "EXTRA_EVALUATION", "stage": "direction_1_same_source_raster_evidence", "updated_utc": "2026-10-02T14:15:39.758260+00:00"}
SEALED drums arc0_028
{"C_opened": true, "current_frame": "arc0_029", "current_scene": "drums", "parameter_hash": "6c4ef4afa648f54794d7094a7b21368a89e14cdbc792766441aa3d3639d487c9", "phase": "EXTRA_EVALUATION", "stage": "direction_1_same_source_raster_evidence", "updated_utc": "2026-10-02T14:15:53.030283+00:00"}
SEALED drums arc0_029
{"C_opened": true, "current_frame": "arc0_030", "current_scene": "drums", "parameter_hash": "6c4ef4afa648f54794d7094a7b21368a89e14cdbc792766441aa3d3639d487c9", "phase": "EXTRA_EVALUATION", "stage": "direction_1_same_source_raster_evidence", "updated_utc": "2026-10-02T14:16:06.483984+00:00"}
SEALED drums arc0_030
{"C_opened": true, "current_frame": "arc0_031", "current_scene": "drums", "parameter_hash": "6c4ef4afa648f54794d7094a7b21368a89e14cdbc792766441aa3d3639d487c9", "phase": "EXTRA_EVALUATION", "stage": "direction_1_same_source_raster_evidence", "updated_utc": "2026-10-02T14:16:19.867289+00:00"}
SEALED drums arc0_031
{"C_opened": true, "current_frame": "arc0_032", "current_scene": "drums", "parameter_hash": "6c4ef4afa648f54794d7094a7b21368a89e14cdbc792766441aa3d3639d487c9", "phase": "EXTRA_EVALUATION", "stage": "direction_1_same_source_raster_evidence", "updated_utc": "2026-10-02T14:16:33.326218+00:00"}
SEALED drums arc0_032
{"C_opened": true, "current_frame": "F_001", "current_scene": "ficus", "parameter_hash": "6c4ef4afa648f54794d7094a7b21368a89e14cdbc792766441aa3d3639d487c9", "phase": "EXTRA_EVALUATION", "stage": "direction_1_same_source_raster_evidence", "updated_utc": "2026-10-02T14:16:47.495859+00:00"}
SEALED ficus F_001
{"C_opened": true, "current_frame": "F_014", "current_scene": "ficus", "parameter_hash": "6c4ef4afa648f54794d7094a7b21368a89e14cdbc792766441aa3d3639d487c9", "phase": "EXTRA_EVALUATION", "stage": "direction_1_same_source_raster_evidence", "updated_utc": "2026-10-02T14:16:58.226829+00:00"}
SEALED ficus F_014
{"C_opened": true, "current_frame": "F_027", "current_scene": "ficus", "parameter_hash": "6c4ef4afa648f54794d7094a7b21368a89e14cdbc792766441aa3d3639d487c9", "phase": "EXTRA_EVALUATION", "stage": "direction_1_same_source_raster_evidence", "updated_utc": "2026-10-02T14:17:08.032491+00:00"}
SEALED ficus F_027
{"C_opened": true, "current_frame": "F_041", "current_scene": "ficus", "parameter_hash": "6c4ef4afa648f54794d7094a7b21368a89e14cdbc792766441aa3d3639d487c9", "phase": "EXTRA_EVALUATION", "stage": "direction_1_same_source_raster_evidence", "updated_utc": "2026-10-02T14:17:19.523363+00:00"}
SEALED ficus F_041
{"C_opened": true, "current_frame": "F_053", "current_scene": "ficus", "parameter_hash": "6c4ef4afa648f54794d7094a7b21368a89e14cdbc792766441aa3d3639d487c9", "phase": "EXTRA_EVALUATION", "stage": "direction_1_same_source_raster_evidence", "updated_utc": "2026-10-02T14:17:30.756690+00:00"}
SEALED ficus F_053
{"C_opened": true, "current_frame": "F_067", "current_scene": "ficus", "parameter_hash": "6c4ef4afa648f54794d7094a7b21368a89e14cdbc792766441aa3d3639d487c9", "phase": "EXTRA_EVALUATION", "stage": "direction_1_same_source_raster_evidence", "updated_utc": "2026-10-02T14:17:41.706726+00:00"}
SEALED ficus F_067
{"C_opened": true, "current_frame": "F_079", "current_scene": "ficus", "parameter_hash": "6c4ef4afa648f54794d7094a7b21368a89e14cdbc792766441aa3d3639d487c9", "phase": "EXTRA_EVALUATION", "stage": "direction_1_same_source_raster_evidence", "updated_utc": "2026-10-02T14:17:52.737529+00:00"}
SEALED ficus F_079
{"C_opened": true, "current_frame": "F_093", "current_scene": "ficus", "parameter_hash": "6c4ef4afa648f54794d7094a7b21368a89e14cdbc792766441aa3d3639d487c9", "phase": "EXTRA_EVALUATION", "stage": "direction_1_same_source_raster_evidence", "updated_utc": "2026-10-02T14:18:03.844419+00:00"}
SEALED ficus F_093
{"C_opened": true, "current_frame": "C_007", "current_scene": "ficus", "parameter_hash": "6c4ef4afa648f54794d7094a7b21368a89e14cdbc792766441aa3d3639d487c9", "phase": "EXTRA_EVALUATION", "stage": "direction_1_same_source_raster_evidence", "updated_utc": "2026-10-02T14:18:14.385079+00:00"}
SEALED ficus C_007
{"C_opened": true, "current_frame": "C_021", "current_scene": "ficus", "parameter_hash": "6c4ef4afa648f54794d7094a7b21368a89e14cdbc792766441aa3d3639d487c9", "phase": "EXTRA_EVALUATION", "stage": "direction_1_same_source_raster_evidence", "updated_utc": "2026-10-02T14:18:25.492772+00:00"}
SEALED ficus C_021
{"C_opened": true, "current_frame": "C_033", "current_scene": "ficus", "parameter_hash": "6c4ef4afa648f54794d7094a7b21368a89e14cdbc792766441aa3d3639d487c9", "phase": "EXTRA_EVALUATION", "stage": "direction_1_same_source_raster_evidence", "updated_utc": "2026-10-02T14:18:36.648590+00:00"}
SEALED ficus C_033
{"C_opened": true, "current_frame": "C_047", "current_scene": "ficus", "parameter_hash": "6c4ef4afa648f54794d7094a7b21368a89e14cdbc792766441aa3d3639d487c9", "phase": "EXTRA_EVALUATION", "stage": "direction_1_same_source_raster_evidence", "updated_utc": "2026-10-02T14:18:48.224172+00:00"}
SEALED ficus C_047
{"C_opened": true, "current_frame": "C_059", "current_scene": "ficus", "parameter_hash": "6c4ef4afa648f54794d7094a7b21368a89e14cdbc792766441aa3d3639d487c9", "phase": "EXTRA_EVALUATION", "stage": "direction_1_same_source_raster_evidence", "updated_utc": "2026-10-02T14:18:58.054684+00:00"}
SEALED ficus C_059
{"C_opened": true, "current_frame": "C_073", "current_scene": "ficus", "parameter_hash": "6c4ef4afa648f54794d7094a7b21368a89e14cdbc792766441aa3d3639d487c9", "phase": "EXTRA_EVALUATION", "stage": "direction_1_same_source_raster_evidence", "updated_utc": "2026-10-02T14:19:09.513881+00:00"}
SEALED ficus C_073
{"C_opened": true, "current_frame": "C_086", "current_scene": "ficus", "parameter_hash": "6c4ef4afa648f54794d7094a7b21368a89e14cdbc792766441aa3d3639d487c9", "phase": "EXTRA_EVALUATION", "stage": "direction_1_same_source_raster_evidence", "updated_utc": "2026-10-02T14:19:20.838968+00:00"}
SEALED ficus C_086
{"C_opened": true, "current_frame": "C_099", "current_scene": "ficus", "parameter_hash": "6c4ef4afa648f54794d7094a7b21368a89e14cdbc792766441aa3d3639d487c9", "phase": "EXTRA_EVALUATION", "stage": "direction_1_same_source_raster_evidence", "updated_utc": "2026-10-02T14:19:32.227820+00:00"}
SEALED ficus C_099
{"C_opened": true, "current_frame": "arc0_000", "current_scene": "ficus", "parameter_hash": "6c4ef4afa648f54794d7094a7b21368a89e14cdbc792766441aa3d3639d487c9", "phase": "EXTRA_EVALUATION", "stage": "direction_1_same_source_raster_evidence", "updated_utc": "2026-10-02T14:19:43.006363+00:00"}
SEALED ficus arc0_000
{"C_opened": true, "current_frame": "arc0_001", "current_scene": "ficus", "parameter_hash": "6c4ef4afa648f54794d7094a7b21368a89e14cdbc792766441aa3d3639d487c9", "phase": "EXTRA_EVALUATION", "stage": "direction_1_same_source_raster_evidence", "updated_utc": "2026-10-02T14:19:54.233925+00:00"}
SEALED ficus arc0_001
{"C_opened": true, "current_frame": "arc0_002", "current_scene": "ficus", "parameter_hash": "6c4ef4afa648f54794d7094a7b21368a89e14cdbc792766441aa3d3639d487c9", "phase": "EXTRA_EVALUATION", "stage": "direction_1_same_source_raster_evidence", "updated_utc": "2026-10-02T14:20:11.358563+00:00"}
SEALED ficus arc0_002
{"C_opened": true, "current_frame": "arc0_003", "current_scene": "ficus", "parameter_hash": "6c4ef4afa648f54794d7094a7b21368a89e14cdbc792766441aa3d3639d487c9", "phase": "EXTRA_EVALUATION", "stage": "direction_1_same_source_raster_evidence", "updated_utc": "2026-10-02T14:20:22.512843+00:00"}
SEALED ficus arc0_003
{"C_opened": true, "current_frame": "arc0_004", "current_scene": "ficus", "parameter_hash": "6c4ef4afa648f54794d7094a7b21368a89e14cdbc792766441aa3d3639d487c9", "phase": "EXTRA_EVALUATION", "stage": "direction_1_same_source_raster_evidence", "updated_utc": "2026-10-02T14:20:33.478957+00:00"}
SEALED ficus arc0_004
{"C_opened": true, "current_frame": "arc0_005", "current_scene": "ficus", "parameter_hash": "6c4ef4afa648f54794d7094a7b21368a89e14cdbc792766441aa3d3639d487c9", "phase": "EXTRA_EVALUATION", "stage": "direction_1_same_source_raster_evidence", "updated_utc": "2026-10-02T14:20:43.912742+00:00"}
SEALED ficus arc0_005
{"C_opened": true, "current_frame": "arc0_006", "current_scene": "ficus", "parameter_hash": "6c4ef4afa648f54794d7094a7b21368a89e14cdbc792766441aa3d3639d487c9", "phase": "EXTRA_EVALUATION", "stage": "direction_1_same_source_raster_evidence", "updated_utc": "2026-10-02T14:20:54.809475+00:00"}
SEALED ficus arc0_006
{"C_opened": true, "current_frame": "arc0_007", "current_scene": "ficus", "parameter_hash": "6c4ef4afa648f54794d7094a7b21368a89e14cdbc792766441aa3d3639d487c9", "phase": "EXTRA_EVALUATION", "stage": "direction_1_same_source_raster_evidence", "updated_utc": "2026-10-02T14:21:05.761738+00:00"}
SEALED ficus arc0_007
{"C_opened": true, "current_frame": "arc0_008", "current_scene": "ficus", "parameter_hash": "6c4ef4afa648f54794d7094a7b21368a89e14cdbc792766441aa3d3639d487c9", "phase": "EXTRA_EVALUATION", "stage": "direction_1_same_source_raster_evidence", "updated_utc": "2026-10-02T14:21:16.764467+00:00"}
SEALED ficus arc0_008
{"C_opened": true, "current_frame": "arc0_009", "current_scene": "ficus", "parameter_hash": "6c4ef4afa648f54794d7094a7b21368a89e14cdbc792766441aa3d3639d487c9", "phase": "EXTRA_EVALUATION", "stage": "direction_1_same_source_raster_evidence", "updated_utc": "2026-10-02T14:21:27.592650+00:00"}
SEALED ficus arc0_009
{"C_opened": true, "current_frame": "arc0_010", "current_scene": "ficus", "parameter_hash": "6c4ef4afa648f54794d7094a7b21368a89e14cdbc792766441aa3d3639d487c9", "phase": "EXTRA_EVALUATION", "stage": "direction_1_same_source_raster_evidence", "updated_utc": "2026-10-02T14:21:38.483186+00:00"}
SEALED ficus arc0_010
{"C_opened": true, "current_frame": "arc0_011", "current_scene": "ficus", "parameter_hash": "6c4ef4afa648f54794d7094a7b21368a89e14cdbc792766441aa3d3639d487c9", "phase": "EXTRA_EVALUATION", "stage": "direction_1_same_source_raster_evidence", "updated_utc": "2026-10-02T14:21:49.351837+00:00"}
SEALED ficus arc0_011
{"C_opened": true, "current_frame": "arc0_012", "current_scene": "ficus", "parameter_hash": "6c4ef4afa648f54794d7094a7b21368a89e14cdbc792766441aa3d3639d487c9", "phase": "EXTRA_EVALUATION", "stage": "direction_1_same_source_raster_evidence", "updated_utc": "2026-10-02T14:22:00.197965+00:00"}
SEALED ficus arc0_012
{"C_opened": true, "current_frame": "arc0_013", "current_scene": "ficus", "parameter_hash": "6c4ef4afa648f54794d7094a7b21368a89e14cdbc792766441aa3d3639d487c9", "phase": "EXTRA_EVALUATION", "stage": "direction_1_same_source_raster_evidence", "updated_utc": "2026-10-02T14:22:10.925923+00:00"}
SEALED ficus arc0_013
{"C_opened": true, "current_frame": "arc0_014", "current_scene": "ficus", "parameter_hash": "6c4ef4afa648f54794d7094a7b21368a89e14cdbc792766441aa3d3639d487c9", "phase": "EXTRA_EVALUATION", "stage": "direction_1_same_source_raster_evidence", "updated_utc": "2026-10-02T14:22:21.552095+00:00"}
SEALED ficus arc0_014
{"C_opened": true, "current_frame": "arc0_015", "current_scene": "ficus", "parameter_hash": "6c4ef4afa648f54794d7094a7b21368a89e14cdbc792766441aa3d3639d487c9", "phase": "EXTRA_EVALUATION", "stage": "direction_1_same_source_raster_evidence", "updated_utc": "2026-10-02T14:22:32.222156+00:00"}
SEALED ficus arc0_015
{"C_opened": true, "current_frame": "arc0_016", "current_scene": "ficus", "parameter_hash": "6c4ef4afa648f54794d7094a7b21368a89e14cdbc792766441aa3d3639d487c9", "phase": "EXTRA_EVALUATION", "stage": "direction_1_same_source_raster_evidence", "updated_utc": "2026-10-02T14:22:42.816352+00:00"}
SEALED ficus arc0_016
{"C_opened": true, "current_frame": "arc0_017", "current_scene": "ficus", "parameter_hash": "6c4ef4afa648f54794d7094a7b21368a89e14cdbc792766441aa3d3639d487c9", "phase": "EXTRA_EVALUATION", "stage": "direction_1_same_source_raster_evidence", "updated_utc": "2026-10-02T14:22:53.640582+00:00"}
SEALED ficus arc0_017
{"C_opened": true, "current_frame": "arc0_018", "current_scene": "ficus", "parameter_hash": "6c4ef4afa648f54794d7094a7b21368a89e14cdbc792766441aa3d3639d487c9", "phase": "EXTRA_EVALUATION", "stage": "direction_1_same_source_raster_evidence", "updated_utc": "2026-10-02T14:23:04.606026+00:00"}
SEALED ficus arc0_018
{"C_opened": true, "current_frame": "arc0_019", "current_scene": "ficus", "parameter_hash": "6c4ef4afa648f54794d7094a7b21368a89e14cdbc792766441aa3d3639d487c9", "phase": "EXTRA_EVALUATION", "stage": "direction_1_same_source_raster_evidence", "updated_utc": "2026-10-02T14:23:14.993837+00:00"}
SEALED ficus arc0_019
{"C_opened": true, "current_frame": "arc0_020", "current_scene": "ficus", "parameter_hash": "6c4ef4afa648f54794d7094a7b21368a89e14cdbc792766441aa3d3639d487c9", "phase": "EXTRA_EVALUATION", "stage": "direction_1_same_source_raster_evidence", "updated_utc": "2026-10-02T14:23:25.897817+00:00"}
SEALED ficus arc0_020
{"C_opened": true, "current_frame": "arc0_021", "current_scene": "ficus", "parameter_hash": "6c4ef4afa648f54794d7094a7b21368a89e14cdbc792766441aa3d3639d487c9", "phase": "EXTRA_EVALUATION", "stage": "direction_1_same_source_raster_evidence", "updated_utc": "2026-10-02T14:23:36.497411+00:00"}
SEALED ficus arc0_021
{"C_opened": true, "current_frame": "arc0_022", "current_scene": "ficus", "parameter_hash": "6c4ef4afa648f54794d7094a7b21368a89e14cdbc792766441aa3d3639d487c9", "phase": "EXTRA_EVALUATION", "stage": "direction_1_same_source_raster_evidence", "updated_utc": "2026-10-02T14:23:47.116218+00:00"}
SEALED ficus arc0_022
{"C_opened": true, "current_frame": "arc0_023", "current_scene": "ficus", "parameter_hash": "6c4ef4afa648f54794d7094a7b21368a89e14cdbc792766441aa3d3639d487c9", "phase": "EXTRA_EVALUATION", "stage": "direction_1_same_source_raster_evidence", "updated_utc": "2026-10-02T14:23:58.035816+00:00"}
SEALED ficus arc0_023
{"C_opened": true, "current_frame": "arc0_024", "current_scene": "ficus", "parameter_hash": "6c4ef4afa648f54794d7094a7b21368a89e14cdbc792766441aa3d3639d487c9", "phase": "EXTRA_EVALUATION", "stage": "direction_1_same_source_raster_evidence", "updated_utc": "2026-10-02T14:24:08.941728+00:00"}
SEALED ficus arc0_024
{"C_opened": true, "current_frame": "arc0_025", "current_scene": "ficus", "parameter_hash": "6c4ef4afa648f54794d7094a7b21368a89e14cdbc792766441aa3d3639d487c9", "phase": "EXTRA_EVALUATION", "stage": "direction_1_same_source_raster_evidence", "updated_utc": "2026-10-02T14:24:19.805891+00:00"}
SEALED ficus arc0_025
{"C_opened": true, "current_frame": "arc0_026", "current_scene": "ficus", "parameter_hash": "6c4ef4afa648f54794d7094a7b21368a89e14cdbc792766441aa3d3639d487c9", "phase": "EXTRA_EVALUATION", "stage": "direction_1_same_source_raster_evidence", "updated_utc": "2026-10-02T14:24:30.821869+00:00"}
SEALED ficus arc0_026
{"C_opened": true, "current_frame": "arc0_027", "current_scene": "ficus", "parameter_hash": "6c4ef4afa648f54794d7094a7b21368a89e14cdbc792766441aa3d3639d487c9", "phase": "EXTRA_EVALUATION", "stage": "direction_1_same_source_raster_evidence", "updated_utc": "2026-10-02T14:24:41.798761+00:00"}
SEALED ficus arc0_027
{"C_opened": true, "current_frame": "arc0_028", "current_scene": "ficus", "parameter_hash": "6c4ef4afa648f54794d7094a7b21368a89e14cdbc792766441aa3d3639d487c9", "phase": "EXTRA_EVALUATION", "stage": "direction_1_same_source_raster_evidence", "updated_utc": "2026-10-02T14:24:52.285474+00:00"}
SEALED ficus arc0_028
{"C_opened": true, "current_frame": "arc0_029", "current_scene": "ficus", "parameter_hash": "6c4ef4afa648f54794d7094a7b21368a89e14cdbc792766441aa3d3639d487c9", "phase": "EXTRA_EVALUATION", "stage": "direction_1_same_source_raster_evidence", "updated_utc": "2026-10-02T14:25:03.098431+00:00"}
SEALED ficus arc0_029
{"C_opened": true, "current_frame": "arc0_030", "current_scene": "ficus", "parameter_hash": "6c4ef4afa648f54794d7094a7b21368a89e14cdbc792766441aa3d3639d487c9", "phase": "EXTRA_EVALUATION", "stage": "direction_1_same_source_raster_evidence", "updated_utc": "2026-10-02T14:25:14.003609+00:00"}
SEALED ficus arc0_030
{"C_opened": true, "current_frame": "arc0_031", "current_scene": "ficus", "parameter_hash": "6c4ef4afa648f54794d7094a7b21368a89e14cdbc792766441aa3d3639d487c9", "phase": "EXTRA_EVALUATION", "stage": "direction_1_same_source_raster_evidence", "updated_utc": "2026-10-02T14:25:24.453826+00:00"}
SEALED ficus arc0_031
{"C_opened": true, "current_frame": "arc0_032", "current_scene": "ficus", "parameter_hash": "6c4ef4afa648f54794d7094a7b21368a89e14cdbc792766441aa3d3639d487c9", "phase": "EXTRA_EVALUATION", "stage": "direction_1_same_source_raster_evidence", "updated_utc": "2026-10-02T14:25:35.070090+00:00"}
SEALED ficus arc0_032
{"C_opened": true, "current_frame": "arc0_032", "current_scene": "ficus", "parameter_hash": "6c4ef4afa648f54794d7094a7b21368a89e14cdbc792766441aa3d3639d487c9", "phase": "EXTRA_COMPLETE", "stage": "direction_1_same_source_raster_evidence", "updated_utc": "2026-10-02T14:25:44.356667+00:00"}
	Command being timed: "strace -f -e trace=openat,openat2 -o out/hybrid_raster_evidence_v2/extra_open.trace scripts/run_hybrid_raster_evidence_v2.py --phase extra"
	User time (seconds): 1394.04
	System time (seconds): 735.05
	Percent of CPU this job got: 174%
	Elapsed (wall clock) time (h:mm:ss or m:ss): 20:17.92
	Average shared text size (kbytes): 0
	Average unshared data size (kbytes): 0
	Average stack size (kbytes): 0
	Average total size (kbytes): 0
	Maximum resident set size (kbytes): 1718308
	Average resident set size (kbytes): 0
	Major (requiring I/O) page faults: 2
	Minor (reclaiming a frame) page faults: 9015381
	Voluntary context switches: 37097389
	Involuntary context switches: 1307505
	Swaps: 0
	File system inputs: 313368
	File system outputs: 6863496
	Socket messages sent: 0
	Socket messages received: 0
	Signals delivered: 0
	Page size (bytes): 4096
	Exit status: 0
