SEALED lego F_001
SEALED lego F_041
SEALED chair F_001
SEALED chair F_041
{"stage": "direction_1_same_source_raster_evidence", "phase": "PILOT_COMPLETE", "updated_utc": "2026-10-02T13:32:46.667861+00:00", "C_opened": false}
	Command being timed: "scripts/run_hybrid_raster_evidence_v2.py --phase pilot"
	User time (seconds): 47.33
	System time (seconds): 10.72
	Percent of CPU this job got: 133%
	Elapsed (wall clock) time (h:mm:ss or m:ss): 0:43.42
	Average shared text size (kbytes): 0
	Average unshared data size (kbytes): 0
	Average stack size (kbytes): 0
	Average total size (kbytes): 0
	Maximum resident set size (kbytes): 1275552
	Average resident set size (kbytes): 0
	Major (requiring I/O) page faults: 5
	Minor (reclaiming a frame) page faults: 332052
	Voluntary context switches: 2492
	Involuntary context switches: 2416593
	Swaps: 0
	File system inputs: 1240
	File system outputs: 239176
	Socket messages sent: 0
	Socket messages received: 0
	Signals delivered: 0
	Page size (bytes): 4096
	Exit status: 0
