{"C_opened": true, "current_frame": "arc0_032", "current_scene": "lego", "parameter_hash": "6c4ef4afa648f54794d7094a7b21368a89e14cdbc792766441aa3d3639d487c9", "phase": "MEDIA_COMPLETE", "stage": "direction_1_same_source_raster_evidence", "updated_utc": "2026-10-02T13:58:49.095803+00:00"}
{"C_opened": true, "current_frame": "arc0_032", "current_scene": "chair", "parameter_hash": "6c4ef4afa648f54794d7094a7b21368a89e14cdbc792766441aa3d3639d487c9", "phase": "MEDIA_COMPLETE", "stage": "direction_1_same_source_raster_evidence", "updated_utc": "2026-10-02T13:59:27.343847+00:00"}
	Command being timed: "scripts/run_hybrid_raster_evidence_v2.py --phase media --scenes lego chair"
	User time (seconds): 115.10
	System time (seconds): 28.99
	Percent of CPU this job got: 145%
	Elapsed (wall clock) time (h:mm:ss or m:ss): 1:39.08
	Average shared text size (kbytes): 0
	Average unshared data size (kbytes): 0
	Average stack size (kbytes): 0
	Average total size (kbytes): 0
	Maximum resident set size (kbytes): 707676
	Average resident set size (kbytes): 0
	Major (requiring I/O) page faults: 42
	Minor (reclaiming a frame) page faults: 1412926
	Voluntary context switches: 16286
	Involuntary context switches: 11147445
	Swaps: 0
	File system inputs: 7696
	File system outputs: 357824
	Socket messages sent: 0
	Socket messages received: 0
	Signals delivered: 0
	Page size (bytes): 4096
	Exit status: 0
