{"C_opened": false, "phase": "PRIMARY_F_NATIVE", "stage": "direction_1_same_source_raster_evidence", "updated_utc": "2026-10-02T13:34:19.689982+00:00", "current_scene": "lego", "current_frame": "F_001"}
{"C_opened": false, "current_frame": "F_014", "current_scene": "lego", "phase": "PRIMARY_F_NATIVE", "stage": "direction_1_same_source_raster_evidence", "updated_utc": "2026-10-02T13:34:21.222730+00:00"}
{"C_opened": false, "current_frame": "F_027", "current_scene": "lego", "phase": "PRIMARY_F_NATIVE", "stage": "direction_1_same_source_raster_evidence", "updated_utc": "2026-10-02T13:34:26.821354+00:00"}
{"C_opened": false, "current_frame": "F_041", "current_scene": "lego", "phase": "PRIMARY_F_NATIVE", "stage": "direction_1_same_source_raster_evidence", "updated_utc": "2026-10-02T13:34:30.552126+00:00"}
{"C_opened": false, "current_frame": "F_053", "current_scene": "lego", "phase": "PRIMARY_F_NATIVE", "stage": "direction_1_same_source_raster_evidence", "updated_utc": "2026-10-02T13:34:31.894705+00:00"}
{"C_opened": false, "current_frame": "F_067", "current_scene": "lego", "phase": "PRIMARY_F_NATIVE", "stage": "direction_1_same_source_raster_evidence", "updated_utc": "2026-10-02T13:34:35.414647+00:00"}
{"C_opened": false, "current_frame": "F_079", "current_scene": "lego", "phase": "PRIMARY_F_NATIVE", "stage": "direction_1_same_source_raster_evidence", "updated_utc": "2026-10-02T13:34:38.107545+00:00"}
{"C_opened": false, "current_frame": "F_093", "current_scene": "lego", "phase": "PRIMARY_F_NATIVE", "stage": "direction_1_same_source_raster_evidence", "updated_utc": "2026-10-02T13:34:41.887309+00:00"}
{"C_opened": false, "current_frame": "F_001", "current_scene": "chair", "phase": "PRIMARY_F_NATIVE", "stage": "direction_1_same_source_raster_evidence", "updated_utc": "2026-10-02T13:34:46.627198+00:00"}
{"C_opened": false, "current_frame": "F_014", "current_scene": "chair", "phase": "PRIMARY_F_NATIVE", "stage": "direction_1_same_source_raster_evidence", "updated_utc": "2026-10-02T13:34:47.981263+00:00"}
{"C_opened": false, "current_frame": "F_027", "current_scene": "chair", "phase": "PRIMARY_F_NATIVE", "stage": "direction_1_same_source_raster_evidence", "updated_utc": "2026-10-02T13:34:51.574438+00:00"}
{"C_opened": false, "current_frame": "F_041", "current_scene": "chair", "phase": "PRIMARY_F_NATIVE", "stage": "direction_1_same_source_raster_evidence", "updated_utc": "2026-10-02T13:34:54.785138+00:00"}
{"C_opened": false, "current_frame": "F_053", "current_scene": "chair", "phase": "PRIMARY_F_NATIVE", "stage": "direction_1_same_source_raster_evidence", "updated_utc": "2026-10-02T13:34:56.183784+00:00"}
{"C_opened": false, "current_frame": "F_067", "current_scene": "chair", "phase": "PRIMARY_F_NATIVE", "stage": "direction_1_same_source_raster_evidence", "updated_utc": "2026-10-02T13:34:59.414581+00:00"}
{"C_opened": false, "current_frame": "F_079", "current_scene": "chair", "phase": "PRIMARY_F_NATIVE", "stage": "direction_1_same_source_raster_evidence", "updated_utc": "2026-10-02T13:35:03.008879+00:00"}
{"C_opened": false, "current_frame": "F_093", "current_scene": "chair", "phase": "PRIMARY_F_NATIVE", "stage": "direction_1_same_source_raster_evidence", "updated_utc": "2026-10-02T13:35:06.452018+00:00"}
{"C_opened": false, "current_frame": "F_001", "current_scene": "lego", "phase": "PRIMARY_F_EVIDENCE", "stage": "direction_1_same_source_raster_evidence", "updated_utc": "2026-10-02T13:35:11.096508+00:00"}
SEALED lego F_001
{"C_opened": false, "current_frame": "F_014", "current_scene": "lego", "phase": "PRIMARY_F_EVIDENCE", "stage": "direction_1_same_source_raster_evidence", "updated_utc": "2026-10-02T13:35:20.502248+00:00"}
SEALED lego F_014
{"C_opened": false, "current_frame": "F_027", "current_scene": "lego", "phase": "PRIMARY_F_EVIDENCE", "stage": "direction_1_same_source_raster_evidence", "updated_utc": "2026-10-02T13:35:31.332773+00:00"}
SEALED lego F_027
{"C_opened": false, "current_frame": "F_041", "current_scene": "lego", "phase": "PRIMARY_F_EVIDENCE", "stage": "direction_1_same_source_raster_evidence", "updated_utc": "2026-10-02T13:35:41.320590+00:00"}
SEALED lego F_041
{"C_opened": false, "current_frame": "F_053", "current_scene": "lego", "phase": "PRIMARY_F_EVIDENCE", "stage": "direction_1_same_source_raster_evidence", "updated_utc": "2026-10-02T13:35:49.816608+00:00"}
SEALED lego F_053
{"C_opened": false, "current_frame": "F_067", "current_scene": "lego", "phase": "PRIMARY_F_EVIDENCE", "stage": "direction_1_same_source_raster_evidence", "updated_utc": "2026-10-02T13:35:58.812078+00:00"}
SEALED lego F_067
{"C_opened": false, "current_frame": "F_079", "current_scene": "lego", "phase": "PRIMARY_F_EVIDENCE", "stage": "direction_1_same_source_raster_evidence", "updated_utc": "2026-10-02T13:36:07.787143+00:00"}
SEALED lego F_079
{"C_opened": false, "current_frame": "F_093", "current_scene": "lego", "phase": "PRIMARY_F_EVIDENCE", "stage": "direction_1_same_source_raster_evidence", "updated_utc": "2026-10-02T13:36:17.923754+00:00"}
SEALED lego F_093
{"C_opened": false, "current_frame": "F_001", "current_scene": "chair", "phase": "PRIMARY_F_EVIDENCE", "stage": "direction_1_same_source_raster_evidence", "updated_utc": "2026-10-02T13:36:29.482573+00:00"}
SEALED chair F_001
{"C_opened": false, "current_frame": "F_014", "current_scene": "chair", "phase": "PRIMARY_F_EVIDENCE", "stage": "direction_1_same_source_raster_evidence", "updated_utc": "2026-10-02T13:36:37.959901+00:00"}
SEALED chair F_014
{"C_opened": false, "current_frame": "F_027", "current_scene": "chair", "phase": "PRIMARY_F_EVIDENCE", "stage": "direction_1_same_source_raster_evidence", "updated_utc": "2026-10-02T13:36:47.010760+00:00"}
SEALED chair F_027
{"C_opened": false, "current_frame": "F_041", "current_scene": "chair", "phase": "PRIMARY_F_EVIDENCE", "stage": "direction_1_same_source_raster_evidence", "updated_utc": "2026-10-02T13:36:54.386029+00:00"}
SEALED chair F_041
{"C_opened": false, "current_frame": "F_053", "current_scene": "chair", "phase": "PRIMARY_F_EVIDENCE", "stage": "direction_1_same_source_raster_evidence", "updated_utc": "2026-10-02T13:37:03.719596+00:00"}
SEALED chair F_053
{"C_opened": false, "current_frame": "F_067", "current_scene": "chair", "phase": "PRIMARY_F_EVIDENCE", "stage": "direction_1_same_source_raster_evidence", "updated_utc": "2026-10-02T13:37:11.251869+00:00"}
SEALED chair F_067
{"C_opened": false, "current_frame": "F_079", "current_scene": "chair", "phase": "PRIMARY_F_EVIDENCE", "stage": "direction_1_same_source_raster_evidence", "updated_utc": "2026-10-02T13:37:20.248960+00:00"}
SEALED chair F_079
{"C_opened": false, "current_frame": "F_093", "current_scene": "chair", "phase": "PRIMARY_F_EVIDENCE", "stage": "direction_1_same_source_raster_evidence", "updated_utc": "2026-10-02T13:37:27.819313+00:00"}
SEALED chair F_093
{"C_opened": false, "current_frame": "F_093", "current_scene": "chair", "phase": "PRIMARY_F_COMPLETE", "stage": "direction_1_same_source_raster_evidence", "updated_utc": "2026-10-02T13:37:38.712605+00:00", "parameter_hash": "6c4ef4afa648f54794d7094a7b21368a89e14cdbc792766441aa3d3639d487c9"}
	Command being timed: "scripts/run_hybrid_raster_evidence_v2.py --phase primary-f"
	User time (seconds): 245.32
	System time (seconds): 40.50
	Percent of CPU this job got: 142%
	Elapsed (wall clock) time (h:mm:ss or m:ss): 3:21.24
	Average shared text size (kbytes): 0
	Average unshared data size (kbytes): 0
	Average stack size (kbytes): 0
	Average total size (kbytes): 0
	Maximum resident set size (kbytes): 2413712
	Average resident set size (kbytes): 0
	Major (requiring I/O) page faults: 0
	Minor (reclaiming a frame) page faults: 1584764
	Voluntary context switches: 11368
	Involuntary context switches: 12684051
	Swaps: 0
	File system inputs: 0
	File system outputs: 1306696
	Socket messages sent: 0
	Socket messages received: 0
	Signals delivered: 0
	Page size (bytes): 4096
	Exit status: 0
