VERIFIED lego F_001
VERIFIED lego F_014
VERIFIED lego F_027
VERIFIED lego F_041
VERIFIED lego F_053
VERIFIED lego F_067
VERIFIED lego F_079
VERIFIED lego F_093
VERIFIED lego C_007
VERIFIED lego C_021
VERIFIED lego C_033
VERIFIED lego C_047
VERIFIED lego C_059
VERIFIED lego C_073
VERIFIED lego C_086
VERIFIED lego C_099
VERIFIED lego arc0_000
VERIFIED lego arc0_001
VERIFIED lego arc0_002
VERIFIED lego arc0_003
VERIFIED lego arc0_004
VERIFIED lego arc0_005
VERIFIED lego arc0_006
VERIFIED lego arc0_007
VERIFIED lego arc0_008
VERIFIED lego arc0_009
VERIFIED lego arc0_010
VERIFIED lego arc0_011
VERIFIED lego arc0_012
VERIFIED lego arc0_013
VERIFIED lego arc0_014
VERIFIED lego arc0_015
VERIFIED lego arc0_016
VERIFIED lego arc0_017
VERIFIED lego arc0_018
VERIFIED lego arc0_019
VERIFIED lego arc0_020
VERIFIED lego arc0_021
VERIFIED lego arc0_022
VERIFIED lego arc0_023
VERIFIED lego arc0_024
VERIFIED lego arc0_025
VERIFIED lego arc0_026
VERIFIED lego arc0_027
VERIFIED lego arc0_028
VERIFIED lego arc0_029
VERIFIED lego arc0_030
VERIFIED lego arc0_031
VERIFIED lego arc0_032
VERIFIED chair F_001
VERIFIED chair F_014
VERIFIED chair F_027
VERIFIED chair F_041
VERIFIED chair F_053
VERIFIED chair F_067
VERIFIED chair F_079
VERIFIED chair F_093
VERIFIED chair C_007
VERIFIED chair C_021
VERIFIED chair C_033
VERIFIED chair C_047
VERIFIED chair C_059
VERIFIED chair C_073
VERIFIED chair C_086
VERIFIED chair C_099
VERIFIED chair arc0_000
VERIFIED chair arc0_001
VERIFIED chair arc0_002
VERIFIED chair arc0_003
VERIFIED chair arc0_004
VERIFIED chair arc0_005
VERIFIED chair arc0_006
VERIFIED chair arc0_007
VERIFIED chair arc0_008
VERIFIED chair arc0_009
VERIFIED chair arc0_010
VERIFIED chair arc0_011
VERIFIED chair arc0_012
VERIFIED chair arc0_013
VERIFIED chair arc0_014
VERIFIED chair arc0_015
VERIFIED chair arc0_016
VERIFIED chair arc0_017
VERIFIED chair arc0_018
VERIFIED chair arc0_019
VERIFIED chair arc0_020
VERIFIED chair arc0_021
VERIFIED chair arc0_022
VERIFIED chair arc0_023
VERIFIED chair arc0_024
VERIFIED chair arc0_025
VERIFIED chair arc0_026
VERIFIED chair arc0_027
VERIFIED chair arc0_028
VERIFIED chair arc0_029
VERIFIED chair arc0_030
VERIFIED chair arc0_031
VERIFIED chair arc0_032
VERIFIED drums F_001
VERIFIED drums F_014
VERIFIED drums F_027
VERIFIED drums F_041
VERIFIED drums F_053
VERIFIED drums F_067
VERIFIED drums F_079
VERIFIED drums F_093
VERIFIED drums C_007
VERIFIED drums C_021
VERIFIED drums C_033
VERIFIED drums C_047
VERIFIED drums C_059
VERIFIED drums C_073
VERIFIED drums C_086
VERIFIED drums C_099
VERIFIED drums arc0_000
VERIFIED drums arc0_001
VERIFIED drums arc0_002
VERIFIED drums arc0_003
VERIFIED drums arc0_004
VERIFIED drums arc0_005
VERIFIED drums arc0_006
VERIFIED drums arc0_007
VERIFIED drums arc0_008
VERIFIED drums arc0_009
VERIFIED drums arc0_010
VERIFIED drums arc0_011
VERIFIED drums arc0_012
VERIFIED drums arc0_013
VERIFIED drums arc0_014
VERIFIED drums arc0_015
VERIFIED drums arc0_016
VERIFIED drums arc0_017
VERIFIED drums arc0_018
VERIFIED drums arc0_019
VERIFIED drums arc0_020
VERIFIED drums arc0_021
VERIFIED drums arc0_022
VERIFIED drums arc0_023
VERIFIED drums arc0_024
VERIFIED drums arc0_025
VERIFIED drums arc0_026
VERIFIED drums arc0_027
VERIFIED drums arc0_028
VERIFIED drums arc0_029
VERIFIED drums arc0_030
VERIFIED drums arc0_031
VERIFIED drums arc0_032
VERIFIED ficus F_001
VERIFIED ficus F_014
VERIFIED ficus F_027
VERIFIED ficus F_041
VERIFIED ficus F_053
VERIFIED ficus F_067
VERIFIED ficus F_079
VERIFIED ficus F_093
VERIFIED ficus C_007
VERIFIED ficus C_021
VERIFIED ficus C_033
VERIFIED ficus C_047
VERIFIED ficus C_059
VERIFIED ficus C_073
VERIFIED ficus C_086
VERIFIED ficus C_099
VERIFIED ficus arc0_000
VERIFIED ficus arc0_001
VERIFIED ficus arc0_002
VERIFIED ficus arc0_003
VERIFIED ficus arc0_004
VERIFIED ficus arc0_005
VERIFIED ficus arc0_006
VERIFIED ficus arc0_007
VERIFIED ficus arc0_008
VERIFIED ficus arc0_009
VERIFIED ficus arc0_010
VERIFIED ficus arc0_011
VERIFIED ficus arc0_012
VERIFIED ficus arc0_013
VERIFIED ficus arc0_014
VERIFIED ficus arc0_015
VERIFIED ficus arc0_016
VERIFIED ficus arc0_017
VERIFIED ficus arc0_018
VERIFIED ficus arc0_019
VERIFIED ficus arc0_020
VERIFIED ficus arc0_021
VERIFIED ficus arc0_022
VERIFIED ficus arc0_023
VERIFIED ficus arc0_024
VERIFIED ficus arc0_025
VERIFIED ficus arc0_026
VERIFIED ficus arc0_027
VERIFIED ficus arc0_028
VERIFIED ficus arc0_029
VERIFIED ficus arc0_030
VERIFIED ficus arc0_031
VERIFIED ficus arc0_032
{"status": "PASS", "counts": {"expected_frames": 196, "verified_frames": 196, "expected_media_scenes": 4, "verified_media_scenes": 4}, "missing": [], "errors": []}
	Command being timed: "scripts/verify_hybrid_raster_evidence_v2.py --full-native"
	User time (seconds): 281.28
	System time (seconds): 26.00
	Percent of CPU this job got: 102%
	Elapsed (wall clock) time (h:mm:ss or m:ss): 4:59.34
	Average shared text size (kbytes): 0
	Average unshared data size (kbytes): 0
	Average stack size (kbytes): 0
	Average total size (kbytes): 0
	Maximum resident set size (kbytes): 688820
	Average resident set size (kbytes): 0
	Major (requiring I/O) page faults: 0
	Minor (reclaiming a frame) page faults: 5039912
	Voluntary context switches: 3544
	Involuntary context switches: 804801
	Swaps: 0
	File system inputs: 0
	File system outputs: 6784
	Socket messages sent: 0
	Socket messages received: 0
	Signals delivered: 0
	Page size (bytes): 4096
	Exit status: 0
