[truck] 902732 de-floatered gaussians  (251 cams)
  [seeds] f=0.3 -> 270820 seeds (reused OVERALL score)
  [linelet] init 270820 linelets in 14.7s  median half-length 0.02743 world  tangent valid 0.826
  [split] 251 cams -> TRAIN 200 / VAL 26 / TEST 25
    [gated dt] view 0/200
    [gated dt] view 20/200
    [gated dt] view 40/200
    [gated dt] view 60/200
    [gated dt] view 80/200
    [gated dt] view 100/200
    [gated dt] view 120/200
    [gated dt] view 140/200
    [gated dt] view 160/200
    [gated dt] view 180/200
    [geom cache] view 0/200
    [geom cache] view 20/200
    [geom cache] view 40/200
    [geom cache] view 60/200
    [geom cache] view 80/200
    [geom cache] view 100/200
    [geom cache] view 120/200
    [geom cache] view 140/200
    [geom cache] view 160/200
    [geom cache] view 180/200
  [field] 200 views, edge='sharp', gate=ON, build 758.9s
  [gate] edge px 13565473 -> 12738049 (93.9% survive)
    [pull] it   0  loss 0.9525
    [pull] it  10  loss 0.5336
    [pull] it  20  loss 0.5074
    [pull] it  30  loss 0.4970
    [pull] it  40  loss 0.4906
    [pull] it  50  loss 0.5013
    [pull] it  60  loss 0.4930
    [pull] it  70  loss 0.4902
    [pull] it  80  loss 0.4916
    [pull] it  90  loss 0.4902
    [pull] it  99  loss 0.4898
  [pull] 31.8s  moved median 2.46px p90 5.00  n_vis median 23
  [prune] keep 239020/270820 (88.3%)  inlier_ratio median 1.000  median_resid median 0.49px
  wrote /home/u00134/3dgs_line/tier1/out/linelets_truck_gal_test.npz  (818s total)
CARRIER_DONE keep=239020 strokes_input
