test_fullsh_finite_and_ignored_nonfinite_rejected (test_checkpoint_numeric.CheckpointNumericTests) ... ok
test_actual_strace_nested_device_annotation_and_malformed_rejected (test_verify_experiment.VerificationTests) ... FAIL
test_annotated_staged_train_symlink_is_still_a_source_image (test_verify_experiment.VerificationTests) ... ok
test_audit_rejects_incomplete_and_unresolved_trace (test_verify_experiment.VerificationTests) ... ok
test_camera_principal_fov_and_duplicate_arc_mutations_rejected (test_verify_experiment.VerificationTests) ... ok
test_forbidden_failed_attempts_and_metadata_are_not_hidden (test_verify_experiment.VerificationTests) ... ok
test_freeze_chain_rejects_launch_before_push_and_arc_before_checkpoint (test_verify_experiment.VerificationTests) ... ok
test_quiet_trace_requires_hash_bound_external_completion (test_verify_experiment.VerificationTests) ... ok
test_seal_detects_missing_corruption_context_and_extra (test_verify_experiment.VerificationTests) ... ok
test_source_lock_mutations_rejected (test_verify_experiment.VerificationTests) ... ok
test_train_allowed_only_during_acquisition_and_diagnostic (test_verify_experiment.VerificationTests) ... ok
test_zero_or_partial_counts_cannot_pass (test_verify_experiment.VerificationTests) ... ok

======================================================================
FAIL: test_actual_strace_nested_device_annotation_and_malformed_rejected (test_verify_experiment.VerificationTests)
----------------------------------------------------------------------
Traceback (most recent call last):
  File "/home/u00134/3dgs_line/hybrid_raster_trained_models_v1/artifacts/hybrid_raster_trained_models_v1/independent_review/test_verify_experiment.py", line 94, in test_actual_strace_nested_device_annotation_and_malformed_rejected
    with self.assertRaises(ValueError):audit_access(broken,ROOT,'verification')
AssertionError: ValueError not raised

----------------------------------------------------------------------
Ran 12 tests in 0.118s

FAILED (failures=1)
