chair_1729_controlled True forbidden [] unparsed 0
drums_1729_controlled True forbidden [] unparsed 0
ficus_1729_controlled True forbidden [] unparsed 0
lego_1729_controlled True forbidden [] unparsed 0
evaluation_chair_surface True forbidden [] unparsed 0
evaluation_chair_machine True forbidden [] unparsed 0
evaluation_chair_surface True forbidden [] unparsed 0
evaluation_chair_visual True forbidden [] unparsed 0
evaluation_lego_surface True forbidden [] unparsed 0
evaluation_lego_machine True forbidden [] unparsed 0
evaluation_lego_surface True forbidden [] unparsed 0
evaluation_lego_visual True forbidden [] unparsed 0
local_chair_seed_1729_cross True forbidden [] unparsed 0
local_chair_seed_1729_primary True forbidden [] unparsed 0
local_chair_seed_1729_controls True forbidden [] unparsed 0
local_chair_seed_1729_primary True forbidden [] unparsed 0
local_chair_seed_1729_primary True forbidden [] unparsed 0
local_chair_moment_split_00_layers True forbidden [] unparsed 0
local_chair_moment_split_01_layers True forbidden [] unparsed 0
local_chair_moment_split_02_layers True forbidden [] unparsed 0
local_chair_moment_split_03_layers True forbidden [] unparsed 0
local_chair_redistribute_00_layers True forbidden [] unparsed 0
local_chair_redistribute_01_layers True forbidden [] unparsed 0
local_chair_redistribute_02_layers True forbidden [] unparsed 0
local_chair_redistribute_03_layers True forbidden [] unparsed 0
local_chair_redistribute_04_layers True forbidden [] unparsed 0
local_chair_seed_1729_layers True forbidden [] unparsed 0
local_chair_seed_2718_layers True forbidden [] unparsed 0
local_chair_moment_split_00_repeat True forbidden [] unparsed 0
local_chair_moment_split_01_repeat True forbidden [] unparsed 0
local_chair_moment_split_02_repeat True forbidden [] unparsed 0
local_chair_moment_split_03_repeat True forbidden [] unparsed 0
local_chair_redistribute_00_repeat True forbidden [] unparsed 0
local_chair_redistribute_01_repeat True forbidden [] unparsed 0
local_chair_redistribute_02_repeat True forbidden [] unparsed 0
local_chair_redistribute_03_repeat True forbidden [] unparsed 0
local_chair_redistribute_04_repeat True forbidden [] unparsed 0
local_chair_seed_2718_repeat True forbidden [] unparsed 0
local_lego_seed_1729_cross True forbidden [] unparsed 0
local_lego_seed_1729_primary True forbidden [] unparsed 0
local_lego_seed_1729_controls True forbidden [] unparsed 0
local_lego_seed_1729_primary True forbidden [] unparsed 0
local_lego_seed_1729_primary True forbidden [] unparsed 0
local_lego_moment_split_00_layers True forbidden [] unparsed 0
local_lego_moment_split_01_layers True forbidden [] unparsed 0
local_lego_moment_split_02_layers True forbidden [] unparsed 0
local_lego_moment_split_03_layers True forbidden [] unparsed 0
local_lego_redistribute_00_layers True forbidden [] unparsed 0
local_lego_redistribute_01_layers True forbidden [] unparsed 0
local_lego_redistribute_02_layers True forbidden [] unparsed 0
local_lego_redistribute_03_layers True forbidden [] unparsed 0
local_lego_redistribute_04_layers True forbidden [] unparsed 0
local_lego_seed_1729_layers True forbidden [] unparsed 0
local_lego_moment_split_00_repeat True forbidden [] unparsed 0
local_lego_moment_split_01_repeat True forbidden [] unparsed 0
local_lego_moment_split_02_repeat True forbidden [] unparsed 0
local_lego_moment_split_03_repeat True forbidden [] unparsed 0
local_lego_redistribute_00_repeat True forbidden [] unparsed 0
local_lego_redistribute_01_repeat True forbidden [] unparsed 0
local_lego_redistribute_02_repeat True forbidden [] unparsed 0
local_lego_redistribute_03_repeat True forbidden [] unparsed 0
local_lego_redistribute_04_repeat True forbidden [] unparsed 0
chair_1729_quality True forbidden [] unparsed 0
chair_2718_quality True forbidden [] unparsed 0
drums_1729_quality True forbidden [] unparsed 0
drums_2718_quality True forbidden [] unparsed 0
ficus_1729_quality True forbidden [] unparsed 0
ficus_2718_quality True forbidden [] unparsed 0
lego_1729_quality True forbidden [] unparsed 0
lego_2718_quality True forbidden [] unparsed 0
