[multiscene-foundation-corrected e0adc90] results(foundation): preserve all F arms and completed controls for eligible scenes
 626 files changed, 626 insertions(+)
 create mode 100644 out/multiscene_foundation_corrected/local/chair/F/F_predictions.json
 create mode 100644 out/multiscene_foundation_corrected/local/chair/F/F_predictions.json.sha256
 create mode 100644 out/multiscene_foundation_corrected/local/chair/F/allowlist.json
 create mode 100644 out/multiscene_foundation_corrected/local/chair/F/allowlist.json.sha256
 create mode 100644 out/multiscene_foundation_corrected/local/chair/F/background_queries.json
 create mode 100644 out/multiscene_foundation_corrected/local/chair/F/background_queries.json.sha256
 create mode 100644 out/multiscene_foundation_corrected/local/chair/F/control_completion/allowlist.json
 create mode 100644 out/multiscene_foundation_corrected/local/chair/F/control_completion/allowlist.json.sha256
 create mode 100644 out/multiscene_foundation_corrected/local/chair/F/control_completion/complete.json
 create mode 100644 out/multiscene_foundation_corrected/local/chair/F/control_completion/complete.json.sha256
 create mode 100644 out/multiscene_foundation_corrected/local/chair/F/frozen.json
 create mode 100644 out/multiscene_foundation_corrected/local/chair/F/frozen.json.sha256
 create mode 100644 out/multiscene_foundation_corrected/local/chair/F/gs/accepted.json
 create mode 100644 out/multiscene_foundation_corrected/local/chair/F/gs/accepted.json.sha256
 create mode 100644 out/multiscene_foundation_corrected/local/chair/F/gs/modes.json.sha256
 create mode 100644 out/multiscene_foundation_corrected/local/chair/F/gs/profiles_metadata.json.sha256
 create mode 100644 out/multiscene_foundation_corrected/local/chair/F/gs/queries.json
 create mode 100644 out/multiscene_foundation_corrected/local/chair/F/gs/queries.json.sha256
 create mode 100644 out/multiscene_foundation_corrected/local/chair/F/gs/summary.json
 create mode 100644 out/multiscene_foundation_corrected/local/chair/F/gs/summary.json.sha256
 create mode 100644 out/multiscene_foundation_corrected/local/chair/F/gs_loo_001/accepted.json
 create mode 100644 out/multiscene_foundation_corrected/local/chair/F/gs_loo_001/accepted.json.sha256
 create mode 100644 out/multiscene_foundation_corrected/local/chair/F/gs_loo_001/modes.json.sha256
 create mode 100644 out/multiscene_foundation_corrected/local/chair/F/gs_loo_001/profiles_metadata.json.sha256
 create mode 100644 out/multiscene_foundation_corrected/local/chair/F/gs_loo_001/queries.json
 create mode 100644 out/multiscene_foundation_corrected/local/chair/F/gs_loo_001/queries.json.sha256
 create mode 100644 out/multiscene_foundation_corrected/local/chair/F/gs_loo_001/summary.json
 create mode 100644 out/multiscene_foundation_corrected/local/chair/F/gs_loo_001/summary.json.sha256
 create mode 100644 out/multiscene_foundation_corrected/local/chair/F/gs_loo_014/accepted.json
 create mode 100644 out/multiscene_foundation_corrected/local/chair/F/gs_loo_014/accepted.json.sha256
 create mode 100644 out/multiscene_foundation_corrected/local/chair/F/gs_loo_014/modes.json.sha256
 create mode 100644 out/multiscene_foundation_corrected/local/chair/F/gs_loo_014/profiles_metadata.json.sha256
 create mode 100644 out/multiscene_foundation_corrected/local/chair/F/gs_loo_014/queries.json
 create mode 100644 out/multiscene_foundation_corrected/local/chair/F/gs_loo_014/queries.json.sha256
 create mode 100644 out/multiscene_foundation_corrected/local/chair/F/gs_loo_014/summary.json
 create mode 100644 out/multiscene_foundation_corrected/local/chair/F/gs_loo_014/summary.json.sha256
 create mode 100644 out/multiscene_foundation_corrected/local/chair/F/gs_loo_027/accepted.json
 create mode 100644 out/multiscene_foundation_corrected/local/chair/F/gs_loo_027/accepted.json.sha256
 create mode 100644 out/multiscene_foundation_corrected/local/chair/F/gs_loo_027/modes.json.sha256
 create mode 100644 out/multiscene_foundation_corrected/local/chair/F/gs_loo_027/profiles_metadata.json.sha256
 create mode 100644 out/multiscene_foundation_corrected/local/chair/F/gs_loo_027/queries.json
 create mode 100644 out/multiscene_foundation_corrected/local/chair/F/gs_loo_027/queries.json.sha256
 create mode 100644 out/multiscene_foundation_corrected/local/chair/F/gs_loo_027/summary.json
 create mode 100644 out/multiscene_foundation_corrected/local/chair/F/gs_loo_027/summary.json.sha256
 create mode 100644 out/multiscene_foundation_corrected/local/chair/F/gs_loo_041/accepted.json
 create mode 100644 out/multiscene_foundation_corrected/local/chair/F/gs_loo_041/accepted.json.sha256
 create mode 100644 out/multiscene_foundation_corrected/local/chair/F/gs_loo_041/modes.json.sha256
 create mode 100644 out/multiscene_foundation_corrected/local/chair/F/gs_loo_041/profiles_metadata.json.sha256
 create mode 100644 out/multiscene_foundation_corrected/local/chair/F/gs_loo_041/queries.json
 create mode 100644 out/multiscene_foundation_corrected/local/chair/F/gs_loo_041/queries.json.sha256
 create mode 100644 out/multiscene_foundation_corrected/local/chair/F/gs_loo_041/summary.json
 create mode 100644 out/multiscene_foundation_corrected/local/chair/F/gs_loo_041/summary.json.sha256
 create mode 100644 out/multiscene_foundation_corrected/local/chair/F/gs_loo_053/accepted.json
 create mode 100644 out/multiscene_foundation_corrected/local/chair/F/gs_loo_053/accepted.json.sha256
 create mode 100644 out/multiscene_foundation_corrected/local/chair/F/gs_loo_053/modes.json.sha256
 create mode 100644 out/multiscene_foundation_corrected/local/chair/F/gs_loo_053/profiles_metadata.json.sha256
 create mode 100644 out/multiscene_foundation_corrected/local/chair/F/gs_loo_053/queries.json
 create mode 100644 out/multiscene_foundation_corrected/local/chair/F/gs_loo_053/queries.json.sha256
 create mode 100644 out/multiscene_foundation_corrected/local/chair/F/gs_loo_053/summary.json
 create mode 100644 out/multiscene_foundation_corrected/local/chair/F/gs_loo_053/summary.json.sha256
 create mode 100644 out/multiscene_foundation_corrected/local/chair/F/gs_loo_067/accepted.json
 create mode 100644 out/multiscene_foundation_corrected/local/chair/F/gs_loo_067/accepted.json.sha256
 create mode 100644 out/multiscene_foundation_corrected/local/chair/F/gs_loo_067/modes.json.sha256
 create mode 100644 out/multiscene_foundation_corrected/local/chair/F/gs_loo_067/profiles_metadata.json.sha256
 create mode 100644 out/multiscene_foundation_corrected/local/chair/F/gs_loo_067/queries.json
 create mode 100644 out/multiscene_foundation_corrected/local/chair/F/gs_loo_067/queries.json.sha256
 create mode 100644 out/multiscene_foundation_corrected/local/chair/F/gs_loo_067/summary.json
 create mode 100644 out/multiscene_foundation_corrected/local/chair/F/gs_loo_067/summary.json.sha256
 create mode 100644 out/multiscene_foundation_corrected/local/chair/F/gs_loo_079/accepted.json
 create mode 100644 out/multiscene_foundation_corrected/local/chair/F/gs_loo_079/accepted.json.sha256
 create mode 100644 out/multiscene_foundation_corrected/local/chair/F/gs_loo_079/modes.json.sha256
 create mode 100644 out/multiscene_foundation_corrected/local/chair/F/gs_loo_079/profiles_metadata.json.sha256
 create mode 100644 out/multiscene_foundation_corrected/local/chair/F/gs_loo_079/queries.json
 create mode 100644 out/multiscene_foundation_corrected/local/chair/F/gs_loo_079/queries.json.sha256
 create mode 100644 out/multiscene_foundation_corrected/local/chair/F/gs_loo_079/summary.json
 create mode 100644 out/multiscene_foundation_corrected/local/chair/F/gs_loo_079/summary.json.sha256
 create mode 100644 out/multiscene_foundation_corrected/local/chair/F/gs_loo_093/accepted.json
 create mode 100644 out/multiscene_foundation_corrected/local/chair/F/gs_loo_093/accepted.json.sha256
 create mode 100644 out/multiscene_foundation_corrected/local/chair/F/gs_loo_093/modes.json.sha256
 create mode 100644 out/multiscene_foundation_corrected/local/chair/F/gs_loo_093/profiles_metadata.json.sha256
 create mode 100644 out/multiscene_foundation_corrected/local/chair/F/gs_loo_093/queries.json
 create mode 100644 out/multiscene_foundation_corrected/local/chair/F/gs_loo_093/queries.json.sha256
 create mode 100644 out/multiscene_foundation_corrected/local/chair/F/gs_loo_093/summary.json
 create mode 100644 out/multiscene_foundation_corrected/local/chair/F/gs_loo_093/summary.json.sha256
 create mode 100644 out/multiscene_foundation_corrected/local/chair/F/gs_offset_-1_0/accepted.json
 create mode 100644 out/multiscene_foundation_corrected/local/chair/F/gs_offset_-1_0/accepted.json.sha256
 create mode 100644 out/multiscene_foundation_corrected/local/chair/F/gs_offset_-1_0/modes.json.sha256
 create mode 100644 out/multiscene_foundation_corrected/local/chair/F/gs_offset_-1_0/profiles_metadata.json.sha256
 create mode 100644 out/multiscene_foundation_corrected/local/chair/F/gs_offset_-1_0/queries.json
 create mode 100644 out/multiscene_foundation_corrected/local/chair/F/gs_offset_-1_0/queries.json.sha256
 create mode 100644 out/multiscene_foundation_corrected/local/chair/F/gs_offset_-1_0/summary.json
 create mode 100644 out/multiscene_foundation_corrected/local/chair/F/gs_offset_-1_0/summary.json.sha256
 create mode 100644 out/multiscene_foundation_corrected/local/chair/F/gs_offset_0_-1/accepted.json
 create mode 100644 out/multiscene_foundation_corrected/local/chair/F/gs_offset_0_-1/accepted.json.sha256
 create mode 100644 out/multiscene_foundation_corrected/local/chair/F/gs_offset_0_-1/modes.json.sha256
 create mode 100644 out/multiscene_foundation_corrected/local/chair/F/gs_offset_0_-1/profiles_metadata.json.sha256
 create mode 100644 out/multiscene_foundation_corrected/local/chair/F/gs_offset_0_-1/queries.json
 create mode 100644 out/multiscene_foundation_corrected/local/chair/F/gs_offset_0_-1/queries.json.sha256
 create mode 100644 out/multiscene_foundation_corrected/local/chair/F/gs_offset_0_-1/summary.json
 create mode 100644 out/multiscene_foundation_corrected/local/chair/F/gs_offset_0_-1/summary.json.sha256
 create mode 100644 out/multiscene_foundation_corrected/local/chair/F/gs_offset_0_1/accepted.json
 create mode 100644 out/multiscene_foundation_corrected/local/chair/F/gs_offset_0_1/accepted.json.sha256
 create mode 100644 out/multiscene_foundation_corrected/local/chair/F/gs_offset_0_1/modes.json.sha256
 create mode 100644 out/multiscene_foundation_corrected/local/chair/F/gs_offset_0_1/profiles_metadata.json.sha256
 create mode 100644 out/multiscene_foundation_corrected/local/chair/F/gs_offset_0_1/queries.json
 create mode 100644 out/multiscene_foundation_corrected/local/chair/F/gs_offset_0_1/queries.json.sha256
 create mode 100644 out/multiscene_foundation_corrected/local/chair/F/gs_offset_0_1/summary.json
 create mode 100644 out/multiscene_foundation_corrected/local/chair/F/gs_offset_0_1/summary.json.sha256
 create mode 100644 out/multiscene_foundation_corrected/local/chair/F/gs_offset_1_0/accepted.json
 create mode 100644 out/multiscene_foundation_corrected/local/chair/F/gs_offset_1_0/accepted.json.sha256
 create mode 100644 out/multiscene_foundation_corrected/local/chair/F/gs_offset_1_0/modes.json.sha256
 create mode 100644 out/multiscene_foundation_corrected/local/chair/F/gs_offset_1_0/profiles_metadata.json.sha256
 create mode 100644 out/multiscene_foundation_corrected/local/chair/F/gs_offset_1_0/queries.json
 create mode 100644 out/multiscene_foundation_corrected/local/chair/F/gs_offset_1_0/queries.json.sha256
 create mode 100644 out/multiscene_foundation_corrected/local/chair/F/gs_offset_1_0/summary.json
 create mode 100644 out/multiscene_foundation_corrected/local/chair/F/gs_offset_1_0/summary.json.sha256
 create mode 100644 out/multiscene_foundation_corrected/local/chair/F/no_gs/accepted.json
 create mode 100644 out/multiscene_foundation_corrected/local/chair/F/no_gs/accepted.json.sha256
 create mode 100644 out/multiscene_foundation_corrected/local/chair/F/no_gs/modes.json.sha256
 create mode 100644 out/multiscene_foundation_corrected/local/chair/F/no_gs/profiles_metadata.json.sha256
 create mode 100644 out/multiscene_foundation_corrected/local/chair/F/no_gs/queries.json
 create mode 100644 out/multiscene_foundation_corrected/local/chair/F/no_gs/queries.json.sha256
 create mode 100644 out/multiscene_foundation_corrected/local/chair/F/no_gs/summary.json
 create mode 100644 out/multiscene_foundation_corrected/local/chair/F/no_gs/summary.json.sha256
 create mode 100644 out/multiscene_foundation_corrected/local/chair/F/no_gs_loo_001/accepted.json
 create mode 100644 out/multiscene_foundation_corrected/local/chair/F/no_gs_loo_001/accepted.json.sha256
 create mode 100644 out/multiscene_foundation_corrected/local/chair/F/no_gs_loo_001/modes.json.sha256
 create mode 100644 out/multiscene_foundation_corrected/local/chair/F/no_gs_loo_001/profiles_metadata.json.sha256
 create mode 100644 out/multiscene_foundation_corrected/local/chair/F/no_gs_loo_001/queries.json
 create mode 100644 out/multiscene_foundation_corrected/local/chair/F/no_gs_loo_001/queries.json.sha256
 create mode 100644 out/multiscene_foundation_corrected/local/chair/F/no_gs_loo_001/summary.json
 create mode 100644 out/multiscene_foundation_corrected/local/chair/F/no_gs_loo_001/summary.json.sha256
 create mode 100644 out/multiscene_foundation_corrected/local/chair/F/no_gs_loo_014/accepted.json
 create mode 100644 out/multiscene_foundation_corrected/local/chair/F/no_gs_loo_014/accepted.json.sha256
 create mode 100644 out/multiscene_foundation_corrected/local/chair/F/no_gs_loo_014/modes.json.sha256
 create mode 100644 out/multiscene_foundation_corrected/local/chair/F/no_gs_loo_014/profiles_metadata.json.sha256
 create mode 100644 out/multiscene_foundation_corrected/local/chair/F/no_gs_loo_014/queries.json
 create mode 100644 out/multiscene_foundation_corrected/local/chair/F/no_gs_loo_014/queries.json.sha256
 create mode 100644 out/multiscene_foundation_corrected/local/chair/F/no_gs_loo_014/summary.json
 create mode 100644 out/multiscene_foundation_corrected/local/chair/F/no_gs_loo_014/summary.json.sha256
 create mode 100644 out/multiscene_foundation_corrected/local/chair/F/no_gs_loo_027/accepted.json
 create mode 100644 out/multiscene_foundation_corrected/local/chair/F/no_gs_loo_027/accepted.json.sha256
 create mode 100644 out/multiscene_foundation_corrected/local/chair/F/no_gs_loo_027/modes.json.sha256
 create mode 100644 out/multiscene_foundation_corrected/local/chair/F/no_gs_loo_027/profiles_metadata.json.sha256
 create mode 100644 out/multiscene_foundation_corrected/local/chair/F/no_gs_loo_027/queries.json
 create mode 100644 out/multiscene_foundation_corrected/local/chair/F/no_gs_loo_027/queries.json.sha256
 create mode 100644 out/multiscene_foundation_corrected/local/chair/F/no_gs_loo_027/summary.json
 create mode 100644 out/multiscene_foundation_corrected/local/chair/F/no_gs_loo_027/summary.json.sha256
 create mode 100644 out/multiscene_foundation_corrected/local/chair/F/no_gs_loo_041/accepted.json
 create mode 100644 out/multiscene_foundation_corrected/local/chair/F/no_gs_loo_041/accepted.json.sha256
 create mode 100644 out/multiscene_foundation_corrected/local/chair/F/no_gs_loo_041/modes.json.sha256
 create mode 100644 out/multiscene_foundation_corrected/local/chair/F/no_gs_loo_041/profiles_metadata.json.sha256
 create mode 100644 out/multiscene_foundation_corrected/local/chair/F/no_gs_loo_041/queries.json
 create mode 100644 out/multiscene_foundation_corrected/local/chair/F/no_gs_loo_041/queries.json.sha256
 create mode 100644 out/multiscene_foundation_corrected/local/chair/F/no_gs_loo_041/summary.json
 create mode 100644 out/multiscene_foundation_corrected/local/chair/F/no_gs_loo_041/summary.json.sha256
 create mode 100644 out/multiscene_foundation_corrected/local/chair/F/no_gs_loo_053/accepted.json
 create mode 100644 out/multiscene_foundation_corrected/local/chair/F/no_gs_loo_053/accepted.json.sha256
 create mode 100644 out/multiscene_foundation_corrected/local/chair/F/no_gs_loo_053/modes.json.sha256
 create mode 100644 out/multiscene_foundation_corrected/local/chair/F/no_gs_loo_053/profiles_metadata.json.sha256
 create mode 100644 out/multiscene_foundation_corrected/local/chair/F/no_gs_loo_053/queries.json
 create mode 100644 out/multiscene_foundation_corrected/local/chair/F/no_gs_loo_053/queries.json.sha256
 create mode 100644 out/multiscene_foundation_corrected/local/chair/F/no_gs_loo_053/summary.json
 create mode 100644 out/multiscene_foundation_corrected/local/chair/F/no_gs_loo_053/summary.json.sha256
 create mode 100644 out/multiscene_foundation_corrected/local/chair/F/no_gs_loo_067/accepted.json
 create mode 100644 out/multiscene_foundation_corrected/local/chair/F/no_gs_loo_067/accepted.json.sha256
 create mode 100644 out/multiscene_foundation_corrected/local/chair/F/no_gs_loo_067/modes.json.sha256
 create mode 100644 out/multiscene_foundation_corrected/local/chair/F/no_gs_loo_067/profiles_metadata.json.sha256
 create mode 100644 out/multiscene_foundation_corrected/local/chair/F/no_gs_loo_067/queries.json
 create mode 100644 out/multiscene_foundation_corrected/local/chair/F/no_gs_loo_067/queries.json.sha256
 create mode 100644 out/multiscene_foundation_corrected/local/chair/F/no_gs_loo_067/summary.json
 create mode 100644 out/multiscene_foundation_corrected/local/chair/F/no_gs_loo_067/summary.json.sha256
 create mode 100644 out/multiscene_foundation_corrected/local/chair/F/no_gs_loo_079/accepted.json
 create mode 100644 out/multiscene_foundation_corrected/local/chair/F/no_gs_loo_079/accepted.json.sha256
 create mode 100644 out/multiscene_foundation_corrected/local/chair/F/no_gs_loo_079/modes.json.sha256
 create mode 100644 out/multiscene_foundation_corrected/local/chair/F/no_gs_loo_079/profiles_metadata.json.sha256
 create mode 100644 out/multiscene_foundation_corrected/local/chair/F/no_gs_loo_079/queries.json
 create mode 100644 out/multiscene_foundation_corrected/local/chair/F/no_gs_loo_079/queries.json.sha256
 create mode 100644 out/multiscene_foundation_corrected/local/chair/F/no_gs_loo_079/summary.json
 create mode 100644 out/multiscene_foundation_corrected/local/chair/F/no_gs_loo_079/summary.json.sha256
 create mode 100644 out/multiscene_foundation_corrected/local/chair/F/no_gs_loo_093/accepted.json
 create mode 100644 out/multiscene_foundation_corrected/local/chair/F/no_gs_loo_093/accepted.json.sha256
 create mode 100644 out/multiscene_foundation_corrected/local/chair/F/no_gs_loo_093/modes.json.sha256
 create mode 100644 out/multiscene_foundation_corrected/local/chair/F/no_gs_loo_093/profiles_metadata.json.sha256
 create mode 100644 out/multiscene_foundation_corrected/local/chair/F/no_gs_loo_093/queries.json
 create mode 100644 out/multiscene_foundation_corrected/local/chair/F/no_gs_loo_093/queries.json.sha256
 create mode 100644 out/multiscene_foundation_corrected/local/chair/F/no_gs_loo_093/summary.json
 create mode 100644 out/multiscene_foundation_corrected/local/chair/F/no_gs_loo_093/summary.json.sha256
 create mode 100644 out/multiscene_foundation_corrected/local/chair/F/no_gs_offset_-1_0/accepted.json
 create mode 100644 out/multiscene_foundation_corrected/local/chair/F/no_gs_offset_-1_0/accepted.json.sha256
 create mode 100644 out/multiscene_foundation_corrected/local/chair/F/no_gs_offset_-1_0/modes.json.sha256
 create mode 100644 out/multiscene_foundation_corrected/local/chair/F/no_gs_offset_-1_0/profiles_metadata.json.sha256
 create mode 100644 out/multiscene_foundation_corrected/local/chair/F/no_gs_offset_-1_0/queries.json
 create mode 100644 out/multiscene_foundation_corrected/local/chair/F/no_gs_offset_-1_0/queries.json.sha256
 create mode 100644 out/multiscene_foundation_corrected/local/chair/F/no_gs_offset_-1_0/summary.json
 create mode 100644 out/multiscene_foundation_corrected/local/chair/F/no_gs_offset_-1_0/summary.json.sha256
 create mode 100644 out/multiscene_foundation_corrected/local/chair/F/no_gs_offset_0_-1/accepted.json
 create mode 100644 out/multiscene_foundation_corrected/local/chair/F/no_gs_offset_0_-1/accepted.json.sha256
 create mode 100644 out/multiscene_foundation_corrected/local/chair/F/no_gs_offset_0_-1/modes.json.sha256
 create mode 100644 out/multiscene_foundation_corrected/local/chair/F/no_gs_offset_0_-1/profiles_metadata.json.sha256
 create mode 100644 out/multiscene_foundation_corrected/local/chair/F/no_gs_offset_0_-1/queries.json
 create mode 100644 out/multiscene_foundation_corrected/local/chair/F/no_gs_offset_0_-1/queries.json.sha256
 create mode 100644 out/multiscene_foundation_corrected/local/chair/F/no_gs_offset_0_-1/summary.json
 create mode 100644 out/multiscene_foundation_corrected/local/chair/F/no_gs_offset_0_-1/summary.json.sha256
 create mode 100644 out/multiscene_foundation_corrected/local/chair/F/no_gs_offset_0_1/accepted.json
 create mode 100644 out/multiscene_foundation_corrected/local/chair/F/no_gs_offset_0_1/accepted.json.sha256
 create mode 100644 out/multiscene_foundation_corrected/local/chair/F/no_gs_offset_0_1/modes.json.sha256
 create mode 100644 out/multiscene_foundation_corrected/local/chair/F/no_gs_offset_0_1/profiles_metadata.json.sha256
 create mode 100644 out/multiscene_foundation_corrected/local/chair/F/no_gs_offset_0_1/queries.json
 create mode 100644 out/multiscene_foundation_corrected/local/chair/F/no_gs_offset_0_1/queries.json.sha256
 create mode 100644 out/multiscene_foundation_corrected/local/chair/F/no_gs_offset_0_1/summary.json
 create mode 100644 out/multiscene_foundation_corrected/local/chair/F/no_gs_offset_0_1/summary.json.sha256
 create mode 100644 out/multiscene_foundation_corrected/local/chair/F/no_gs_offset_1_0/accepted.json
 create mode 100644 out/multiscene_foundation_corrected/local/chair/F/no_gs_offset_1_0/accepted.json.sha256
 create mode 100644 out/multiscene_foundation_corrected/local/chair/F/no_gs_offset_1_0/modes.json.sha256
 create mode 100644 out/multiscene_foundation_corrected/local/chair/F/no_gs_offset_1_0/profiles_metadata.json.sha256
 create mode 100644 out/multiscene_foundation_corrected/local/chair/F/no_gs_offset_1_0/queries.json
 create mode 100644 out/multiscene_foundation_corrected/local/chair/F/no_gs_offset_1_0/queries.json.sha256
 create mode 100644 out/multiscene_foundation_corrected/local/chair/F/no_gs_offset_1_0/summary.json
 create mode 100644 out/multiscene_foundation_corrected/local/chair/F/no_gs_offset_1_0/summary.json.sha256
 create mode 100644 out/multiscene_foundation_corrected/local/chair/F/pca.json
 create mode 100644 out/multiscene_foundation_corrected/local/chair/F/pca.json.sha256
 create mode 100644 out/multiscene_foundation_corrected/local/chair/F/queries.json
 create mode 100644 out/multiscene_foundation_corrected/local/chair/F/queries.json.sha256
 create mode 100644 out/multiscene_foundation_corrected/local/chair/F/random.json
 create mode 100644 out/multiscene_foundation_corrected/local/chair/F/random.json.sha256
 create mode 100644 out/multiscene_foundation_corrected/local/chair/F/shifted/accepted.json
 create mode 100644 out/multiscene_foundation_corrected/local/chair/F/shifted/accepted.json.sha256
 create mode 100644 out/multiscene_foundation_corrected/local/chair/F/shifted/modes.json.sha256
 create mode 100644 out/multiscene_foundation_corrected/local/chair/F/shifted/profiles_metadata.json.sha256
 create mode 100644 out/multiscene_foundation_corrected/local/chair/F/shifted/queries.json
 create mode 100644 out/multiscene_foundation_corrected/local/chair/F/shifted/queries.json.sha256
 create mode 100644 out/multiscene_foundation_corrected/local/chair/F/shifted/summary.json
 create mode 100644 out/multiscene_foundation_corrected/local/chair/F/shifted/summary.json.sha256
 create mode 100644 out/multiscene_foundation_corrected/local/chair/F/shifted_no_gs/accepted.json
 create mode 100644 out/multiscene_foundation_corrected/local/chair/F/shifted_no_gs/accepted.json.sha256
 create mode 100644 out/multiscene_foundation_corrected/local/chair/F/shifted_no_gs/modes.json.sha256
 create mode 100644 out/multiscene_foundation_corrected/local/chair/F/shifted_no_gs/profiles_metadata.json.sha256
 create mode 100644 out/multiscene_foundation_corrected/local/chair/F/shifted_no_gs/queries.json
 create mode 100644 out/multiscene_foundation_corrected/local/chair/F/shifted_no_gs/queries.json.sha256
 create mode 100644 out/multiscene_foundation_corrected/local/chair/F/shifted_no_gs/summary.json
 create mode 100644 out/multiscene_foundation_corrected/local/chair/F/shifted_no_gs/summary.json.sha256
 create mode 100644 out/multiscene_foundation_corrected/local/chair/attempt_00_thread_contention/F/allowlist.json
 create mode 100644 out/multiscene_foundation_corrected/local/chair/attempt_00_thread_contention/F/allowlist.json.sha256
 create mode 100644 out/multiscene_foundation_corrected/local/chair/attempt_00_thread_contention/F/gs/accepted.json
 create mode 100644 out/multiscene_foundation_corrected/local/chair/attempt_00_thread_contention/F/gs/accepted.json.sha256
 create mode 100644 out/multiscene_foundation_corrected/local/chair/attempt_00_thread_contention/F/gs/modes.json.sha256
 create mode 100644 out/multiscene_foundation_corrected/local/chair/attempt_00_thread_contention/F/gs/profiles_metadata.json.sha256
 create mode 100644 out/multiscene_foundation_corrected/local/chair/attempt_00_thread_contention/F/gs/queries.json
 create mode 100644 out/multiscene_foundation_corrected/local/chair/attempt_00_thread_contention/F/gs/queries.json.sha256
 create mode 100644 out/multiscene_foundation_corrected/local/chair/attempt_00_thread_contention/F/gs/summary.json
 create mode 100644 out/multiscene_foundation_corrected/local/chair/attempt_00_thread_contention/F/gs/summary.json.sha256
 create mode 100644 out/multiscene_foundation_corrected/local/chair/attempt_00_thread_contention/F/no_gs/queries.json
 create mode 100644 out/multiscene_foundation_corrected/local/chair/attempt_00_thread_contention/F/no_gs/queries.json.sha256
 create mode 100644 out/multiscene_foundation_corrected/local/chair/attempt_00_thread_contention/F/queries.json
 create mode 100644 out/multiscene_foundation_corrected/local/chair/attempt_00_thread_contention/F/queries.json.sha256
 create mode 100644 out/multiscene_foundation_corrected/local/chair/attempt_01_serial/F/allowlist.json
 create mode 100644 out/multiscene_foundation_corrected/local/chair/attempt_01_serial/F/allowlist.json.sha256
 create mode 100644 out/multiscene_foundation_corrected/local/chair/attempt_01_serial/F/gs/accepted.json
 create mode 100644 out/multiscene_foundation_corrected/local/chair/attempt_01_serial/F/gs/accepted.json.sha256
 create mode 100644 out/multiscene_foundation_corrected/local/chair/attempt_01_serial/F/gs/modes.json.sha256
 create mode 100644 out/multiscene_foundation_corrected/local/chair/attempt_01_serial/F/gs/profiles_metadata.json.sha256
 create mode 100644 out/multiscene_foundation_corrected/local/chair/attempt_01_serial/F/gs/queries.json
 create mode 100644 out/multiscene_foundation_corrected/local/chair/attempt_01_serial/F/gs/queries.json.sha256
 create mode 100644 out/multiscene_foundation_corrected/local/chair/attempt_01_serial/F/gs/summary.json
 create mode 100644 out/multiscene_foundation_corrected/local/chair/attempt_01_serial/F/gs/summary.json.sha256
 create mode 100644 out/multiscene_foundation_corrected/local/chair/attempt_01_serial/F/no_gs/queries.json
 create mode 100644 out/multiscene_foundation_corrected/local/chair/attempt_01_serial/F/no_gs/queries.json.sha256
 create mode 100644 out/multiscene_foundation_corrected/local/chair/attempt_01_serial/F/queries.json
 create mode 100644 out/multiscene_foundation_corrected/local/chair/attempt_01_serial/F/queries.json.sha256
 create mode 100644 out/multiscene_foundation_corrected/local/chair/layers/moment_split_00/allowlist.json
 create mode 100644 out/multiscene_foundation_corrected/local/chair/layers/moment_split_00/allowlist.json.sha256
 create mode 100644 out/multiscene_foundation_corrected/local/chair/layers/moment_split_00/complete.json
 create mode 100644 out/multiscene_foundation_corrected/local/chair/layers/moment_split_00/complete.json.sha256
 create mode 100644 out/multiscene_foundation_corrected/local/chair/layers/moment_split_01/allowlist.json
 create mode 100644 out/multiscene_foundation_corrected/local/chair/layers/moment_split_01/allowlist.json.sha256
 create mode 100644 out/multiscene_foundation_corrected/local/chair/layers/moment_split_01/complete.json
 create mode 100644 out/multiscene_foundation_corrected/local/chair/layers/moment_split_01/complete.json.sha256
 create mode 100644 out/multiscene_foundation_corrected/local/chair/layers/moment_split_02/allowlist.json
 create mode 100644 out/multiscene_foundation_corrected/local/chair/layers/moment_split_02/allowlist.json.sha256
 create mode 100644 out/multiscene_foundation_corrected/local/chair/layers/moment_split_02/complete.json
 create mode 100644 out/multiscene_foundation_corrected/local/chair/layers/moment_split_02/complete.json.sha256
 create mode 100644 out/multiscene_foundation_corrected/local/chair/layers/moment_split_03/allowlist.json
 create mode 100644 out/multiscene_foundation_corrected/local/chair/layers/moment_split_03/allowlist.json.sha256
 create mode 100644 out/multiscene_foundation_corrected/local/chair/layers/moment_split_03/complete.json
 create mode 100644 out/multiscene_foundation_corrected/local/chair/layers/moment_split_03/complete.json.sha256
 create mode 100644 out/multiscene_foundation_corrected/local/chair/layers/redistribute_00/allowlist.json
 create mode 100644 out/multiscene_foundation_corrected/local/chair/layers/redistribute_00/allowlist.json.sha256
 create mode 100644 out/multiscene_foundation_corrected/local/chair/layers/redistribute_00/complete.json
 create mode 100644 out/multiscene_foundation_corrected/local/chair/layers/redistribute_00/complete.json.sha256
 create mode 100644 out/multiscene_foundation_corrected/local/chair/layers/redistribute_01/allowlist.json
 create mode 100644 out/multiscene_foundation_corrected/local/chair/layers/redistribute_01/allowlist.json.sha256
 create mode 100644 out/multiscene_foundation_corrected/local/chair/layers/redistribute_01/complete.json
 create mode 100644 out/multiscene_foundation_corrected/local/chair/layers/redistribute_01/complete.json.sha256
 create mode 100644 out/multiscene_foundation_corrected/local/chair/layers/redistribute_02/allowlist.json
 create mode 100644 out/multiscene_foundation_corrected/local/chair/layers/redistribute_02/allowlist.json.sha256
 create mode 100644 out/multiscene_foundation_corrected/local/chair/layers/redistribute_02/complete.json
 create mode 100644 out/multiscene_foundation_corrected/local/chair/layers/redistribute_02/complete.json.sha256
 create mode 100644 out/multiscene_foundation_corrected/local/chair/layers/redistribute_03/allowlist.json
 create mode 100644 out/multiscene_foundation_corrected/local/chair/layers/redistribute_03/allowlist.json.sha256
 create mode 100644 out/multiscene_foundation_corrected/local/chair/layers/redistribute_03/complete.json
 create mode 100644 out/multiscene_foundation_corrected/local/chair/layers/redistribute_03/complete.json.sha256
 create mode 100644 out/multiscene_foundation_corrected/local/chair/layers/redistribute_04/allowlist.json
 create mode 100644 out/multiscene_foundation_corrected/local/chair/layers/redistribute_04/allowlist.json.sha256
 create mode 100644 out/multiscene_foundation_corrected/local/chair/layers/redistribute_04/complete.json
 create mode 100644 out/multiscene_foundation_corrected/local/chair/layers/redistribute_04/complete.json.sha256
 create mode 100644 out/multiscene_foundation_corrected/local/chair/layers/seed_1729/allowlist.json
 create mode 100644 out/multiscene_foundation_corrected/local/chair/layers/seed_1729/allowlist.json.sha256
 create mode 100644 out/multiscene_foundation_corrected/local/chair/layers/seed_1729/complete.json
 create mode 100644 out/multiscene_foundation_corrected/local/chair/layers/seed_1729/complete.json.sha256
 create mode 100644 out/multiscene_foundation_corrected/local/chair/layers/seed_2718/allowlist.json
 create mode 100644 out/multiscene_foundation_corrected/local/chair/layers/seed_2718/allowlist.json.sha256
 create mode 100644 out/multiscene_foundation_corrected/local/chair/layers/seed_2718/complete.json
 create mode 100644 out/multiscene_foundation_corrected/local/chair/layers/seed_2718/complete.json.sha256
 create mode 100644 out/multiscene_foundation_corrected/local/lego/F/F_predictions.json
 create mode 100644 out/multiscene_foundation_corrected/local/lego/F/F_predictions.json.sha256
 create mode 100644 out/multiscene_foundation_corrected/local/lego/F/allowlist.json
 create mode 100644 out/multiscene_foundation_corrected/local/lego/F/allowlist.json.sha256
 create mode 100644 out/multiscene_foundation_corrected/local/lego/F/background_queries.json
 create mode 100644 out/multiscene_foundation_corrected/local/lego/F/background_queries.json.sha256
 create mode 100644 out/multiscene_foundation_corrected/local/lego/F/control_completion/allowlist.json
 create mode 100644 out/multiscene_foundation_corrected/local/lego/F/control_completion/allowlist.json.sha256
 create mode 100644 out/multiscene_foundation_corrected/local/lego/F/control_completion/complete.json
 create mode 100644 out/multiscene_foundation_corrected/local/lego/F/control_completion/complete.json.sha256
 create mode 100644 out/multiscene_foundation_corrected/local/lego/F/frozen.json
 create mode 100644 out/multiscene_foundation_corrected/local/lego/F/frozen.json.sha256
 create mode 100644 out/multiscene_foundation_corrected/local/lego/F/gs/accepted.json
 create mode 100644 out/multiscene_foundation_corrected/local/lego/F/gs/accepted.json.sha256
 create mode 100644 out/multiscene_foundation_corrected/local/lego/F/gs/modes.json.sha256
 create mode 100644 out/multiscene_foundation_corrected/local/lego/F/gs/profiles_metadata.json.sha256
 create mode 100644 out/multiscene_foundation_corrected/local/lego/F/gs/queries.json
 create mode 100644 out/multiscene_foundation_corrected/local/lego/F/gs/queries.json.sha256
 create mode 100644 out/multiscene_foundation_corrected/local/lego/F/gs/summary.json
 create mode 100644 out/multiscene_foundation_corrected/local/lego/F/gs/summary.json.sha256
 create mode 100644 out/multiscene_foundation_corrected/local/lego/F/gs_loo_001/accepted.json
 create mode 100644 out/multiscene_foundation_corrected/local/lego/F/gs_loo_001/accepted.json.sha256
 create mode 100644 out/multiscene_foundation_corrected/local/lego/F/gs_loo_001/modes.json.sha256
 create mode 100644 out/multiscene_foundation_corrected/local/lego/F/gs_loo_001/profiles_metadata.json.sha256
 create mode 100644 out/multiscene_foundation_corrected/local/lego/F/gs_loo_001/queries.json
 create mode 100644 out/multiscene_foundation_corrected/local/lego/F/gs_loo_001/queries.json.sha256
 create mode 100644 out/multiscene_foundation_corrected/local/lego/F/gs_loo_001/summary.json
 create mode 100644 out/multiscene_foundation_corrected/local/lego/F/gs_loo_001/summary.json.sha256
 create mode 100644 out/multiscene_foundation_corrected/local/lego/F/gs_loo_014/accepted.json
 create mode 100644 out/multiscene_foundation_corrected/local/lego/F/gs_loo_014/accepted.json.sha256
 create mode 100644 out/multiscene_foundation_corrected/local/lego/F/gs_loo_014/modes.json.sha256
 create mode 100644 out/multiscene_foundation_corrected/local/lego/F/gs_loo_014/profiles_metadata.json.sha256
 create mode 100644 out/multiscene_foundation_corrected/local/lego/F/gs_loo_014/queries.json
 create mode 100644 out/multiscene_foundation_corrected/local/lego/F/gs_loo_014/queries.json.sha256
 create mode 100644 out/multiscene_foundation_corrected/local/lego/F/gs_loo_014/summary.json
 create mode 100644 out/multiscene_foundation_corrected/local/lego/F/gs_loo_014/summary.json.sha256
 create mode 100644 out/multiscene_foundation_corrected/local/lego/F/gs_loo_027/accepted.json
 create mode 100644 out/multiscene_foundation_corrected/local/lego/F/gs_loo_027/accepted.json.sha256
 create mode 100644 out/multiscene_foundation_corrected/local/lego/F/gs_loo_027/modes.json.sha256
 create mode 100644 out/multiscene_foundation_corrected/local/lego/F/gs_loo_027/profiles_metadata.json.sha256
 create mode 100644 out/multiscene_foundation_corrected/local/lego/F/gs_loo_027/queries.json
 create mode 100644 out/multiscene_foundation_corrected/local/lego/F/gs_loo_027/queries.json.sha256
 create mode 100644 out/multiscene_foundation_corrected/local/lego/F/gs_loo_027/summary.json
 create mode 100644 out/multiscene_foundation_corrected/local/lego/F/gs_loo_027/summary.json.sha256
 create mode 100644 out/multiscene_foundation_corrected/local/lego/F/gs_loo_041/accepted.json
 create mode 100644 out/multiscene_foundation_corrected/local/lego/F/gs_loo_041/accepted.json.sha256
 create mode 100644 out/multiscene_foundation_corrected/local/lego/F/gs_loo_041/modes.json.sha256
 create mode 100644 out/multiscene_foundation_corrected/local/lego/F/gs_loo_041/profiles_metadata.json.sha256
 create mode 100644 out/multiscene_foundation_corrected/local/lego/F/gs_loo_041/queries.json
 create mode 100644 out/multiscene_foundation_corrected/local/lego/F/gs_loo_041/queries.json.sha256
 create mode 100644 out/multiscene_foundation_corrected/local/lego/F/gs_loo_041/summary.json
 create mode 100644 out/multiscene_foundation_corrected/local/lego/F/gs_loo_041/summary.json.sha256
 create mode 100644 out/multiscene_foundation_corrected/local/lego/F/gs_loo_053/accepted.json
 create mode 100644 out/multiscene_foundation_corrected/local/lego/F/gs_loo_053/accepted.json.sha256
 create mode 100644 out/multiscene_foundation_corrected/local/lego/F/gs_loo_053/modes.json.sha256
 create mode 100644 out/multiscene_foundation_corrected/local/lego/F/gs_loo_053/profiles_metadata.json.sha256
 create mode 100644 out/multiscene_foundation_corrected/local/lego/F/gs_loo_053/queries.json
 create mode 100644 out/multiscene_foundation_corrected/local/lego/F/gs_loo_053/queries.json.sha256
 create mode 100644 out/multiscene_foundation_corrected/local/lego/F/gs_loo_053/summary.json
 create mode 100644 out/multiscene_foundation_corrected/local/lego/F/gs_loo_053/summary.json.sha256
 create mode 100644 out/multiscene_foundation_corrected/local/lego/F/gs_loo_067/accepted.json
 create mode 100644 out/multiscene_foundation_corrected/local/lego/F/gs_loo_067/accepted.json.sha256
 create mode 100644 out/multiscene_foundation_corrected/local/lego/F/gs_loo_067/modes.json.sha256
 create mode 100644 out/multiscene_foundation_corrected/local/lego/F/gs_loo_067/profiles_metadata.json.sha256
 create mode 100644 out/multiscene_foundation_corrected/local/lego/F/gs_loo_067/queries.json
 create mode 100644 out/multiscene_foundation_corrected/local/lego/F/gs_loo_067/queries.json.sha256
 create mode 100644 out/multiscene_foundation_corrected/local/lego/F/gs_loo_067/summary.json
 create mode 100644 out/multiscene_foundation_corrected/local/lego/F/gs_loo_067/summary.json.sha256
 create mode 100644 out/multiscene_foundation_corrected/local/lego/F/gs_loo_079/accepted.json
 create mode 100644 out/multiscene_foundation_corrected/local/lego/F/gs_loo_079/accepted.json.sha256
 create mode 100644 out/multiscene_foundation_corrected/local/lego/F/gs_loo_079/modes.json.sha256
 create mode 100644 out/multiscene_foundation_corrected/local/lego/F/gs_loo_079/profiles_metadata.json.sha256
 create mode 100644 out/multiscene_foundation_corrected/local/lego/F/gs_loo_079/queries.json
 create mode 100644 out/multiscene_foundation_corrected/local/lego/F/gs_loo_079/queries.json.sha256
 create mode 100644 out/multiscene_foundation_corrected/local/lego/F/gs_loo_079/summary.json
 create mode 100644 out/multiscene_foundation_corrected/local/lego/F/gs_loo_079/summary.json.sha256
 create mode 100644 out/multiscene_foundation_corrected/local/lego/F/gs_loo_093/accepted.json
 create mode 100644 out/multiscene_foundation_corrected/local/lego/F/gs_loo_093/accepted.json.sha256
 create mode 100644 out/multiscene_foundation_corrected/local/lego/F/gs_loo_093/modes.json.sha256
 create mode 100644 out/multiscene_foundation_corrected/local/lego/F/gs_loo_093/profiles_metadata.json.sha256
 create mode 100644 out/multiscene_foundation_corrected/local/lego/F/gs_loo_093/queries.json
 create mode 100644 out/multiscene_foundation_corrected/local/lego/F/gs_loo_093/queries.json.sha256
 create mode 100644 out/multiscene_foundation_corrected/local/lego/F/gs_loo_093/summary.json
 create mode 100644 out/multiscene_foundation_corrected/local/lego/F/gs_loo_093/summary.json.sha256
 create mode 100644 out/multiscene_foundation_corrected/local/lego/F/gs_offset_-1_0/accepted.json
 create mode 100644 out/multiscene_foundation_corrected/local/lego/F/gs_offset_-1_0/accepted.json.sha256
 create mode 100644 out/multiscene_foundation_corrected/local/lego/F/gs_offset_-1_0/modes.json.sha256
 create mode 100644 out/multiscene_foundation_corrected/local/lego/F/gs_offset_-1_0/profiles_metadata.json.sha256
 create mode 100644 out/multiscene_foundation_corrected/local/lego/F/gs_offset_-1_0/queries.json
 create mode 100644 out/multiscene_foundation_corrected/local/lego/F/gs_offset_-1_0/queries.json.sha256
 create mode 100644 out/multiscene_foundation_corrected/local/lego/F/gs_offset_-1_0/summary.json
 create mode 100644 out/multiscene_foundation_corrected/local/lego/F/gs_offset_-1_0/summary.json.sha256
 create mode 100644 out/multiscene_foundation_corrected/local/lego/F/gs_offset_0_-1/accepted.json
 create mode 100644 out/multiscene_foundation_corrected/local/lego/F/gs_offset_0_-1/accepted.json.sha256
 create mode 100644 out/multiscene_foundation_corrected/local/lego/F/gs_offset_0_-1/modes.json.sha256
 create mode 100644 out/multiscene_foundation_corrected/local/lego/F/gs_offset_0_-1/profiles_metadata.json.sha256
 create mode 100644 out/multiscene_foundation_corrected/local/lego/F/gs_offset_0_-1/queries.json
 create mode 100644 out/multiscene_foundation_corrected/local/lego/F/gs_offset_0_-1/queries.json.sha256
 create mode 100644 out/multiscene_foundation_corrected/local/lego/F/gs_offset_0_-1/summary.json
 create mode 100644 out/multiscene_foundation_corrected/local/lego/F/gs_offset_0_-1/summary.json.sha256
 create mode 100644 out/multiscene_foundation_corrected/local/lego/F/gs_offset_0_1/accepted.json
 create mode 100644 out/multiscene_foundation_corrected/local/lego/F/gs_offset_0_1/accepted.json.sha256
 create mode 100644 out/multiscene_foundation_corrected/local/lego/F/gs_offset_0_1/modes.json.sha256
 create mode 100644 out/multiscene_foundation_corrected/local/lego/F/gs_offset_0_1/profiles_metadata.json.sha256
 create mode 100644 out/multiscene_foundation_corrected/local/lego/F/gs_offset_0_1/queries.json
 create mode 100644 out/multiscene_foundation_corrected/local/lego/F/gs_offset_0_1/queries.json.sha256
 create mode 100644 out/multiscene_foundation_corrected/local/lego/F/gs_offset_0_1/summary.json
 create mode 100644 out/multiscene_foundation_corrected/local/lego/F/gs_offset_0_1/summary.json.sha256
 create mode 100644 out/multiscene_foundation_corrected/local/lego/F/gs_offset_1_0/accepted.json
 create mode 100644 out/multiscene_foundation_corrected/local/lego/F/gs_offset_1_0/accepted.json.sha256
 create mode 100644 out/multiscene_foundation_corrected/local/lego/F/gs_offset_1_0/modes.json.sha256
 create mode 100644 out/multiscene_foundation_corrected/local/lego/F/gs_offset_1_0/profiles_metadata.json.sha256
 create mode 100644 out/multiscene_foundation_corrected/local/lego/F/gs_offset_1_0/queries.json
 create mode 100644 out/multiscene_foundation_corrected/local/lego/F/gs_offset_1_0/queries.json.sha256
 create mode 100644 out/multiscene_foundation_corrected/local/lego/F/gs_offset_1_0/summary.json
 create mode 100644 out/multiscene_foundation_corrected/local/lego/F/gs_offset_1_0/summary.json.sha256
 create mode 100644 out/multiscene_foundation_corrected/local/lego/F/no_gs/accepted.json
 create mode 100644 out/multiscene_foundation_corrected/local/lego/F/no_gs/accepted.json.sha256
 create mode 100644 out/multiscene_foundation_corrected/local/lego/F/no_gs/modes.json.sha256
 create mode 100644 out/multiscene_foundation_corrected/local/lego/F/no_gs/profiles_metadata.json.sha256
 create mode 100644 out/multiscene_foundation_corrected/local/lego/F/no_gs/queries.json
 create mode 100644 out/multiscene_foundation_corrected/local/lego/F/no_gs/queries.json.sha256
 create mode 100644 out/multiscene_foundation_corrected/local/lego/F/no_gs/summary.json
 create mode 100644 out/multiscene_foundation_corrected/local/lego/F/no_gs/summary.json.sha256
 create mode 100644 out/multiscene_foundation_corrected/local/lego/F/no_gs_loo_001/accepted.json
 create mode 100644 out/multiscene_foundation_corrected/local/lego/F/no_gs_loo_001/accepted.json.sha256
 create mode 100644 out/multiscene_foundation_corrected/local/lego/F/no_gs_loo_001/modes.json.sha256
 create mode 100644 out/multiscene_foundation_corrected/local/lego/F/no_gs_loo_001/profiles_metadata.json.sha256
 create mode 100644 out/multiscene_foundation_corrected/local/lego/F/no_gs_loo_001/queries.json
 create mode 100644 out/multiscene_foundation_corrected/local/lego/F/no_gs_loo_001/queries.json.sha256
 create mode 100644 out/multiscene_foundation_corrected/local/lego/F/no_gs_loo_001/summary.json
 create mode 100644 out/multiscene_foundation_corrected/local/lego/F/no_gs_loo_001/summary.json.sha256
 create mode 100644 out/multiscene_foundation_corrected/local/lego/F/no_gs_loo_014/accepted.json
 create mode 100644 out/multiscene_foundation_corrected/local/lego/F/no_gs_loo_014/accepted.json.sha256
 create mode 100644 out/multiscene_foundation_corrected/local/lego/F/no_gs_loo_014/modes.json.sha256
 create mode 100644 out/multiscene_foundation_corrected/local/lego/F/no_gs_loo_014/profiles_metadata.json.sha256
 create mode 100644 out/multiscene_foundation_corrected/local/lego/F/no_gs_loo_014/queries.json
 create mode 100644 out/multiscene_foundation_corrected/local/lego/F/no_gs_loo_014/queries.json.sha256
 create mode 100644 out/multiscene_foundation_corrected/local/lego/F/no_gs_loo_014/summary.json
 create mode 100644 out/multiscene_foundation_corrected/local/lego/F/no_gs_loo_014/summary.json.sha256
 create mode 100644 out/multiscene_foundation_corrected/local/lego/F/no_gs_loo_027/accepted.json
 create mode 100644 out/multiscene_foundation_corrected/local/lego/F/no_gs_loo_027/accepted.json.sha256
 create mode 100644 out/multiscene_foundation_corrected/local/lego/F/no_gs_loo_027/modes.json.sha256
 create mode 100644 out/multiscene_foundation_corrected/local/lego/F/no_gs_loo_027/profiles_metadata.json.sha256
 create mode 100644 out/multiscene_foundation_corrected/local/lego/F/no_gs_loo_027/queries.json
 create mode 100644 out/multiscene_foundation_corrected/local/lego/F/no_gs_loo_027/queries.json.sha256
 create mode 100644 out/multiscene_foundation_corrected/local/lego/F/no_gs_loo_027/summary.json
 create mode 100644 out/multiscene_foundation_corrected/local/lego/F/no_gs_loo_027/summary.json.sha256
 create mode 100644 out/multiscene_foundation_corrected/local/lego/F/no_gs_loo_041/accepted.json
 create mode 100644 out/multiscene_foundation_corrected/local/lego/F/no_gs_loo_041/accepted.json.sha256
 create mode 100644 out/multiscene_foundation_corrected/local/lego/F/no_gs_loo_041/modes.json.sha256
 create mode 100644 out/multiscene_foundation_corrected/local/lego/F/no_gs_loo_041/profiles_metadata.json.sha256
 create mode 100644 out/multiscene_foundation_corrected/local/lego/F/no_gs_loo_041/queries.json
 create mode 100644 out/multiscene_foundation_corrected/local/lego/F/no_gs_loo_041/queries.json.sha256
 create mode 100644 out/multiscene_foundation_corrected/local/lego/F/no_gs_loo_041/summary.json
 create mode 100644 out/multiscene_foundation_corrected/local/lego/F/no_gs_loo_041/summary.json.sha256
 create mode 100644 out/multiscene_foundation_corrected/local/lego/F/no_gs_loo_053/accepted.json
 create mode 100644 out/multiscene_foundation_corrected/local/lego/F/no_gs_loo_053/accepted.json.sha256
 create mode 100644 out/multiscene_foundation_corrected/local/lego/F/no_gs_loo_053/modes.json.sha256
 create mode 100644 out/multiscene_foundation_corrected/local/lego/F/no_gs_loo_053/profiles_metadata.json.sha256
 create mode 100644 out/multiscene_foundation_corrected/local/lego/F/no_gs_loo_053/queries.json
 create mode 100644 out/multiscene_foundation_corrected/local/lego/F/no_gs_loo_053/queries.json.sha256
 create mode 100644 out/multiscene_foundation_corrected/local/lego/F/no_gs_loo_053/summary.json
 create mode 100644 out/multiscene_foundation_corrected/local/lego/F/no_gs_loo_053/summary.json.sha256
 create mode 100644 out/multiscene_foundation_corrected/local/lego/F/no_gs_loo_067/accepted.json
 create mode 100644 out/multiscene_foundation_corrected/local/lego/F/no_gs_loo_067/accepted.json.sha256
 create mode 100644 out/multiscene_foundation_corrected/local/lego/F/no_gs_loo_067/modes.json.sha256
 create mode 100644 out/multiscene_foundation_corrected/local/lego/F/no_gs_loo_067/profiles_metadata.json.sha256
 create mode 100644 out/multiscene_foundation_corrected/local/lego/F/no_gs_loo_067/queries.json
 create mode 100644 out/multiscene_foundation_corrected/local/lego/F/no_gs_loo_067/queries.json.sha256
 create mode 100644 out/multiscene_foundation_corrected/local/lego/F/no_gs_loo_067/summary.json
 create mode 100644 out/multiscene_foundation_corrected/local/lego/F/no_gs_loo_067/summary.json.sha256
 create mode 100644 out/multiscene_foundation_corrected/local/lego/F/no_gs_loo_079/accepted.json
 create mode 100644 out/multiscene_foundation_corrected/local/lego/F/no_gs_loo_079/accepted.json.sha256
 create mode 100644 out/multiscene_foundation_corrected/local/lego/F/no_gs_loo_079/modes.json.sha256
 create mode 100644 out/multiscene_foundation_corrected/local/lego/F/no_gs_loo_079/profiles_metadata.json.sha256
 create mode 100644 out/multiscene_foundation_corrected/local/lego/F/no_gs_loo_079/queries.json
 create mode 100644 out/multiscene_foundation_corrected/local/lego/F/no_gs_loo_079/queries.json.sha256
 create mode 100644 out/multiscene_foundation_corrected/local/lego/F/no_gs_loo_079/summary.json
 create mode 100644 out/multiscene_foundation_corrected/local/lego/F/no_gs_loo_079/summary.json.sha256
 create mode 100644 out/multiscene_foundation_corrected/local/lego/F/no_gs_loo_093/accepted.json
 create mode 100644 out/multiscene_foundation_corrected/local/lego/F/no_gs_loo_093/accepted.json.sha256
 create mode 100644 out/multiscene_foundation_corrected/local/lego/F/no_gs_loo_093/modes.json.sha256
 create mode 100644 out/multiscene_foundation_corrected/local/lego/F/no_gs_loo_093/profiles_metadata.json.sha256
 create mode 100644 out/multiscene_foundation_corrected/local/lego/F/no_gs_loo_093/queries.json
 create mode 100644 out/multiscene_foundation_corrected/local/lego/F/no_gs_loo_093/queries.json.sha256
 create mode 100644 out/multiscene_foundation_corrected/local/lego/F/no_gs_loo_093/summary.json
 create mode 100644 out/multiscene_foundation_corrected/local/lego/F/no_gs_loo_093/summary.json.sha256
 create mode 100644 out/multiscene_foundation_corrected/local/lego/F/no_gs_offset_-1_0/accepted.json
 create mode 100644 out/multiscene_foundation_corrected/local/lego/F/no_gs_offset_-1_0/accepted.json.sha256
 create mode 100644 out/multiscene_foundation_corrected/local/lego/F/no_gs_offset_-1_0/modes.json.sha256
 create mode 100644 out/multiscene_foundation_corrected/local/lego/F/no_gs_offset_-1_0/profiles_metadata.json.sha256
 create mode 100644 out/multiscene_foundation_corrected/local/lego/F/no_gs_offset_-1_0/queries.json
 create mode 100644 out/multiscene_foundation_corrected/local/lego/F/no_gs_offset_-1_0/queries.json.sha256
 create mode 100644 out/multiscene_foundation_corrected/local/lego/F/no_gs_offset_-1_0/summary.json
 create mode 100644 out/multiscene_foundation_corrected/local/lego/F/no_gs_offset_-1_0/summary.json.sha256
 create mode 100644 out/multiscene_foundation_corrected/local/lego/F/no_gs_offset_0_-1/accepted.json
 create mode 100644 out/multiscene_foundation_corrected/local/lego/F/no_gs_offset_0_-1/accepted.json.sha256
 create mode 100644 out/multiscene_foundation_corrected/local/lego/F/no_gs_offset_0_-1/modes.json.sha256
 create mode 100644 out/multiscene_foundation_corrected/local/lego/F/no_gs_offset_0_-1/profiles_metadata.json.sha256
 create mode 100644 out/multiscene_foundation_corrected/local/lego/F/no_gs_offset_0_-1/queries.json
 create mode 100644 out/multiscene_foundation_corrected/local/lego/F/no_gs_offset_0_-1/queries.json.sha256
 create mode 100644 out/multiscene_foundation_corrected/local/lego/F/no_gs_offset_0_-1/summary.json
 create mode 100644 out/multiscene_foundation_corrected/local/lego/F/no_gs_offset_0_-1/summary.json.sha256
 create mode 100644 out/multiscene_foundation_corrected/local/lego/F/no_gs_offset_0_1/accepted.json
 create mode 100644 out/multiscene_foundation_corrected/local/lego/F/no_gs_offset_0_1/accepted.json.sha256
 create mode 100644 out/multiscene_foundation_corrected/local/lego/F/no_gs_offset_0_1/modes.json.sha256
 create mode 100644 out/multiscene_foundation_corrected/local/lego/F/no_gs_offset_0_1/profiles_metadata.json.sha256
 create mode 100644 out/multiscene_foundation_corrected/local/lego/F/no_gs_offset_0_1/queries.json
 create mode 100644 out/multiscene_foundation_corrected/local/lego/F/no_gs_offset_0_1/queries.json.sha256
 create mode 100644 out/multiscene_foundation_corrected/local/lego/F/no_gs_offset_0_1/summary.json
 create mode 100644 out/multiscene_foundation_corrected/local/lego/F/no_gs_offset_0_1/summary.json.sha256
 create mode 100644 out/multiscene_foundation_corrected/local/lego/F/no_gs_offset_1_0/accepted.json
 create mode 100644 out/multiscene_foundation_corrected/local/lego/F/no_gs_offset_1_0/accepted.json.sha256
 create mode 100644 out/multiscene_foundation_corrected/local/lego/F/no_gs_offset_1_0/modes.json.sha256
 create mode 100644 out/multiscene_foundation_corrected/local/lego/F/no_gs_offset_1_0/profiles_metadata.json.sha256
 create mode 100644 out/multiscene_foundation_corrected/local/lego/F/no_gs_offset_1_0/queries.json
 create mode 100644 out/multiscene_foundation_corrected/local/lego/F/no_gs_offset_1_0/queries.json.sha256
 create mode 100644 out/multiscene_foundation_corrected/local/lego/F/no_gs_offset_1_0/summary.json
 create mode 100644 out/multiscene_foundation_corrected/local/lego/F/no_gs_offset_1_0/summary.json.sha256
 create mode 100644 out/multiscene_foundation_corrected/local/lego/F/pca.json
 create mode 100644 out/multiscene_foundation_corrected/local/lego/F/pca.json.sha256
 create mode 100644 out/multiscene_foundation_corrected/local/lego/F/queries.json
 create mode 100644 out/multiscene_foundation_corrected/local/lego/F/queries.json.sha256
 create mode 100644 out/multiscene_foundation_corrected/local/lego/F/random.json
 create mode 100644 out/multiscene_foundation_corrected/local/lego/F/random.json.sha256
 create mode 100644 out/multiscene_foundation_corrected/local/lego/F/shifted/accepted.json
 create mode 100644 out/multiscene_foundation_corrected/local/lego/F/shifted/accepted.json.sha256
 create mode 100644 out/multiscene_foundation_corrected/local/lego/F/shifted/modes.json.sha256
 create mode 100644 out/multiscene_foundation_corrected/local/lego/F/shifted/profiles_metadata.json.sha256
 create mode 100644 out/multiscene_foundation_corrected/local/lego/F/shifted/queries.json
 create mode 100644 out/multiscene_foundation_corrected/local/lego/F/shifted/queries.json.sha256
 create mode 100644 out/multiscene_foundation_corrected/local/lego/F/shifted/summary.json
 create mode 100644 out/multiscene_foundation_corrected/local/lego/F/shifted/summary.json.sha256
 create mode 100644 out/multiscene_foundation_corrected/local/lego/F/shifted_no_gs/accepted.json
 create mode 100644 out/multiscene_foundation_corrected/local/lego/F/shifted_no_gs/accepted.json.sha256
 create mode 100644 out/multiscene_foundation_corrected/local/lego/F/shifted_no_gs/modes.json.sha256
 create mode 100644 out/multiscene_foundation_corrected/local/lego/F/shifted_no_gs/profiles_metadata.json.sha256
 create mode 100644 out/multiscene_foundation_corrected/local/lego/F/shifted_no_gs/queries.json
 create mode 100644 out/multiscene_foundation_corrected/local/lego/F/shifted_no_gs/queries.json.sha256
 create mode 100644 out/multiscene_foundation_corrected/local/lego/F/shifted_no_gs/summary.json
 create mode 100644 out/multiscene_foundation_corrected/local/lego/F/shifted_no_gs/summary.json.sha256
 create mode 100644 out/multiscene_foundation_corrected/local/lego/attempt_00_thread_contention/F/allowlist.json
 create mode 100644 out/multiscene_foundation_corrected/local/lego/attempt_00_thread_contention/F/allowlist.json.sha256
 create mode 100644 out/multiscene_foundation_corrected/local/lego/attempt_00_thread_contention/F/gs/queries.json
 create mode 100644 out/multiscene_foundation_corrected/local/lego/attempt_00_thread_contention/F/gs/queries.json.sha256
 create mode 100644 out/multiscene_foundation_corrected/local/lego/attempt_00_thread_contention/F/queries.json
 create mode 100644 out/multiscene_foundation_corrected/local/lego/attempt_00_thread_contention/F/queries.json.sha256
 create mode 100644 out/multiscene_foundation_corrected/local/lego/attempt_01_serial/F/allowlist.json
 create mode 100644 out/multiscene_foundation_corrected/local/lego/attempt_01_serial/F/allowlist.json.sha256
 create mode 100644 out/multiscene_foundation_corrected/local/lego/attempt_01_serial/F/background_queries.json
 create mode 100644 out/multiscene_foundation_corrected/local/lego/attempt_01_serial/F/background_queries.json.sha256
 create mode 100644 out/multiscene_foundation_corrected/local/lego/attempt_01_serial/F/gs/accepted.json
 create mode 100644 out/multiscene_foundation_corrected/local/lego/attempt_01_serial/F/gs/accepted.json.sha256
 create mode 100644 out/multiscene_foundation_corrected/local/lego/attempt_01_serial/F/gs/modes.json.sha256
 create mode 100644 out/multiscene_foundation_corrected/local/lego/attempt_01_serial/F/gs/profiles_metadata.json.sha256
 create mode 100644 out/multiscene_foundation_corrected/local/lego/attempt_01_serial/F/gs/queries.json
 create mode 100644 out/multiscene_foundation_corrected/local/lego/attempt_01_serial/F/gs/queries.json.sha256
 create mode 100644 out/multiscene_foundation_corrected/local/lego/attempt_01_serial/F/gs/summary.json
 create mode 100644 out/multiscene_foundation_corrected/local/lego/attempt_01_serial/F/gs/summary.json.sha256
 create mode 100644 out/multiscene_foundation_corrected/local/lego/attempt_01_serial/F/no_gs/accepted.json
 create mode 100644 out/multiscene_foundation_corrected/local/lego/attempt_01_serial/F/no_gs/accepted.json.sha256
 create mode 100644 out/multiscene_foundation_corrected/local/lego/attempt_01_serial/F/no_gs/modes.json.sha256
 create mode 100644 out/multiscene_foundation_corrected/local/lego/attempt_01_serial/F/no_gs/profiles_metadata.json.sha256
 create mode 100644 out/multiscene_foundation_corrected/local/lego/attempt_01_serial/F/no_gs/queries.json
 create mode 100644 out/multiscene_foundation_corrected/local/lego/attempt_01_serial/F/no_gs/queries.json.sha256
 create mode 100644 out/multiscene_foundation_corrected/local/lego/attempt_01_serial/F/no_gs/summary.json
 create mode 100644 out/multiscene_foundation_corrected/local/lego/attempt_01_serial/F/no_gs/summary.json.sha256
 create mode 100644 out/multiscene_foundation_corrected/local/lego/attempt_01_serial/F/queries.json
 create mode 100644 out/multiscene_foundation_corrected/local/lego/attempt_01_serial/F/queries.json.sha256
 create mode 100644 out/multiscene_foundation_corrected/local/lego/attempt_01_serial/F/shifted/queries.json
 create mode 100644 out/multiscene_foundation_corrected/local/lego/attempt_01_serial/F/shifted/queries.json.sha256
 create mode 100644 out/multiscene_foundation_corrected/local/lego/layers/moment_split_00/allowlist.json
 create mode 100644 out/multiscene_foundation_corrected/local/lego/layers/moment_split_00/allowlist.json.sha256
 create mode 100644 out/multiscene_foundation_corrected/local/lego/layers/moment_split_00/complete.json
 create mode 100644 out/multiscene_foundation_corrected/local/lego/layers/moment_split_00/complete.json.sha256
 create mode 100644 out/multiscene_foundation_corrected/local/lego/layers/moment_split_01/allowlist.json
 create mode 100644 out/multiscene_foundation_corrected/local/lego/layers/moment_split_01/allowlist.json.sha256
 create mode 100644 out/multiscene_foundation_corrected/local/lego/layers/moment_split_01/complete.json
 create mode 100644 out/multiscene_foundation_corrected/local/lego/layers/moment_split_01/complete.json.sha256
 create mode 100644 out/multiscene_foundation_corrected/local/lego/layers/moment_split_02/allowlist.json
 create mode 100644 out/multiscene_foundation_corrected/local/lego/layers/moment_split_02/allowlist.json.sha256
 create mode 100644 out/multiscene_foundation_corrected/local/lego/layers/moment_split_02/complete.json
 create mode 100644 out/multiscene_foundation_corrected/local/lego/layers/moment_split_02/complete.json.sha256
 create mode 100644 out/multiscene_foundation_corrected/local/lego/layers/moment_split_03/allowlist.json
 create mode 100644 out/multiscene_foundation_corrected/local/lego/layers/moment_split_03/allowlist.json.sha256
 create mode 100644 out/multiscene_foundation_corrected/local/lego/layers/moment_split_03/complete.json
 create mode 100644 out/multiscene_foundation_corrected/local/lego/layers/moment_split_03/complete.json.sha256
 create mode 100644 out/multiscene_foundation_corrected/local/lego/layers/redistribute_00/allowlist.json
 create mode 100644 out/multiscene_foundation_corrected/local/lego/layers/redistribute_00/allowlist.json.sha256
 create mode 100644 out/multiscene_foundation_corrected/local/lego/layers/redistribute_00/complete.json
 create mode 100644 out/multiscene_foundation_corrected/local/lego/layers/redistribute_00/complete.json.sha256
 create mode 100644 out/multiscene_foundation_corrected/local/lego/layers/redistribute_01/allowlist.json
 create mode 100644 out/multiscene_foundation_corrected/local/lego/layers/redistribute_01/allowlist.json.sha256
 create mode 100644 out/multiscene_foundation_corrected/local/lego/layers/redistribute_01/complete.json
 create mode 100644 out/multiscene_foundation_corrected/local/lego/layers/redistribute_01/complete.json.sha256
 create mode 100644 out/multiscene_foundation_corrected/local/lego/layers/redistribute_02/allowlist.json
 create mode 100644 out/multiscene_foundation_corrected/local/lego/layers/redistribute_02/allowlist.json.sha256
 create mode 100644 out/multiscene_foundation_corrected/local/lego/layers/redistribute_02/complete.json
 create mode 100644 out/multiscene_foundation_corrected/local/lego/layers/redistribute_02/complete.json.sha256
 create mode 100644 out/multiscene_foundation_corrected/local/lego/layers/redistribute_03/allowlist.json
 create mode 100644 out/multiscene_foundation_corrected/local/lego/layers/redistribute_03/allowlist.json.sha256
 create mode 100644 out/multiscene_foundation_corrected/local/lego/layers/redistribute_03/complete.json
 create mode 100644 out/multiscene_foundation_corrected/local/lego/layers/redistribute_03/complete.json.sha256
 create mode 100644 out/multiscene_foundation_corrected/local/lego/layers/redistribute_04/allowlist.json
 create mode 100644 out/multiscene_foundation_corrected/local/lego/layers/redistribute_04/allowlist.json.sha256
 create mode 100644 out/multiscene_foundation_corrected/local/lego/layers/redistribute_04/complete.json
 create mode 100644 out/multiscene_foundation_corrected/local/lego/layers/redistribute_04/complete.json.sha256
 create mode 100644 out/multiscene_foundation_corrected/local/lego/layers/seed_1729/allowlist.json
 create mode 100644 out/multiscene_foundation_corrected/local/lego/layers/seed_1729/allowlist.json.sha256
 create mode 100644 out/multiscene_foundation_corrected/local/lego/layers/seed_1729/complete.json
 create mode 100644 out/multiscene_foundation_corrected/local/lego/layers/seed_1729/complete.json.sha256
