EXTRACT lego r_7 111435 12.32
EXTRACT lego r_33 155785 10.11
EXTRACT lego r_26 163802 8.01
EXTRACT lego r_69 199018 10.32
EXTRACT lego r_60 192076 9.35
EXTRACT lego r_59 182401 10.78
EXTRACT lego r_11 146459 10.69
EXTRACT lego r_24 166705 10.05
EXTRACT lego r_13 181243 9.09
EXTRACT lego r_17 197387 9.69
EXTRACT lego r_77 138745 10.68
EXTRACT lego r_46 139391 9.02
EXTRACT lego r_44 155813 10.31
EXTRACT lego r_9 196816 10.48
EXTRACT lego r_67 163446 9.04
EXTRACT lego r_82 113749 11.14
EXTRACT lego r_68 187081 9.95
EXTRACT lego r_34 182452 9.76
EXTRACT lego r_31 138238 10.43
EXTRACT lego r_20 164125 9.55
EXTRACT lego r_70 160164 8.83
EXTRACT lego r_21 131321 10.63
EXTRACT lego r_80 169116 10.76
EXTRACT lego r_49 136776 10.28
EXTRACT chair r_7 78615 6.34
EXTRACT chair r_33 86418 5.48
EXTRACT chair r_32 180800 7.24
EXTRACT chair r_72 181533 7.68
EXTRACT chair r_6 160393 7.0
EXTRACT chair r_11 116608 6.97
EXTRACT chair r_38 132743 7.2
EXTRACT chair r_80 152934 7.26
EXTRACT chair r_12 130576 6.86
EXTRACT chair r_90 113674 6.7
EXTRACT chair r_79 129102 6.85
EXTRACT chair r_53 121371 7.13
EXTRACT chair r_74 109719 6.8
EXTRACT chair r_93 138490 7.27
EXTRACT chair r_43 136635 7.64
EXTRACT chair r_50 179358 7.41
EXTRACT chair r_10 79025 5.91
EXTRACT chair r_58 130095 7.71
EXTRACT chair r_83 125479 8.29
EXTRACT chair r_64 118007 7.7
EXTRACT chair r_91 127784 6.8
EXTRACT chair r_46 116355 6.31
EXTRACT chair r_67 154694 7.6
EXTRACT chair r_59 154212 7.43
FUSION lego two_source 38248
FUSION lego multi24 164600
FUSION chair two_source 13227
FUSION chair multi24 103617
REGION lego multi24 0.4 242184 61.4
REGION lego multi24 0.8 250614 76.48
REGION lego multi24 1.2 259324 91.97
REGION lego two_source 0.4 53452 13.87
DEVELOP lego 0.4 0.2243048902179066
REGION chair multi24 0.4 236678 39.09
REGION chair multi24 0.8 217130 40.89
REGION chair multi24 1.2 204796 52.02
REGION chair two_source 0.4 48740 5.43
DEVELOP chair 0.4 0.6325599828988081
ASSET_SEALED lego
ASSET_SEALED chair
EVAL lego r_1 1.0
EVAL lego r_14 1.0
EVAL lego r_16 1.0
EVAL lego r_10 1.0
EVAL lego r_81 1.0
EVAL lego r_50 1.0
EVAL lego r_96 1.0
EVAL lego r_66 1.0
EVAL chair r_1 1.0
EVAL chair r_14 1.0
EVAL chair r_30 1.0
EVAL chair r_26 1.0
EVAL chair r_88 1.0
EVAL chair r_29 1.0
EVAL chair r_8 1.0
EVAL chair r_89 1.0
ARC_COMPLETE lego
ARC_COMPLETE chair
