{
  "lego": {
    "two_source": 38248,
    "multi24": 164600,
    "mass_capture": {
      "raw_0p5pct_mass_capture": {
        "0": 0.29830344800538067,
        "5": 0.3007560719206522,
        "50": 0.3301227007255188,
        "95": 0.40227998586080094,
        "100": 0.4418337101271451
      },
      "relative_0p5pct_mass_capture": {
        "0": 0.022188445547286634,
        "5": 0.028784003978406657,
        "50": 0.06882384203124227,
        "95": 0.0882789429055317,
        "100": 0.13609887016192723
      },
      "fixed_two_source_selected_mass_capture": {
        "0": 0.1050529932682189,
        "5": 0.1444205776535157,
        "50": 0.4298725462550108,
        "95": 0.9194502708244665,
        "100": 0.9403943176759745
      },
      "fixed_multi24_selected_mass_capture": {
        "0": 0.9804981172058806,
        "5": 0.9810396432924302,
        "50": 0.9856151094807573,
        "95": 0.9896287070965184,
        "100": 0.9901422917974692
      }
    }
  },
  "chair": {
    "two_source": 13227,
    "multi24": 103617,
    "mass_capture": {
      "raw_0p5pct_mass_capture": {
        "0": 0.3649342466180485,
        "5": 0.3694891983587927,
        "50": 0.44530221346559773,
        "95": 0.5364876090970203,
        "100": 0.5413727735033015
      },
      "relative_0p5pct_mass_capture": {
        "0": 0.0316459406157001,
        "5": 0.03416042890178817,
        "50": 0.06671988628280197,
        "95": 0.11212502092271456,
        "100": 0.11276315564821446
      },
      "fixed_two_source_selected_mass_capture": {
        "0": 0.1464285836402807,
        "5": 0.1684808782345064,
        "50": 0.25279381849146865,
        "95": 0.9022483884863194,
        "100": 0.9461589896801909
      },
      "fixed_multi24_selected_mass_capture": {
        "0": 0.9715923874666874,
        "5": 0.9755888698717056,
        "50": 0.9843436068437701,
        "95": 0.9896828035118825,
        "100": 0.9919200003915534
      }
    }
  }
}
