Processing ./out/vrss/vendor/official_rasterizer
  Preparing metadata (pyproject.toml): started
  Preparing metadata (pyproject.toml): finished with status 'done'
Building wheels for collected packages: diff_gaussian_rasterization
  Building wheel for diff_gaussian_rasterization (pyproject.toml): started
  Building wheel for diff_gaussian_rasterization (pyproject.toml): finished with status 'error'
  error: subprocess-exited-with-error
  
  × Building wheel for diff_gaussian_rasterization (pyproject.toml) did not run successfully.
  │ exit code: 1
  ╰─> [69 lines of output]
      running bdist_wheel
      /home/u00134/bin/miniconda3/envs/vfsdgs/lib/python3.9/site-packages/torch/utils/cpp_extension.py:499: UserWarning: Attempted to use ninja as the BuildExtension backend but we could not find ninja.. Falling back to using the slow distutils backend.
        warnings.warn(msg.format('we could not find ninja.'))
      running build
      running build_py
      creating build/lib.linux-x86_64-cpython-39/diff_gaussian_rasterization
      copying diff_gaussian_rasterization/__init__.py -> build/lib.linux-x86_64-cpython-39/diff_gaussian_rasterization
      running build_ext
      /home/u00134/bin/miniconda3/envs/vfsdgs/lib/python3.9/site-packages/torch/utils/cpp_extension.py:418: UserWarning: The detected CUDA version (12.6) has a minor version mismatch with the version that was used to compile PyTorch (12.1). Most likely this shouldn't be a problem.
        warnings.warn(CUDA_MISMATCH_WARN.format(cuda_str_version, torch.version.cuda))
      /home/u00134/bin/miniconda3/envs/vfsdgs/lib/python3.9/site-packages/torch/utils/cpp_extension.py:428: UserWarning: There are no g++ version bounds defined for CUDA version 12.6
        warnings.warn(f'There are no {compiler_name} version bounds defined for CUDA version {cuda_str_version}')
      building 'diff_gaussian_rasterization._C' extension
      creating build/temp.linux-x86_64-cpython-39/cuda_rasterizer
      /usr/local/cuda-12.6/bin/nvcc -I/home/u00134/bin/miniconda3/envs/vfsdgs/lib/python3.9/site-packages/torch/include -I/home/u00134/bin/miniconda3/envs/vfsdgs/lib/python3.9/site-packages/torch/include/torch/csrc/api/include -I/home/u00134/bin/miniconda3/envs/vfsdgs/lib/python3.9/site-packages/torch/include/TH -I/home/u00134/bin/miniconda3/envs/vfsdgs/lib/python3.9/site-packages/torch/include/THC -I/usr/local/cuda-12.6/include -I/home/u00134/bin/miniconda3/envs/vfsdgs/include/python3.9 -c cuda_rasterizer/backward.cu -o build/temp.linux-x86_64-cpython-39/cuda_rasterizer/backward.o -D__CUDA_NO_HALF_OPERATORS__ -D__CUDA_NO_HALF_CONVERSIONS__ -D__CUDA_NO_BFLOAT16_CONVERSIONS__ -D__CUDA_NO_HALF2_OPERATORS__ --expt-relaxed-constexpr --compiler-options '-fPIC' -I/home/u00134/3dgs_line/tier1/out/vrss/vendor/official_rasterizer/third_party/glm/ -DTORCH_API_INCLUDE_EXTENSION_H -DPYBIND11_COMPILER_TYPE=\"_gcc\" -DPYBIND11_STDLIB=\"_libstdcpp\" -DPYBIND11_BUILD_ABI=\"_cxxabi1011\" -DTORCH_EXTENSION_NAME=_C -D_GLIBCXX_USE_CXX11_ABI=0 -gencode=arch=compute_86,code=sm_86 -std=c++17
      cuda_rasterizer/auxiliary.h(151): warning #177-D: variable "p_proj" was declared but never referenced
         float3 p_proj = { p_hom.x * p_w, p_hom.y * p_w, p_hom.z * p_w };
                ^
      
      Remark: The warnings can be suppressed with "-diag-suppress <warning-number>"
      
      /usr/local/cuda-12.6/bin/nvcc -I/home/u00134/bin/miniconda3/envs/vfsdgs/lib/python3.9/site-packages/torch/include -I/home/u00134/bin/miniconda3/envs/vfsdgs/lib/python3.9/site-packages/torch/include/torch/csrc/api/include -I/home/u00134/bin/miniconda3/envs/vfsdgs/lib/python3.9/site-packages/torch/include/TH -I/home/u00134/bin/miniconda3/envs/vfsdgs/lib/python3.9/site-packages/torch/include/THC -I/usr/local/cuda-12.6/include -I/home/u00134/bin/miniconda3/envs/vfsdgs/include/python3.9 -c cuda_rasterizer/forward.cu -o build/temp.linux-x86_64-cpython-39/cuda_rasterizer/forward.o -D__CUDA_NO_HALF_OPERATORS__ -D__CUDA_NO_HALF_CONVERSIONS__ -D__CUDA_NO_BFLOAT16_CONVERSIONS__ -D__CUDA_NO_HALF2_OPERATORS__ --expt-relaxed-constexpr --compiler-options '-fPIC' -I/home/u00134/3dgs_line/tier1/out/vrss/vendor/official_rasterizer/third_party/glm/ -DTORCH_API_INCLUDE_EXTENSION_H -DPYBIND11_COMPILER_TYPE=\"_gcc\" -DPYBIND11_STDLIB=\"_libstdcpp\" -DPYBIND11_BUILD_ABI=\"_cxxabi1011\" -DTORCH_EXTENSION_NAME=_C -D_GLIBCXX_USE_CXX11_ABI=0 -gencode=arch=compute_86,code=sm_86 -std=c++17
      cuda_rasterizer/auxiliary.h(151): warning #177-D: variable "p_proj" was declared but never referenced
         float3 p_proj = { p_hom.x * p_w, p_hom.y * p_w, p_hom.z * p_w };
                ^
      
      Remark: The warnings can be suppressed with "-diag-suppress <warning-number>"
      
      /usr/local/cuda-12.6/bin/nvcc -I/home/u00134/bin/miniconda3/envs/vfsdgs/lib/python3.9/site-packages/torch/include -I/home/u00134/bin/miniconda3/envs/vfsdgs/lib/python3.9/site-packages/torch/include/torch/csrc/api/include -I/home/u00134/bin/miniconda3/envs/vfsdgs/lib/python3.9/site-packages/torch/include/TH -I/home/u00134/bin/miniconda3/envs/vfsdgs/lib/python3.9/site-packages/torch/include/THC -I/usr/local/cuda-12.6/include -I/home/u00134/bin/miniconda3/envs/vfsdgs/include/python3.9 -c cuda_rasterizer/rasterizer_impl.cu -o build/temp.linux-x86_64-cpython-39/cuda_rasterizer/rasterizer_impl.o -D__CUDA_NO_HALF_OPERATORS__ -D__CUDA_NO_HALF_CONVERSIONS__ -D__CUDA_NO_BFLOAT16_CONVERSIONS__ -D__CUDA_NO_HALF2_OPERATORS__ --expt-relaxed-constexpr --compiler-options '-fPIC' -I/home/u00134/3dgs_line/tier1/out/vrss/vendor/official_rasterizer/third_party/glm/ -DTORCH_API_INCLUDE_EXTENSION_H -DPYBIND11_COMPILER_TYPE=\"_gcc\" -DPYBIND11_STDLIB=\"_libstdcpp\" -DPYBIND11_BUILD_ABI=\"_cxxabi1011\" -DTORCH_EXTENSION_NAME=_C -D_GLIBCXX_USE_CXX11_ABI=0 -gencode=arch=compute_86,code=sm_86 -std=c++17
      cuda_rasterizer/rasterizer_impl.h(24): error: namespace "std" has no member "uintptr_t"
          std::size_t offset = (reinterpret_cast<std::uintptr_t>(chunk) + alignment - 1) & ~(alignment - 1);
                                                      ^
      
      cuda_rasterizer/rasterizer_impl.h(40): error: identifier "uint32_t" is undefined
          uint32_t* point_offsets;
          ^
      
      cuda_rasterizer/rasterizer_impl.h(41): error: identifier "uint32_t" is undefined
          uint32_t* tiles_touched;
          ^
      
      cuda_rasterizer/rasterizer_impl.h(49): error: identifier "uint32_t" is undefined
          uint32_t* n_contrib;
          ^
      
      cuda_rasterizer/rasterizer_impl.h(58): error: identifier "uint64_t" is undefined
          uint64_t* point_list_keys_unsorted;
          ^
      
      cuda_rasterizer/rasterizer_impl.h(59): error: identifier "uint64_t" is undefined
          uint64_t* point_list_keys;
          ^
      
      cuda_rasterizer/rasterizer_impl.h(60): error: identifier "uint32_t" is undefined
          uint32_t* point_list_unsorted;
          ^
      
      cuda_rasterizer/rasterizer_impl.h(61): error: identifier "uint32_t" is undefined
          uint32_t* point_list;
          ^
      
      cuda_rasterizer/rasterizer_impl.cu(184): warning #549-D: variable "binning" is used before its value is set
         obtain(chunk, binning.point_list, P, 128);
                       ^
      
      Remark: The warnings can be suppressed with "-diag-suppress <warning-number>"
      
      8 errors detected in the compilation of "cuda_rasterizer/rasterizer_impl.cu".
      error: command '/usr/local/cuda-12.6/bin/nvcc' failed with exit code 2
      [end of output]
  
  note: This error originates from a subprocess, and is likely not a problem with pip.
  ERROR: Failed building wheel for diff_gaussian_rasterization
Failed to build diff_gaussian_rasterization
error: failed-wheel-build-for-install

× Failed to build installable wheels for some pyproject.toml based projects
╰─> diff_gaussian_rasterization
