test_fit_runner_seals_all_arms_starts_and_never_decodes_C (test_direct_curve.DirectCurveTests) ... /home/u00134/bin/miniconda3/envs/vfsdgs/lib/python3.9/site-packages/matplotlib/_fontconfig_pattern.py:64: PyparsingDeprecationWarning: 'oneOf' deprecated - use 'one_of'
  prop = Group((name + Suppress("=") + comma_separated(value)) | oneOf(_CONSTANTS))
/home/u00134/bin/miniconda3/envs/vfsdgs/lib/python3.9/site-packages/matplotlib/_fontconfig_pattern.py:85: PyparsingDeprecationWarning: 'parseString' deprecated - use 'parse_string'
  parse = parser.parseString(pattern)
/home/u00134/bin/miniconda3/envs/vfsdgs/lib/python3.9/site-packages/matplotlib/_fontconfig_pattern.py:89: PyparsingDeprecationWarning: 'resetCache' deprecated - use 'reset_cache'
  parser.resetCache()
PREPARED toy F 1
PREPARED toy F 14
PREPARED toy F 27
PREPARED toy F 41
PREPARED toy F 53
PREPARED toy F 67
PREPARED toy F 79
PREPARED toy F 93
FIT_BEGIN toy D_full_0
FIT_DONE toy D_full_0 seconds 0.0
FIT_BEGIN toy D_full_1
FIT_DONE toy D_full_1 seconds 0.0
FIT_BEGIN toy D_full_2
FIT_DONE toy D_full_2 seconds 0.0
FIT_BEGIN toy D_loo93_0
FIT_DONE toy D_loo93_0 seconds 0.0
FIT_BEGIN toy D_loo93_1
FIT_DONE toy D_loo93_1 seconds 0.0
FIT_BEGIN toy D_loo93_2
FIT_DONE toy D_loo93_2 seconds 0.0
FIT_BEGIN toy I_full_0
FIT_DONE toy I_full_0 seconds 0.0
FIT_BEGIN toy I_full_1
FIT_DONE toy I_full_1 seconds 0.0
FIT_BEGIN toy I_full_2
FIT_DONE toy I_full_2 seconds 0.0
FIT_BEGIN toy I_loo93_0
FIT_DONE toy I_loo93_0 seconds 0.0
FIT_BEGIN toy I_loo93_1
FIT_DONE toy I_loo93_1 seconds 0.0
FIT_BEGIN toy I_loo93_2
FIT_DONE toy I_loo93_2 seconds 0.0
FIT_BEGIN toy L_full_0
FIT_DONE toy L_full_0 seconds 0.0
FIT_BEGIN toy L_full_1
FIT_DONE toy L_full_1 seconds 0.0
FIT_BEGIN toy L_full_2
FIT_DONE toy L_full_2 seconds 0.0
FIT_BEGIN toy L_loo93_0
FIT_DONE toy L_loo93_0 seconds 0.0
FIT_BEGIN toy L_loo93_1
FIT_DONE toy L_loo93_1 seconds 0.0
FIT_BEGIN toy L_loo93_2
FIT_DONE toy L_loo93_2 seconds 0.0
SEALED toy
ok

----------------------------------------------------------------------
Ran 1 test in 2.857s

OK
