test_complete_evidence_native_mapping_and_depth_boundary (test_direct_curve.DirectCurveTests) ... ok
test_depth_reference_temporal_motion_has_identity_zero_and_detects_pop (test_direct_curve.DirectCurveTests) ... ok
test_depth_scale_is_neighbor_difference_not_median_residual (test_direct_curve.DirectCurveTests) ... ok
test_evaluation_requires_seal_and_keeps_every_frame_and_cell (test_direct_curve.DirectCurveTests) ... /home/u00134/bin/miniconda3/envs/vfsdgs/lib/python3.9/site-packages/matplotlib/_fontconfig_pattern.py:64: PyparsingDeprecationWarning: 'oneOf' deprecated - use 'one_of'
  prop = Group((name + Suppress("=") + comma_separated(value)) | oneOf(_CONSTANTS))
/home/u00134/bin/miniconda3/envs/vfsdgs/lib/python3.9/site-packages/matplotlib/_fontconfig_pattern.py:85: PyparsingDeprecationWarning: 'parseString' deprecated - use 'parse_string'
  parse = parser.parseString(pattern)
/home/u00134/bin/miniconda3/envs/vfsdgs/lib/python3.9/site-packages/matplotlib/_fontconfig_pattern.py:89: PyparsingDeprecationWarning: 'resetCache' deprecated - use 'reset_cache'
  parser.resetCache()
EVALUATED toy F_1
EVALUATED toy C_7
ARC_FRAME toy arc0_000
ARC_FRAME toy arc0_001
EVALUATION_COMPLETE toy
ok
test_fit_runner_seals_all_arms_starts_and_never_decodes_C (test_direct_curve.DirectCurveTests) ... PREPARED toy F 1
PREPARED toy F 14
PREPARED toy F 27
PREPARED toy F 41
PREPARED toy F 53
PREPARED toy F 67
PREPARED toy F 79
PREPARED toy F 93
FIT_BEGIN toy D_full_0
FIT_DONE toy D_full_0 seconds 0.0
FIT_BEGIN toy D_full_1
FIT_DONE toy D_full_1 seconds 0.0
FIT_BEGIN toy D_full_2
FIT_DONE toy D_full_2 seconds 0.0
FIT_BEGIN toy D_loo93_0
FIT_DONE toy D_loo93_0 seconds 0.0
FIT_BEGIN toy D_loo93_1
FIT_DONE toy D_loo93_1 seconds 0.0
FIT_BEGIN toy D_loo93_2
FIT_DONE toy D_loo93_2 seconds 0.0
FIT_BEGIN toy I_full_0
FIT_DONE toy I_full_0 seconds 0.0
FIT_BEGIN toy I_full_1
FIT_DONE toy I_full_1 seconds 0.0
FIT_BEGIN toy I_full_2
FIT_DONE toy I_full_2 seconds 0.0
FIT_BEGIN toy I_loo93_0
FIT_DONE toy I_loo93_0 seconds 0.0
FIT_BEGIN toy I_loo93_1
FIT_DONE toy I_loo93_1 seconds 0.0
FIT_BEGIN toy I_loo93_2
FIT_DONE toy I_loo93_2 seconds 0.0
FIT_BEGIN toy L_full_0
FIT_DONE toy L_full_0 seconds 0.0
FIT_BEGIN toy L_full_1
FIT_DONE toy L_full_1 seconds 0.0
FIT_BEGIN toy L_full_2
FIT_DONE toy L_full_2 seconds 0.0
FIT_BEGIN toy L_loo93_0
FIT_DONE toy L_loo93_0 seconds 0.0
FIT_BEGIN toy L_loo93_1
FIT_DONE toy L_loo93_1 seconds 0.0
FIT_BEGIN toy L_loo93_2
FIT_DONE toy L_loo93_2 seconds 0.0
SEALED toy
ok
test_fixed_cubic_projection_and_native_centers (test_direct_curve.DirectCurveTests) ... ok
test_gpu_sampler_deterministic_gradient (test_direct_curve.DirectCurveTests) ... ok
test_local_matching_cannot_win_by_deleting_its_span (test_direct_curve.DirectCurveTests) ... ok
test_native_census_keeps_empty_cells_and_fixed_geometry (test_direct_curve.DirectCurveTests) ... ok
test_native_quantiles_are_ten_fifty_ninety_and_calibrated (test_direct_curve.DirectCurveTests) ... ok
test_partition_access_and_native_preparation (test_direct_curve.DirectCurveTests) ... ok
test_playable_complete_media_and_drawing_disagreement (test_direct_curve.DirectCurveTests) ... ok
test_proposals_keep_empty_cells_and_share_three_starts (test_direct_curve.DirectCurveTests) ... ok
test_regularization_redundancy_and_synthetic_recovery (test_direct_curve.DirectCurveTests) ... ok
test_temporal_and_ambiguity_counts_do_not_reward_empty_ink (test_direct_curve.DirectCurveTests) ... ok
test_union_saturates_reassigns_and_unknown_cannot_hide (test_direct_curve.DirectCurveTests) ... ok
test_visibility_and_independent_local_objective (test_direct_curve.DirectCurveTests) ... ok

----------------------------------------------------------------------
Ran 17 tests in 13.445s

OK
