PREPARED lego F 1
PREPARED lego F 14
PREPARED lego F 27
PREPARED lego F 41
PREPARED lego F 53
PREPARED lego F 67
PREPARED lego F 79
PREPARED lego F 93
FIT_BEGIN lego D_full_0
FIT_DONE lego D_full_0 seconds 110.37949771503918
FIT_BEGIN lego D_full_1
FIT_DONE lego D_full_1 seconds 114.57291776000056
FIT_BEGIN lego D_full_2
FIT_DONE lego D_full_2 seconds 110.71365153195802
FIT_BEGIN lego D_loo93_0
FIT_DONE lego D_loo93_0 seconds 161.74363517400343
FIT_BEGIN lego D_loo93_1
FIT_DONE lego D_loo93_1 seconds 186.21142917498946
FIT_BEGIN lego D_loo93_2
FIT_DONE lego D_loo93_2 seconds 185.1418937810231
FIT_BEGIN lego I_full_0
FIT_DONE lego I_full_0 seconds 561.8523476660484
FIT_BEGIN lego I_full_1
FIT_DONE lego I_full_1 seconds 595.554283955018
FIT_BEGIN lego I_full_2
FIT_DONE lego I_full_2 seconds 641.6748110769549
FIT_BEGIN lego I_loo93_0
FIT_DONE lego I_loo93_0 seconds 530.2466569779208
FIT_BEGIN lego I_loo93_1
FIT_DONE lego I_loo93_1 seconds 524.815902186092
FIT_BEGIN lego I_loo93_2
FIT_DONE lego I_loo93_2 seconds 518.1932804400567
FIT_BEGIN lego L_full_0
FIT_DONE lego L_full_0 seconds 626.9831371599576
FIT_BEGIN lego L_full_1
