PREPARED chair F 1
PREPARED chair F 14
PREPARED chair F 27
PREPARED chair F 41
PREPARED chair F 53
PREPARED chair F 67
PREPARED chair F 79
PREPARED chair F 93
FIT_BEGIN chair D_full_0
FIT_DONE chair D_full_0 seconds 83.87183192395605
FIT_BEGIN chair D_full_1
FIT_DONE chair D_full_1 seconds 85.52640988910571
FIT_BEGIN chair D_full_2
FIT_DONE chair D_full_2 seconds 90.58095855894499
FIT_BEGIN chair D_loo93_0
FIT_DONE chair D_loo93_0 seconds 82.31653906789143
FIT_BEGIN chair D_loo93_1
FIT_DONE chair D_loo93_1 seconds 121.65889621095266
FIT_BEGIN chair D_loo93_2
FIT_DONE chair D_loo93_2 seconds 152.4756077779457
FIT_BEGIN chair I_full_0
FIT_DONE chair I_full_0 seconds 400.8280896479264
FIT_BEGIN chair I_full_1
FIT_DONE chair I_full_1 seconds 408.0538543430157
FIT_BEGIN chair I_full_2
FIT_DONE chair I_full_2 seconds 483.3264759610174
FIT_BEGIN chair I_loo93_0
FIT_DONE chair I_loo93_0 seconds 408.09182806208264
FIT_BEGIN chair I_loo93_1
FIT_DONE chair I_loo93_1 seconds 427.8552378299646
FIT_BEGIN chair I_loo93_2
FIT_DONE chair I_loo93_2 seconds 428.5969436969608
FIT_BEGIN chair L_full_0
FIT_DONE chair L_full_0 seconds 472.0468388419831
FIT_BEGIN chair L_full_1
FIT_DONE chair L_full_1 seconds 454.900891133002
FIT_BEGIN chair L_full_2
FIT_DONE chair L_full_2 seconds 472.6831104179146
FIT_BEGIN chair L_loo93_0
