PREPARED lego F 1
PREPARED lego F 14
PREPARED lego F 27
PREPARED lego F 41
PREPARED lego F 53
PREPARED lego F 67
PREPARED lego F 79
PREPARED lego F 93
FIT_BEGIN lego D_full_0
FIT_DONE lego D_full_0 seconds 200.16763798194006
FIT_BEGIN lego D_full_1
FIT_DONE lego D_full_1 seconds 195.05616979894694
FIT_BEGIN lego D_full_2
FIT_DONE lego D_full_2 seconds 210.14569079503417
FIT_BEGIN lego D_loo93_0
FIT_DONE lego D_loo93_0 seconds 203.7606312329881
FIT_BEGIN lego D_loo93_1
FIT_DONE lego D_loo93_1 seconds 229.56748284003697
FIT_BEGIN lego D_loo93_2
FIT_DONE lego D_loo93_2 seconds 199.86635781405494
FIT_BEGIN lego I_full_0
FIT_DONE lego I_full_0 seconds 635.7136892329436
FIT_BEGIN lego I_full_1
FIT_DONE lego I_full_1 seconds 618.7542063599685
FIT_BEGIN lego I_full_2
FIT_DONE lego I_full_2 seconds 627.1318118809722
FIT_BEGIN lego I_loo93_0
FIT_DONE lego I_loo93_0 seconds 523.1563196269562
FIT_BEGIN lego I_loo93_1
FIT_DONE lego I_loo93_1 seconds 515.6563016780419
FIT_BEGIN lego I_loo93_2
