PREPARED chair F 1
PREPARED chair F 14
PREPARED chair F 27
PREPARED chair F 41
PREPARED chair F 53
PREPARED chair F 67
PREPARED chair F 79
PREPARED chair F 93
FIT_BEGIN chair D_full_0
FIT_DONE chair D_full_0 seconds 166.21266601898242
FIT_BEGIN chair D_full_1
FIT_DONE chair D_full_1 seconds 174.59091810300015
FIT_BEGIN chair D_full_2
FIT_DONE chair D_full_2 seconds 192.5944737350801
FIT_BEGIN chair D_loo93_0
FIT_DONE chair D_loo93_0 seconds 171.777444425039
FIT_BEGIN chair D_loo93_1
FIT_DONE chair D_loo93_1 seconds 175.65246901009232
FIT_BEGIN chair D_loo93_2
FIT_DONE chair D_loo93_2 seconds 172.02377890900243
FIT_BEGIN chair I_full_0
FIT_DONE chair I_full_0 seconds 482.70573086303193
FIT_BEGIN chair I_full_1
FIT_DONE chair I_full_1 seconds 466.58325277396943
FIT_BEGIN chair I_full_2
FIT_DONE chair I_full_2 seconds 471.2264888169011
FIT_BEGIN chair I_loo93_0
FIT_DONE chair I_loo93_0 seconds 420.6793192499317
FIT_BEGIN chair I_loo93_1
FIT_DONE chair I_loo93_1 seconds 431.23006476904266
FIT_BEGIN chair I_loo93_2
FIT_DONE chair I_loo93_2 seconds 415.47541311301757
FIT_BEGIN chair L_full_0
FIT_DONE chair L_full_0 seconds 471.429035309935
FIT_BEGIN chair L_full_1
