test_ID_turnover_alone_cannot_activate_any_line_channel (test_adaptive_evidence.EvidenceTests) ... ok
test_batched_scales_preserve_separate_native_hessians_bitwise (test_adaptive_evidence.EvidenceTests) ... ok
test_controls_preserve_mass_and_shuffle_slots_not_global_labels (test_adaptive_evidence.EvidenceTests) ... ok
test_equal_distance_neighbor_layer_match_keeps_frontmost_tie (test_adaptive_evidence.EvidenceTests) ... ok
test_exact_weighted_depth_transport_and_ID_overlap (test_adaptive_evidence.EvidenceTests) ... ok
test_frozen_percentiles_keep_soft_response_and_raw_band_grids (test_adaptive_evidence.EvidenceTests) ... ok
test_matched_layer_hessian_never_averages_front_and_back (test_adaptive_evidence.EvidenceTests) ... ok
test_oriented_hysteresis_recovers_weak_span_and_rejects_wrong_class (test_adaptive_evidence.EvidenceTests) ... ok
test_complete_sheets_decode_without_changing_scientific_arrays (test_adaptive_g1.G1Tests) ... G1 sheet synthetic_E_occ_group0.png
G1 sheet synthetic_E_occ_group1.png
G1 sheet synthetic_E_occ_group2.png
G1 sheet synthetic_E_layer_group0.png
G1 sheet synthetic_E_layer_group1.png
G1 sheet synthetic_E_layer_group2.png
G1 sheet synthetic_E_shape_ridge_group0.png
G1 sheet synthetic_E_shape_ridge_group1.png
G1 sheet synthetic_E_shape_ridge_group2.png
G1 sheet synthetic_E_shape_valley_group0.png
G1 sheet synthetic_E_shape_valley_group1.png
G1 sheet synthetic_E_shape_valley_group2.png
ok
test_fixed_k_sensitivity_cannot_stop_at_a_native_mass_target (test_adaptive_g1.G1Tests) ... ok
test_g1_cli_requires_new_output_and_exposes_gate_input (test_adaptive_g1.G1Tests) ... ok
test_native_view_saves_every_control_layers_and_separate_soft_channels (test_adaptive_g1.G1Tests) ... G1 raw synthetic_1_full
G1 raw synthetic_1_expected_depth
G1 raw synthetic_1_front_depth
G1 raw synthetic_1_median_depth
G1 raw synthetic_1_no_ids
G1 raw synthetic_1_uniform
G1 raw synthetic_1_shuffled_ids
G1 raw synthetic_1_shuffled_depths
G1 raw synthetic_1_density
G1 raw synthetic_1_rgb_canny
G1 raw synthetic_1_k4
G1 raw synthetic_1_k8
G1 raw synthetic_1_k16
G1 raw synthetic_1_tau95_128
G1 raw synthetic_1_tau90_32
G1 raw synthetic_1_tau90_64
G1 raw synthetic_1_tau95_32
G1 raw synthetic_1_tau95_64
G1 bands synthetic_1_full
G1 bands synthetic_1_expected_depth
G1 bands synthetic_1_front_depth
G1 bands synthetic_1_median_depth
G1 bands synthetic_1_no_ids
G1 bands synthetic_1_uniform
G1 bands synthetic_1_shuffled_ids
G1 bands synthetic_1_shuffled_depths
G1 bands synthetic_1_density
G1 bands synthetic_1_rgb_canny
G1 bands synthetic_1_k4
G1 bands synthetic_1_k8
G1 bands synthetic_1_k16
G1 bands synthetic_1_tau95_128
G1 bands synthetic_1_tau90_32
G1 bands synthetic_1_tau90_64
G1 bands synthetic_1_tau95_32
G1 bands synthetic_1_tau95_64
ok
test_band_verifier_rejects_below_threshold_ink_and_changed_soft_field (test_adaptive_g1_verification.G1VerificationTests) ... ok
test_camera_audit_rejects_valid_matrix_from_wrong_frozen_view (test_adaptive_g1_verification.G1VerificationTests) ... ok
test_g1_verifier_cli_exposes_reached_stage_audit (test_adaptive_g1_verification.G1VerificationTests) ... ok
test_layer_verifier_rejects_wrong_assignment_and_lost_overflow (test_adaptive_g1_verification.G1VerificationTests) ... ok
test_layout_verifier_rejects_changed_science_bytes (test_adaptive_g1_verification.G1VerificationTests) ... ok
test_relative_gap_layers_conserve_provenance_and_overflow (test_adaptive_layers.LayerTests) ... ok
test_diagnostic_sheet_keeps_all_pixels_and_source_bytes (test_adaptive_layout.LayoutTests) ... ok
test_layout_cli_requires_existing_run (test_adaptive_layout.LayoutTests) ... ok
test_layout_confinement_audits_startup_directory_metadata (test_adaptive_layout.LayoutTests) ... ok
test_mechanism_maps_include_residuals_and_all_four_layers (test_adaptive_layout.LayoutTests) ... ok
test_cli_requires_explicit_fresh_output (test_adaptive_mass.AdaptiveTests) ... ok
test_complete_artifacts_retain_csr_and_decode_deterministically (test_adaptive_mass.AdaptiveTests) ... ok
test_csr_metrics_gate_and_semantics_detect_corruption (test_adaptive_mass.AdaptiveTests) ... ok
test_csr_shortest_native_mass_prefix_ties_and_residual (test_adaptive_mass.AdaptiveTests) ... ok
test_gpu_calibration_full_K_ties_and_native_prefix (test_adaptive_mass.AdaptiveTests) ... ok
test_reject_bad_target_and_native_transmittance_before_ffi (test_adaptive_mass.AdaptiveTests) ... ok
test_smallest_common_cap_and_fail_closed_gate (test_adaptive_mass.AdaptiveTests) ... ok
test_comparison_requires_equal_inventory_bytes_and_png_decode (test_adaptive_verification.AdaptiveVerificationTests) ... ok
test_saved_csr_semantics_detect_tail_and_diagnostic_corruption (test_adaptive_verification.AdaptiveVerificationTests) ... ok
test_verifier_cli_exposes_isolated_root (test_adaptive_verification.AdaptiveVerificationTests) ... ok
test_multiview_shared_ids_not_just_position (test_candidate_fusion.FusionTest) ... ok
test_null_counts_and_determinism (test_candidate_fusion.FusionTest) ... ok
test_persistent_linelet_tangent (test_candidate_fusion.FusionTest) ... ok
test_same_view_duplicates_not_support (test_candidate_fusion.FusionTest) ... ok
test_archived_attempt_uses_its_own_trace_and_status (test_corrected_audit.CorrectedAuditTests) ... ok
test_bootstrap_metadata_does_not_authorize_other_photographs (test_corrected_audit.CorrectedAuditTests) ... ok
test_bootstrap_source_exception_requires_exact_pinned_bytes (test_corrected_audit.CorrectedAuditTests) ... ok
test_incomplete_trace_is_fail_closed (test_corrected_audit.CorrectedAuditTests) ... ok
test_interleaved_opens_preserve_allowed_and_forbidden_access (test_corrected_audit.CorrectedAuditTests) ... ok
test_runtime_bootstrap_must_precede_policy_creation (test_corrected_audit.CorrectedAuditTests) ... ok
test_old_pca_control_is_available_after_file_only_confinement (test_corrected_confinement.ConfinementTests) ... ok
test_gate_failure_is_determinate_and_keeps_manual_pending (test_corrected_evaluation.EvaluationTests) ... ok
test_F_primary_exchange_and_LOO_synthetic_straight_line (test_corrected_execution.ExecutionTests) ... no_gs F {'query_count': 1, 'mode_count': 1, 'raw_accepted_count': 1, 'accepted_count': 1, 'rejected_count': 0, 'ambiguous_count': 0, 'resolution_ok': True, 'rejection_reasons': {}, 'elapsed_seconds': 0.02320217399392277, 'arm': 'no_gs', 'split': 'F'}
no_gs C {'query_count': 1, 'mode_count': 1, 'raw_accepted_count': 1, 'accepted_count': 1, 'rejected_count': 0, 'ambiguous_count': 0, 'resolution_ok': True, 'rejection_reasons': {}, 'elapsed_seconds': 0.021164292003959417, 'arm': 'no_gs', 'split': 'C'}
loo F {'query_count': 1, 'mode_count': 1, 'raw_accepted_count': 1, 'accepted_count': 1, 'rejected_count': 0, 'ambiguous_count': 0, 'resolution_ok': True, 'rejection_reasons': {}, 'elapsed_seconds': 0.020575267961248755, 'arm': 'loo', 'split': 'F'}
ok
test_control_completion_never_changes_existing_fits (test_corrected_execution.ExecutionTests) ... ok
test_parallel_arms_are_array_identical_to_serial_execution (test_corrected_execution.ExecutionTests) ... serial F {'query_count': 1, 'mode_count': 1, 'raw_accepted_count': 0, 'accepted_count': 0, 'rejected_count': 1, 'ambiguous_count': 0, 'resolution_ok': True, 'rejection_reasons': {'degenerate_H_img': 1}, 'elapsed_seconds': 0.024723072070628405, 'arm': 'serial', 'split': 'F'}
arm_0 F {'query_count': 1, 'mode_count': 1, 'raw_accepted_count': 0, 'accepted_count': 0, 'rejected_count': 1, 'ambiguous_count': 0, 'resolution_ok': True, 'rejection_reasons': {'degenerate_H_img': 1}, 'elapsed_seconds': 0.03635774494614452, 'arm': 'arm_0', 'split': 'F'}
arm_1 F {'query_count': 1, 'mode_count': 1, 'raw_accepted_count': 0, 'accepted_count': 0, 'rejected_count': 1, 'ambiguous_count': 0, 'resolution_ok': True, 'rejection_reasons': {'degenerate_H_img': 1}, 'elapsed_seconds': 0.030767041025683284, 'arm': 'arm_1', 'split': 'F'}
arm_2 F {'query_count': 1, 'mode_count': 1, 'raw_accepted_count': 0, 'accepted_count': 0, 'rejected_count': 1, 'ambiguous_count': 0, 'resolution_ok': True, 'rejection_reasons': {'degenerate_H_img': 1}, 'elapsed_seconds': 0.020042469957843423, 'arm': 'arm_2', 'split': 'F'}
arm_3 F {'query_count': 1, 'mode_count': 1, 'raw_accepted_count': 0, 'accepted_count': 0, 'rejected_count': 1, 'ambiguous_count': 0, 'resolution_ok': True, 'rejection_reasons': {'degenerate_H_img': 1}, 'elapsed_seconds': 0.02606298797763884, 'arm': 'arm_3', 'split': 'F'}
arm_4 F {'query_count': 1, 'mode_count': 1, 'raw_accepted_count': 0, 'accepted_count': 0, 'rejected_count': 1, 'ambiguous_count': 0, 'resolution_ok': True, 'rejection_reasons': {'degenerate_H_img': 1}, 'elapsed_seconds': 0.037183015956543386, 'arm': 'arm_4', 'split': 'F'}
arm_5 F {'query_count': 1, 'mode_count': 1, 'raw_accepted_count': 0, 'accepted_count': 0, 'rejected_count': 1, 'ambiguous_count': 0, 'resolution_ok': True, 'rejection_reasons': {'degenerate_H_img': 1}, 'elapsed_seconds': 0.022322748904116452, 'arm': 'arm_5', 'split': 'F'}
arm_6 F {'query_count': 1, 'mode_count': 1, 'raw_accepted_count': 0, 'accepted_count': 0, 'rejected_count': 1, 'ambiguous_count': 0, 'resolution_ok': True, 'rejection_reasons': {'degenerate_H_img': 1}, 'elapsed_seconds': 0.029076213017106056, 'arm': 'arm_6', 'split': 'F'}
arm_7 F {'query_count': 1, 'mode_count': 1, 'raw_accepted_count': 0, 'accepted_count': 0, 'rejected_count': 1, 'ambiguous_count': 0, 'resolution_ok': True, 'rejection_reasons': {'degenerate_H_img': 1}, 'elapsed_seconds': 0.021841665031388402, 'arm': 'arm_7', 'split': 'F'}
ok
test_route_status_has_per_scene_quality_without_global_blocking (test_corrected_execution.ExecutionTests) ... ok
test_area_mixture_keeps_disjoint_depths_and_averages_transmittance (test_corrected_layers.AreaLayersTests) ... ok
test_native800_area_layers_calibrate_alpha_and_serialization (test_corrected_layers.AreaLayersTests) ... ok
test_small_query_optimization_matches_original_bit_for_bit (test_corrected_layers.QueryOptimizationTests) ... ok
test_empty_output_retains_every_declared_view_denominator (test_corrected_probe.CorrectedProbeTests) ... ok
test_pca_null_stays_at_original_centers_and_uses_F_views (test_corrected_probe.CorrectedProbeTests) ... ok
test_prediction_denominators_and_empty_controls_do_not_pass (test_corrected_probe.CorrectedProbeTests) ... ok
test_saved_profile_retains_all_queries_modes_and_nonfinite_masks (test_corrected_probe.CorrectedProbeTests) ... ok
test_shifted_association_moves_nearest_edge_coordinates_with_maps (test_corrected_probe.CorrectedProbeTests) ... ok
test_local_correction_cannot_hide_an_opposing_view (test_corrected_probe.VisibilityFreezeTests) ... ok
test_quality_and_all_doses_use_native_area_and_preserve_thresholds (test_corrected_qualification.CorrectedQualificationTests) ... quality train 1 True
quality val 1 True
parent 1 True
dose redistribute_00 {'passed': True, 'complete': True, 'coverage_pass': True, 'rgb_pass': True, 'calibration_pass': True}
dose redistribute_01 {'passed': True, 'complete': True, 'coverage_pass': True, 'rgb_pass': True, 'calibration_pass': True}
dose redistribute_02 {'passed': True, 'complete': True, 'coverage_pass': True, 'rgb_pass': True, 'calibration_pass': True}
dose redistribute_03 {'passed': True, 'complete': True, 'coverage_pass': True, 'rgb_pass': True, 'calibration_pass': True}
dose redistribute_04 {'passed': True, 'complete': True, 'coverage_pass': True, 'rgb_pass': True, 'calibration_pass': True}
dose moment_split_00 {'passed': True, 'complete': True, 'coverage_pass': True, 'rgb_pass': True, 'calibration_pass': True}
dose moment_split_01 {'passed': True, 'complete': True, 'coverage_pass': True, 'rgb_pass': True, 'calibration_pass': True}
dose moment_split_02 {'passed': True, 'complete': True, 'coverage_pass': True, 'rgb_pass': True, 'calibration_pass': True}
dose moment_split_03 {'passed': True, 'complete': True, 'coverage_pass': True, 'rgb_pass': True, 'calibration_pass': True}
ok
test_local_integrity_rejects_dropped_modes_and_wrong_denominators (test_corrected_reporting.ReportingTests) ... ok
test_manifest_checks_content_and_exposes_missing_server_artifacts (test_corrected_reporting.ReportingTests) ... ok
test_markdown_is_checked_against_every_scene_gate_and_total (test_corrected_reporting.ReportingTests) ... ok
test_blind_package_has_random_identities_and_separate_key (test_corrected_review.ReviewTests) ... ok
test_stock_native800_equality_and_alpha_replay (test_corrected_sampling.NativeStockTests) ... ok
test_area_filter_exact_blocks_deterministic_and_no_uint8_rounding (test_corrected_sampling.SamplingTests) ... ok
test_full_K_jacobian_matches_resized_pixel_mapping (test_corrected_sampling.SamplingTests) ... ok
test_native800_then_area400_is_not_direct400_splatting (test_corrected_sampling.SamplingTests) ... ok
test_source_pixel_centers_map_to_destination_centers (test_corrected_sampling.SamplingTests) ... ok
test_adjacent_scale_uses_registered_p90_and_missing_is_unknown (test_corrected_surface.SurfaceAuditTests) ... ok
test_cell_grouping_blocks_clone_leakage_and_rejects_filaments (test_corrected_surface.SurfaceAuditTests) ... ok
test_empty_neighborhood_is_retained_as_sparse (test_corrected_surface.SurfaceAuditTests) ... ok
test_native_contribution_weights_sum_to_replayed_mass (test_corrected_surface.SurfaceAuditTests) ... ok
test_two_parallel_layers_are_never_crease_and_curved_sheet_has_quadratic (test_corrected_surface.SurfaceAuditTests) ... ok
test_orbit_and_video_have_exact_frozen_120_frames (test_corrected_visuals.VisualTests) ... ok
test_real_glyph_pixels_are_deterministic_sign_invariant_and_empty_is_white (test_corrected_visuals.VisualTests) ... ok
test_axial_tensor_kde_is_independently_sign_invariant (test_density_ridge_lines.DensityRidgeTests) ... ok
test_cleanup_preserves_broad_curves_and_removes_specks (test_density_ridge_lines.DensityRidgeTests) ... ok
test_hessian_prefers_broad_curve_to_blob_and_noise (test_density_ridge_lines.DensityRidgeTests) ... ok
test_kde_preserves_mass_and_constant_attributes (test_density_ridge_lines.DensityRidgeTests) ... ok
test_pooled_selection_exact_deterministic_and_global (test_density_ridge_lines.DensityRidgeTests) ... ok
test_cleanup_8_connected_boundary_and_monotonic_merges (test_density_ridge_threshold_sweep.ThresholdSweepTests) ... ok
test_exact_pooled_budget_and_stable_scene_row_major_ties (test_density_ridge_threshold_sweep.ThresholdSweepTests) ... ok
test_nesting_violation_fails (test_density_ridge_threshold_sweep.ThresholdSweepTests) ... ok
test_positive_candidates_cap_not_zero_score_fill (test_density_ridge_threshold_sweep.ThresholdSweepTests) ... ok
test_saved_six_percent_reproduction_before_baseline_matching (test_density_ridge_threshold_sweep.ThresholdSweepTests) ... ok
test_stable_nesting_all_budgets_with_ties_and_masked_scores (test_density_ridge_threshold_sweep.ThresholdSweepTests) ... ok
test_complete_evidence_native_mapping_and_depth_boundary (test_direct_curve.DirectCurveTests) ... ok
test_depth_reference_temporal_motion_has_identity_zero_and_detects_pop (test_direct_curve.DirectCurveTests) ... ok
test_depth_scale_is_neighbor_difference_not_median_residual (test_direct_curve.DirectCurveTests) ... ok
test_evaluation_requires_seal_and_keeps_every_frame_and_cell (test_direct_curve.DirectCurveTests) ... EVALUATED toy F_1
EVALUATED toy C_7
ARC_FRAME toy arc0_000
ARC_FRAME toy arc0_001
EVALUATION_COMPLETE toy
ok
test_final_native_stroke_width_is_one_point_five (test_direct_curve.DirectCurveTests) ... ok
test_fit_runner_seals_all_arms_starts_and_never_decodes_C (test_direct_curve.DirectCurveTests) ... PREPARED toy F 1
PREPARED toy F 14
PREPARED toy F 27
PREPARED toy F 41
PREPARED toy F 53
PREPARED toy F 67
PREPARED toy F 79
PREPARED toy F 93
FIT_BEGIN toy D_full_0
FIT_DONE toy D_full_0 seconds 0.0
FIT_BEGIN toy D_full_1
FIT_DONE toy D_full_1 seconds 0.0
FIT_BEGIN toy D_full_2
FIT_DONE toy D_full_2 seconds 0.0
FIT_BEGIN toy D_loo93_0
FIT_DONE toy D_loo93_0 seconds 0.0
FIT_BEGIN toy D_loo93_1
FIT_DONE toy D_loo93_1 seconds 0.0
FIT_BEGIN toy D_loo93_2
FIT_DONE toy D_loo93_2 seconds 0.0
FIT_BEGIN toy I_full_0
FIT_DONE toy I_full_0 seconds 0.0
FIT_BEGIN toy I_full_1
FIT_DONE toy I_full_1 seconds 0.0
FIT_BEGIN toy I_full_2
FIT_DONE toy I_full_2 seconds 0.0
FIT_BEGIN toy I_loo93_0
FIT_DONE toy I_loo93_0 seconds 0.0
FIT_BEGIN toy I_loo93_1
FIT_DONE toy I_loo93_1 seconds 0.0
FIT_BEGIN toy I_loo93_2
FIT_DONE toy I_loo93_2 seconds 0.0
FIT_BEGIN toy L_full_0
FIT_DONE toy L_full_0 seconds 0.0
FIT_BEGIN toy L_full_1
FIT_DONE toy L_full_1 seconds 0.0
FIT_BEGIN toy L_full_2
FIT_DONE toy L_full_2 seconds 0.0
FIT_BEGIN toy L_loo93_0
FIT_DONE toy L_loo93_0 seconds 0.0
FIT_BEGIN toy L_loo93_1
FIT_DONE toy L_loo93_1 seconds 0.0
FIT_BEGIN toy L_loo93_2
FIT_DONE toy L_loo93_2 seconds 0.0
SEALED toy
ok
test_fixed_cubic_projection_and_native_centers (test_direct_curve.DirectCurveTests) ... ok
test_foreground_census_uses_alpha_not_expanded_outline (test_direct_curve.DirectCurveTests) ... ok
test_global_fit_allocates_two_spans_to_two_complete_boundaries (test_direct_curve.DirectCurveTests) ... ok
test_gpu_sampler_deterministic_gradient (test_direct_curve.DirectCurveTests) ... ok
test_local_matching_cannot_win_by_deleting_its_span (test_direct_curve.DirectCurveTests) ... ok
test_native_census_keeps_empty_cells_and_fixed_geometry (test_direct_curve.DirectCurveTests) ... ok
test_native_quantiles_are_ten_fifty_ninety_and_calibrated (test_direct_curve.DirectCurveTests) ... ok
test_partition_access_and_native_preparation (test_direct_curve.DirectCurveTests) ... ok
test_playable_complete_media_and_drawing_disagreement (test_direct_curve.DirectCurveTests) ... ok
test_proposals_keep_empty_cells_and_share_three_starts (test_direct_curve.DirectCurveTests) ... ok
test_regularization_redundancy_and_synthetic_recovery (test_direct_curve.DirectCurveTests) ... ok
test_temporal_and_ambiguity_counts_do_not_reward_empty_ink (test_direct_curve.DirectCurveTests) ... ok
test_union_saturates_reassigns_and_unknown_cannot_hide (test_direct_curve.DirectCurveTests) ... ok
test_verification_detects_geometry_and_metric_tampering (test_direct_curve.DirectCurveTests) ... ok
test_visibility_and_independent_local_objective (test_direct_curve.DirectCurveTests) ... ok
test_axial_rgb_is_sign_invariant (test_field_visualization.FieldVisualizationTests) ... ok
test_identity_quaternion_uses_smallest_scale_axis (test_field_visualization.FieldVisualizationTests) ... ok
test_planar_neighborhood_has_high_planarity_and_agreement (test_field_visualization.FieldVisualizationTests) ... ok
test_quaternion_rotation_is_orthonormal (test_field_visualization.FieldVisualizationTests) ... ok
test_slice_field_peaks_at_gaussian_center (test_field_visualization.FieldVisualizationTests) ... ok
test_01_freeze_json_is_canonical_and_exclusive (test_foundation.FoundationTests) ... ok
test_02_verified_read_detects_tampering (test_foundation.FoundationTests) ... ok
test_03_landlock_denies_native_forbidden_reads_and_writes (test_foundation.FoundationTests) ... ok
test_04_full_K_projection_and_analytic_jacobian (test_foundation.FoundationTests) ... ok
test_05_native_anisotropic_full_K_stock_buffers (test_foundation.FoundationTests) ... ok
test_06_native_replay_weights_layers_cutoff_and_termination (test_foundation.FoundationTests) ... ok
test_07_calibration_detects_rgb_and_alpha_errors (test_foundation.FoundationTests) ... ok
test_08_load_full_SH_asset_without_filtering (test_foundation.FoundationTests) ... ok
test_09_clone_split_deterministic_parent_mass_and_moments (test_foundation.FoundationTests) ... ok
test_10_qualification_uses_frozen_roi_and_all_thresholds (test_foundation.FoundationTests) ... ok
test_11_prerequisite_gate_never_calls_invalid_a_scientific_failure (test_foundation.FoundationTests) ... ok
test_12_native_open_audit_separates_denials_and_violations (test_foundation.FoundationTests) ... ok
test_13_deterministic_png_contact_sheet (test_foundation.FoundationTests) ... ok
test_14_prerequisite_runner_end_to_end_native_synthetic (test_foundation.FoundationTests) ... ok
test_15_native_calibration_multilayer_rotation_and_row_shuffle (test_foundation.FoundationTests) ... ok
test_16_reporting_preserves_stopping_states_and_hashes (test_foundation.FoundationTests) ... ok
test_analytic_peak_determinant_and_unbounded_occupancy (test_gaussian_density.GaussianDensityTests) ... ok
test_distant_kernel_has_no_artificial_exponent_floor (test_gaussian_density.GaussianDensityTests) ... ok
test_empty_slice_and_invalid_parameters (test_gaussian_density.GaussianDensityTests) ... ok
test_slice_matches_brute_force_rotated_anisotropic_kernels (test_gaussian_density.GaussianDensityTests) ... ok
test_slice_plane_culling_and_grid_boundary (test_gaussian_density.GaussianDensityTests) ... ok
test_slice_retains_extremely_thin_rotated_support (test_gaussian_density.GaussianDensityTests) ... ok
test_thin_rotated_kernel_is_not_pseudoinverse_regularized (test_gaussian_density.GaussianDensityTests) ... ok
test_weighted_global_pca_has_deterministic_right_handed_axes (test_gaussian_density.GaussianDensityTests) ... ok
test_weighted_quantiles_are_inverse_empirical_cdf (test_gaussian_density.GaussianDensityTests) ... ok
test_centers_not_depth_backprojection (test_id_anchor.AnchorTest) ... ok
test_cross_layer_rejected (test_id_anchor.AnchorTest) ... ok
test_full_K_plane_lift (test_id_anchor.AnchorTest) ... ok
test_controlled_qualification_rejects_missing_views_and_trivial_children (test_multiscene.MultisceneTests) ... ok
test_grid_png_decodes_and_is_deterministic (test_multiscene.MultisceneTests) ... ok
test_independent_eligibility_is_separate_and_requires_every_view (test_multiscene.MultisceneTests) ... ok
test_qualification_runner_keeps_all_doses_and_stock_calibration (test_multiscene.MultisceneTests) ... ok
test_quality_renders_compare_both_backgrounds_to_frozen_rgba (test_multiscene.MultisceneTests) ... ok
test_renderer_aware_redistribution_and_moment_ladder (test_multiscene.MultisceneTests) ... ok
test_resolution_diagnosis_has_no_eligibility_override (test_multiscene.MultisceneTests) ... ok
test_bootstrap_bytecode_requires_current_header_and_equal_source (test_multiscene_audit.AuditTests) ... ok
test_bootstrap_exceptions_are_separate_from_forbidden_scene_reads (test_multiscene_audit.AuditTests) ... ok
test_stale_timestamp_cache_is_disclosed_and_requires_source_fallback (test_multiscene_audit.AuditTests) ... ok
test_canny_tangents_queries_and_shift_control_are_frozen (test_multiscene_probe.ProbeTests) ... ok
test_full_box_search_retains_separated_modes_and_plateaus (test_multiscene_probe.ProbeTests) ... ok
test_image_hessian_is_axial_and_full_K_covariant (test_multiscene_probe.ProbeTests) ... ok
test_inference_rejects_global_multimodality_despite_local_hessian (test_multiscene_probe.ProbeTests) ... ok
test_matching_is_bidirectional_sign_invariant_and_empty_is_not_success (test_multiscene_probe.ProbeTests) ... ok
test_native_depth_layers_preserve_transmittance_and_disjoint_support (test_multiscene_probe.ProbeTests) ... ok
test_combined_decision_cannot_rescue_a_failed_scene_or_certify_missing_review (test_multiscene_report.ReportTests) ... ok
test_diagnostic_summary_keeps_every_group_without_eligibility_override (test_multiscene_report.ReportTests) ... ok
test_pair_measurements_use_the_identical_photo_roi_and_keep_each_view (test_multiscene_report.ReportTests) ... ok
test_report_consistency_detects_tampered_counts_and_qualification_rows (test_multiscene_report.ReportTests) ... ok
test_route_b_rgb_pass_does_not_override_bad_parent_quality (test_multiscene_report.ReportTests) ... ok
test_job_manifests_enumerate_eight_fixed_runs_without_recipe_drift (test_multiscene_training.TrainingTests) ... ok
test_seed_patch_changes_all_streams_and_only_seed_semantics (test_multiscene_training.TrainingTests) ... ok
test_staged_data_is_identical_but_has_independent_initialization (test_multiscene_training.TrainingTests) ... ok
test_training_entry_preserves_arguments_and_blocks_unstaged_reads (test_multiscene_training.TrainingTests) ... ok
test_worker_resource_wait_and_failure_are_durable (test_multiscene_training.TrainingTests) ... ok
test_inventory_detects_changed_deleted_and_unlisted_outputs (test_multiscene_verify.VerifyTests) ... ok
test_png_verification_decodes_pixels_and_rejects_truncated_data (test_multiscene_verify.VerifyTests) ... ok
test_actual_ink_not_candidate_count_controls_budget (test_path_cover.CoverTest) ... ok
test_corner_protection_and_no_cycles_or_degree_violation (test_path_cover.CoverTest) ... ok
test_deterministic_and_null_keeps_budget (test_path_cover.CoverTest) ... ok
test_global_pays_start_cost_for_collectively_good_path (test_path_cover.CoverTest) ... ok
test_greedy_breaks_a_cycle (test_path_cover.CoverTest) ... ok
test_simplify_protects_corner_and_trust_region (test_path_cover.CoverTest) ... ok
test_global_hash_order_and_nested_budgets (test_raster_downstream.DownstreamTest) ... ok
test_nonpolar_continuous_orbit (test_raster_downstream.DownstreamTest) ... ok
test_preserve_original_linelets_and_empty_null (test_raster_downstream.DownstreamTest) ... ok
test_cpu_render_full_K_original_ids_and_determinism (test_raster_state.RasterTest) ... ok
test_empty_empty_and_k_sensitivity (test_raster_state.RasterTest) ... ok
test_exact_n_ties_and_empty (test_raster_state.RasterTest) ... ok
test_three_level_original_id_remap (test_raster_state.RasterTest) ... ok
test_topk_weight_not_front_and_tie (test_raster_state.RasterTest) ... ok
test_G3_nearby_parallel_structures_rejected (test_stroke_bridge.BridgeTest) ... ok
test_air_gap_rejected (test_stroke_bridge.BridgeTest) ... ok
test_budget_and_endpoint_capacity (test_stroke_bridge.BridgeTest) ... ok
test_cross_depth_background_rejected (test_stroke_bridge.BridgeTest) ... ok
test_good_continuation_and_determinism (test_stroke_bridge.BridgeTest) ... ok
test_hermite_endpoints (test_stroke_bridge.BridgeTest) ... ok
test_occlusion_not_negative_evidence (test_stroke_bridge.BridgeTest) ... ok
test_visible_no_edge_is_negative (test_stroke_bridge.BridgeTest) ... ok
test_corner_and_determinism (test_stroke_graph.GraphTest) ... ok
test_cross_depth_layer_rejected (test_stroke_graph.GraphTest) ... ok
test_hidden_is_unevaluable_and_common_witness_matters (test_stroke_graph.GraphTest) ... ok
test_parallel_neighbors_not_linked (test_stroke_graph.GraphTest) ... ok
test_sampling_independent_of_other_paths (test_stroke_organization_outputs.OutputTest) ... ok
test_visibility_fragments_not_concatenated_for_gate (test_stroke_organization_outputs.OutputTest) ... ok
test_distant_infinite_line_intersection_rejected (test_stroke_relations.RelationTests) ... ok
test_t_is_image_relation_and_requires_finite_arms (test_stroke_relations.RelationTests) ... ok
test_two_scale_corner_has_complementary_bundles (test_stroke_relations.RelationTests) ... ok
test_alternates_use_max_and_sparse_delta_is_exact (test_stroke_select.SelectorTests) ... ok
test_complementary_low_unary_pair (test_stroke_select.SelectorTests) ... ok
test_deterministic_budget_and_invisible_not_free (test_stroke_select.SelectorTests) ... ok
test_tail_protects_minority_view (test_stroke_select.SelectorTests) ... ok
test_calibration_diagnostics_keep_absolute_mass_and_empty_support (test_topk_layered_evidence.NativePrefixTests) ... ok
test_cli_requires_explicit_new_output_directory (test_topk_layered_evidence.NativePrefixTests) ... ok
test_first_contributors_original_ids_weights_and_tail (test_topk_layered_evidence.NativePrefixTests) ... ok
test_frozen_protocol_and_inputs_fail_closed_on_tampering (test_topk_layered_evidence.NativePrefixTests) ... ok
test_g0_validation_replay_semantics_and_frozen_tail_gate (test_topk_layered_evidence.NativePrefixTests) ... ok
test_gate_summary_stops_on_incomplete_or_failed_g0 (test_topk_layered_evidence.NativePrefixTests) ... ok
test_native_gpu_full_intrinsics_ties_cutoff_and_existing_prefix (test_topk_layered_evidence.NativePrefixTests) ... ok
test_reject_invalid_native_buffers_before_ffi (test_topk_layered_evidence.NativePrefixTests) ... ok
test_write_complete_g0_artifacts_deterministically (test_topk_layered_evidence.NativePrefixTests) ... ok
test_compare_decodes_and_rejects_changed_scientific_outputs (test_topk_layered_verification.VerificationTests) ... ok
test_npz_semantics_detect_weight_and_missing_tail_corruption (test_topk_layered_verification.VerificationTests) ... ok
test_verifier_cli_exposes_reached_stage_verification (test_topk_layered_verification.VerificationTests) ... ok
test_explicit_train_indices (test_vrss_protocol.ProtocolTests) ... ok
test_full_K_pull_per_camera_and_gradient (test_vrss_protocol.ProtocolTests) ... ok
test_gbuffer_uses_fy_and_principal_point (test_vrss_protocol.ProtocolTests) ... ok

----------------------------------------------------------------------
Ran 217 tests in 94.462s

OK
