lego F_1 {'frame': 'F_1', 'errors': {'rgb_max': 0.0, 'alpha_max': 0.0, 'wrapper_max': 0.0}, 'legacy_changed_values': {'alpha': 2006, 'quantiles': 1, 'front': 0}, 'passed': True}
lego F_14 {'frame': 'F_14', 'errors': {'rgb_max': 0.0, 'alpha_max': 0.0, 'wrapper_max': 0.0}, 'legacy_changed_values': {'alpha': 3185, 'quantiles': 0, 'front': 0}, 'passed': True}
lego F_27 {'frame': 'F_27', 'errors': {'rgb_max': 0.0, 'alpha_max': 0.0, 'wrapper_max': 0.0}, 'legacy_changed_values': {'alpha': 1968, 'quantiles': 0, 'front': 0}, 'passed': True}
lego F_41 {'frame': 'F_41', 'errors': {'rgb_max': 0.0, 'alpha_max': 0.0, 'wrapper_max': 0.0}, 'legacy_changed_values': {'alpha': 1109, 'quantiles': 1, 'front': 0}, 'passed': True}
lego F_53 {'frame': 'F_53', 'errors': {'rgb_max': 0.0, 'alpha_max': 0.0, 'wrapper_max': 0.0}, 'legacy_changed_values': {'alpha': 3068, 'quantiles': 2, 'front': 0}, 'passed': True}
lego F_67 {'frame': 'F_67', 'errors': {'rgb_max': 0.0, 'alpha_max': 0.0, 'wrapper_max': 0.0}, 'legacy_changed_values': {'alpha': 1585, 'quantiles': 0, 'front': 0}, 'passed': True}
lego F_79 {'frame': 'F_79', 'errors': {'rgb_max': 0.0, 'alpha_max': 0.0, 'wrapper_max': 0.0}, 'legacy_changed_values': {'alpha': 2211, 'quantiles': 0, 'front': 0}, 'passed': True}
lego F_93 {'frame': 'F_93', 'errors': {'rgb_max': 0.0, 'alpha_max': 0.0, 'wrapper_max': 0.0}, 'legacy_changed_values': {'alpha': 6513, 'quantiles': 2, 'front': 1}, 'passed': True}
lego C_7 {'frame': 'C_7', 'errors': {'rgb_max': 0.0, 'alpha_max': 0.0, 'wrapper_max': 0.0}, 'legacy_changed_values': {'alpha': 3548, 'quantiles': 1, 'front': 0}, 'passed': True}
lego C_21 {'frame': 'C_21', 'errors': {'rgb_max': 0.0, 'alpha_max': 0.0, 'wrapper_max': 0.0}, 'legacy_changed_values': {'alpha': 6786, 'quantiles': 4, 'front': 0}, 'passed': True}
lego C_33 {'frame': 'C_33', 'errors': {'rgb_max': 0.0, 'alpha_max': 0.0, 'wrapper_max': 0.0}, 'legacy_changed_values': {'alpha': 9715, 'quantiles': 3, 'front': 0}, 'passed': True}
lego C_47 {'frame': 'C_47', 'errors': {'rgb_max': 0.0, 'alpha_max': 0.0, 'wrapper_max': 0.0}, 'legacy_changed_values': {'alpha': 5082, 'quantiles': 0, 'front': 2}, 'passed': True}
lego C_59 {'frame': 'C_59', 'errors': {'rgb_max': 0.0, 'alpha_max': 0.0, 'wrapper_max': 0.0}, 'legacy_changed_values': {'alpha': 4857, 'quantiles': 0, 'front': 0}, 'passed': True}
lego C_73 {'frame': 'C_73', 'errors': {'rgb_max': 0.0, 'alpha_max': 0.0, 'wrapper_max': 0.0}, 'legacy_changed_values': {'alpha': 7053, 'quantiles': 2, 'front': 1}, 'passed': True}
lego C_86 {'frame': 'C_86', 'errors': {'rgb_max': 0.0, 'alpha_max': 0.0, 'wrapper_max': 0.0}, 'legacy_changed_values': {'alpha': 9082, 'quantiles': 1, 'front': 0}, 'passed': True}
lego C_99 {'frame': 'C_99', 'errors': {'rgb_max': 0.0, 'alpha_max': 0.0, 'wrapper_max': 0.0}, 'legacy_changed_values': {'alpha': 7752, 'quantiles': 2, 'front': 2}, 'passed': True}
lego arc0_000 {'frame': 'arc0_000', 'errors': {'rgb_max': 0.0, 'alpha_max': 0.0, 'wrapper_max': 0.0}, 'legacy_changed_values': {'alpha': 9840, 'quantiles': 4, 'front': 2}, 'passed': True}
lego arc0_001 {'frame': 'arc0_001', 'errors': {'rgb_max': 0.0, 'alpha_max': 0.0, 'wrapper_max': 0.0}, 'legacy_changed_values': {'alpha': 9831, 'quantiles': 3, 'front': 0}, 'passed': True}
lego arc0_002 {'frame': 'arc0_002', 'errors': {'rgb_max': 0.0, 'alpha_max': 0.0, 'wrapper_max': 0.0}, 'legacy_changed_values': {'alpha': 9735, 'quantiles': 2, 'front': 2}, 'passed': True}
lego arc0_003 {'frame': 'arc0_003', 'errors': {'rgb_max': 0.0, 'alpha_max': 0.0, 'wrapper_max': 0.0}, 'legacy_changed_values': {'alpha': 9798, 'quantiles': 5, 'front': 1}, 'passed': True}
lego arc0_004 {'frame': 'arc0_004', 'errors': {'rgb_max': 0.0, 'alpha_max': 0.0, 'wrapper_max': 0.0}, 'legacy_changed_values': {'alpha': 9745, 'quantiles': 5, 'front': 0}, 'passed': True}
lego arc0_005 {'frame': 'arc0_005', 'errors': {'rgb_max': 0.0, 'alpha_max': 0.0, 'wrapper_max': 0.0}, 'legacy_changed_values': {'alpha': 9837, 'quantiles': 7, 'front': 2}, 'passed': True}
lego arc0_006 {'frame': 'arc0_006', 'errors': {'rgb_max': 0.0, 'alpha_max': 0.0, 'wrapper_max': 0.0}, 'legacy_changed_values': {'alpha': 9815, 'quantiles': 2, 'front': 0}, 'passed': True}
lego arc0_007 {'frame': 'arc0_007', 'errors': {'rgb_max': 0.0, 'alpha_max': 0.0, 'wrapper_max': 0.0}, 'legacy_changed_values': {'alpha': 9822, 'quantiles': 3, 'front': 3}, 'passed': True}
lego arc0_008 {'frame': 'arc0_008', 'errors': {'rgb_max': 0.0, 'alpha_max': 0.0, 'wrapper_max': 0.0}, 'legacy_changed_values': {'alpha': 9968, 'quantiles': 2, 'front': 0}, 'passed': True}
lego arc0_009 {'frame': 'arc0_009', 'errors': {'rgb_max': 0.0, 'alpha_max': 0.0, 'wrapper_max': 0.0}, 'legacy_changed_values': {'alpha': 9764, 'quantiles': 4, 'front': 1}, 'passed': True}
lego arc0_010 {'frame': 'arc0_010', 'errors': {'rgb_max': 0.0, 'alpha_max': 0.0, 'wrapper_max': 0.0}, 'legacy_changed_values': {'alpha': 9698, 'quantiles': 3, 'front': 0}, 'passed': True}
lego arc0_011 {'frame': 'arc0_011', 'errors': {'rgb_max': 0.0, 'alpha_max': 0.0, 'wrapper_max': 0.0}, 'legacy_changed_values': {'alpha': 9577, 'quantiles': 1, 'front': 0}, 'passed': True}
lego arc0_012 {'frame': 'arc0_012', 'errors': {'rgb_max': 0.0, 'alpha_max': 0.0, 'wrapper_max': 0.0}, 'legacy_changed_values': {'alpha': 9803, 'quantiles': 2, 'front': 0}, 'passed': True}
lego arc0_013 {'frame': 'arc0_013', 'errors': {'rgb_max': 0.0, 'alpha_max': 0.0, 'wrapper_max': 0.0}, 'legacy_changed_values': {'alpha': 9722, 'quantiles': 3, 'front': 1}, 'passed': True}
lego arc0_014 {'frame': 'arc0_014', 'errors': {'rgb_max': 0.0, 'alpha_max': 0.0, 'wrapper_max': 0.0}, 'legacy_changed_values': {'alpha': 9654, 'quantiles': 3, 'front': 1}, 'passed': True}
lego arc0_015 {'frame': 'arc0_015', 'errors': {'rgb_max': 0.0, 'alpha_max': 0.0, 'wrapper_max': 0.0}, 'legacy_changed_values': {'alpha': 9684, 'quantiles': 2, 'front': 1}, 'passed': True}
lego arc0_016 {'frame': 'arc0_016', 'errors': {'rgb_max': 0.0, 'alpha_max': 0.0, 'wrapper_max': 0.0}, 'legacy_changed_values': {'alpha': 9719, 'quantiles': 1, 'front': 0}, 'passed': True}
lego arc0_017 {'frame': 'arc0_017', 'errors': {'rgb_max': 0.0, 'alpha_max': 0.0, 'wrapper_max': 0.0}, 'legacy_changed_values': {'alpha': 9637, 'quantiles': 4, 'front': 0}, 'passed': True}
lego arc0_018 {'frame': 'arc0_018', 'errors': {'rgb_max': 0.0, 'alpha_max': 0.0, 'wrapper_max': 0.0}, 'legacy_changed_values': {'alpha': 9686, 'quantiles': 0, 'front': 2}, 'passed': True}
lego arc0_019 {'frame': 'arc0_019', 'errors': {'rgb_max': 0.0, 'alpha_max': 0.0, 'wrapper_max': 0.0}, 'legacy_changed_values': {'alpha': 9532, 'quantiles': 1, 'front': 0}, 'passed': True}
lego arc0_020 {'frame': 'arc0_020', 'errors': {'rgb_max': 0.0, 'alpha_max': 0.0, 'wrapper_max': 0.0}, 'legacy_changed_values': {'alpha': 9538, 'quantiles': 4, 'front': 0}, 'passed': True}
lego arc0_021 {'frame': 'arc0_021', 'errors': {'rgb_max': 0.0, 'alpha_max': 0.0, 'wrapper_max': 0.0}, 'legacy_changed_values': {'alpha': 9606, 'quantiles': 2, 'front': 0}, 'passed': True}
lego arc0_022 {'frame': 'arc0_022', 'errors': {'rgb_max': 0.0, 'alpha_max': 0.0, 'wrapper_max': 0.0}, 'legacy_changed_values': {'alpha': 9634, 'quantiles': 2, 'front': 0}, 'passed': True}
lego arc0_023 {'frame': 'arc0_023', 'errors': {'rgb_max': 0.0, 'alpha_max': 0.0, 'wrapper_max': 0.0}, 'legacy_changed_values': {'alpha': 9739, 'quantiles': 3, 'front': 2}, 'passed': True}
lego arc0_024 {'frame': 'arc0_024', 'errors': {'rgb_max': 0.0, 'alpha_max': 0.0, 'wrapper_max': 0.0}, 'legacy_changed_values': {'alpha': 9519, 'quantiles': 4, 'front': 2}, 'passed': True}
lego arc0_025 {'frame': 'arc0_025', 'errors': {'rgb_max': 0.0, 'alpha_max': 0.0, 'wrapper_max': 0.0}, 'legacy_changed_values': {'alpha': 9498, 'quantiles': 5, 'front': 1}, 'passed': True}
lego arc0_026 {'frame': 'arc0_026', 'errors': {'rgb_max': 0.0, 'alpha_max': 0.0, 'wrapper_max': 0.0}, 'legacy_changed_values': {'alpha': 9483, 'quantiles': 3, 'front': 0}, 'passed': True}
lego arc0_027 {'frame': 'arc0_027', 'errors': {'rgb_max': 0.0, 'alpha_max': 0.0, 'wrapper_max': 0.0}, 'legacy_changed_values': {'alpha': 9470, 'quantiles': 3, 'front': 0}, 'passed': True}
lego arc0_028 {'frame': 'arc0_028', 'errors': {'rgb_max': 0.0, 'alpha_max': 0.0, 'wrapper_max': 0.0}, 'legacy_changed_values': {'alpha': 9196, 'quantiles': 4, 'front': 0}, 'passed': True}
lego arc0_029 {'frame': 'arc0_029', 'errors': {'rgb_max': 0.0, 'alpha_max': 0.0, 'wrapper_max': 0.0}, 'legacy_changed_values': {'alpha': 9313, 'quantiles': 4, 'front': 1}, 'passed': True}
lego arc0_030 {'frame': 'arc0_030', 'errors': {'rgb_max': 0.0, 'alpha_max': 0.0, 'wrapper_max': 0.0}, 'legacy_changed_values': {'alpha': 9156, 'quantiles': 2, 'front': 1}, 'passed': True}
lego arc0_031 {'frame': 'arc0_031', 'errors': {'rgb_max': 0.0, 'alpha_max': 0.0, 'wrapper_max': 0.0}, 'legacy_changed_values': {'alpha': 9193, 'quantiles': 8, 'front': 1}, 'passed': True}
lego arc0_032 {'frame': 'arc0_032', 'errors': {'rgb_max': 0.0, 'alpha_max': 0.0, 'wrapper_max': 0.0}, 'legacy_changed_values': {'alpha': 9161, 'quantiles': 1, 'front': 0}, 'passed': True}
lego arc1_000 {'frame': 'arc1_000', 'errors': {'rgb_max': 0.0, 'alpha_max': 0.0, 'wrapper_max': 0.0}, 'legacy_changed_values': {'alpha': 2083, 'quantiles': 0, 'front': 0}, 'passed': True}
lego arc1_001 {'frame': 'arc1_001', 'errors': {'rgb_max': 0.0, 'alpha_max': 0.0, 'wrapper_max': 0.0}, 'legacy_changed_values': {'alpha': 2073, 'quantiles': 0, 'front': 1}, 'passed': True}
lego arc1_002 {'frame': 'arc1_002', 'errors': {'rgb_max': 0.0, 'alpha_max': 0.0, 'wrapper_max': 0.0}, 'legacy_changed_values': {'alpha': 2021, 'quantiles': 0, 'front': 0}, 'passed': True}
lego arc1_003 {'frame': 'arc1_003', 'errors': {'rgb_max': 0.0, 'alpha_max': 0.0, 'wrapper_max': 0.0}, 'legacy_changed_values': {'alpha': 2026, 'quantiles': 2, 'front': 0}, 'passed': True}
lego arc1_004 {'frame': 'arc1_004', 'errors': {'rgb_max': 0.0, 'alpha_max': 0.0, 'wrapper_max': 0.0}, 'legacy_changed_values': {'alpha': 1927, 'quantiles': 1, 'front': 0}, 'passed': True}
lego arc1_005 {'frame': 'arc1_005', 'errors': {'rgb_max': 0.0, 'alpha_max': 0.0, 'wrapper_max': 0.0}, 'legacy_changed_values': {'alpha': 1919, 'quantiles': 1, 'front': 0}, 'passed': True}
lego arc1_006 {'frame': 'arc1_006', 'errors': {'rgb_max': 0.0, 'alpha_max': 0.0, 'wrapper_max': 0.0}, 'legacy_changed_values': {'alpha': 1946, 'quantiles': 1, 'front': 0}, 'passed': True}
lego arc1_007 {'frame': 'arc1_007', 'errors': {'rgb_max': 0.0, 'alpha_max': 0.0, 'wrapper_max': 0.0}, 'legacy_changed_values': {'alpha': 1904, 'quantiles': 0, 'front': 0}, 'passed': True}
lego arc1_008 {'frame': 'arc1_008', 'errors': {'rgb_max': 0.0, 'alpha_max': 0.0, 'wrapper_max': 0.0}, 'legacy_changed_values': {'alpha': 1938, 'quantiles': 0, 'front': 0}, 'passed': True}
lego arc1_009 {'frame': 'arc1_009', 'errors': {'rgb_max': 0.0, 'alpha_max': 0.0, 'wrapper_max': 0.0}, 'legacy_changed_values': {'alpha': 1891, 'quantiles': 1, 'front': 0}, 'passed': True}
lego arc1_010 {'frame': 'arc1_010', 'errors': {'rgb_max': 0.0, 'alpha_max': 0.0, 'wrapper_max': 0.0}, 'legacy_changed_values': {'alpha': 1850, 'quantiles': 0, 'front': 0}, 'passed': True}
lego arc1_011 {'frame': 'arc1_011', 'errors': {'rgb_max': 0.0, 'alpha_max': 0.0, 'wrapper_max': 0.0}, 'legacy_changed_values': {'alpha': 1781, 'quantiles': 0, 'front': 0}, 'passed': True}
lego arc1_012 {'frame': 'arc1_012', 'errors': {'rgb_max': 0.0, 'alpha_max': 0.0, 'wrapper_max': 0.0}, 'legacy_changed_values': {'alpha': 1853, 'quantiles': 0, 'front': 0}, 'passed': True}
lego arc1_013 {'frame': 'arc1_013', 'errors': {'rgb_max': 0.0, 'alpha_max': 0.0, 'wrapper_max': 0.0}, 'legacy_changed_values': {'alpha': 1907, 'quantiles': 0, 'front': 1}, 'passed': True}
lego arc1_014 {'frame': 'arc1_014', 'errors': {'rgb_max': 0.0, 'alpha_max': 0.0, 'wrapper_max': 0.0}, 'legacy_changed_values': {'alpha': 1826, 'quantiles': 1, 'front': 0}, 'passed': True}
lego arc1_015 {'frame': 'arc1_015', 'errors': {'rgb_max': 0.0, 'alpha_max': 0.0, 'wrapper_max': 0.0}, 'legacy_changed_values': {'alpha': 1751, 'quantiles': 0, 'front': 0}, 'passed': True}
lego arc1_016 {'frame': 'arc1_016', 'errors': {'rgb_max': 0.0, 'alpha_max': 0.0, 'wrapper_max': 0.0}, 'legacy_changed_values': {'alpha': 1766, 'quantiles': 2, 'front': 0}, 'passed': True}
lego arc1_017 {'frame': 'arc1_017', 'errors': {'rgb_max': 0.0, 'alpha_max': 0.0, 'wrapper_max': 0.0}, 'legacy_changed_values': {'alpha': 1814, 'quantiles': 2, 'front': 0}, 'passed': True}
lego arc1_018 {'frame': 'arc1_018', 'errors': {'rgb_max': 0.0, 'alpha_max': 0.0, 'wrapper_max': 0.0}, 'legacy_changed_values': {'alpha': 1748, 'quantiles': 0, 'front': 0}, 'passed': True}
lego arc1_019 {'frame': 'arc1_019', 'errors': {'rgb_max': 0.0, 'alpha_max': 0.0, 'wrapper_max': 0.0}, 'legacy_changed_values': {'alpha': 1767, 'quantiles': 1, 'front': 0}, 'passed': True}
lego arc1_020 {'frame': 'arc1_020', 'errors': {'rgb_max': 0.0, 'alpha_max': 0.0, 'wrapper_max': 0.0}, 'legacy_changed_values': {'alpha': 1700, 'quantiles': 0, 'front': 0}, 'passed': True}
lego arc1_021 {'frame': 'arc1_021', 'errors': {'rgb_max': 0.0, 'alpha_max': 0.0, 'wrapper_max': 0.0}, 'legacy_changed_values': {'alpha': 1775, 'quantiles': 1, 'front': 0}, 'passed': True}
lego arc1_022 {'frame': 'arc1_022', 'errors': {'rgb_max': 0.0, 'alpha_max': 0.0, 'wrapper_max': 0.0}, 'legacy_changed_values': {'alpha': 1731, 'quantiles': 1, 'front': 0}, 'passed': True}
lego arc1_023 {'frame': 'arc1_023', 'errors': {'rgb_max': 0.0, 'alpha_max': 0.0, 'wrapper_max': 0.0}, 'legacy_changed_values': {'alpha': 1737, 'quantiles': 0, 'front': 0}, 'passed': True}
lego arc1_024 {'frame': 'arc1_024', 'errors': {'rgb_max': 0.0, 'alpha_max': 0.0, 'wrapper_max': 0.0}, 'legacy_changed_values': {'alpha': 1714, 'quantiles': 0, 'front': 0}, 'passed': True}
lego arc1_025 {'frame': 'arc1_025', 'errors': {'rgb_max': 0.0, 'alpha_max': 0.0, 'wrapper_max': 0.0}, 'legacy_changed_values': {'alpha': 1691, 'quantiles': 1, 'front': 0}, 'passed': True}
lego arc1_026 {'frame': 'arc1_026', 'errors': {'rgb_max': 0.0, 'alpha_max': 0.0, 'wrapper_max': 0.0}, 'legacy_changed_values': {'alpha': 1699, 'quantiles': 0, 'front': 0}, 'passed': True}
lego arc1_027 {'frame': 'arc1_027', 'errors': {'rgb_max': 0.0, 'alpha_max': 0.0, 'wrapper_max': 0.0}, 'legacy_changed_values': {'alpha': 1663, 'quantiles': 0, 'front': 0}, 'passed': True}
lego arc1_028 {'frame': 'arc1_028', 'errors': {'rgb_max': 0.0, 'alpha_max': 0.0, 'wrapper_max': 0.0}, 'legacy_changed_values': {'alpha': 1707, 'quantiles': 0, 'front': 0}, 'passed': True}
lego arc1_029 {'frame': 'arc1_029', 'errors': {'rgb_max': 0.0, 'alpha_max': 0.0, 'wrapper_max': 0.0}, 'legacy_changed_values': {'alpha': 1664, 'quantiles': 0, 'front': 1}, 'passed': True}
lego arc1_030 {'frame': 'arc1_030', 'errors': {'rgb_max': 0.0, 'alpha_max': 0.0, 'wrapper_max': 0.0}, 'legacy_changed_values': {'alpha': 1604, 'quantiles': 0, 'front': 0}, 'passed': True}
lego arc1_031 {'frame': 'arc1_031', 'errors': {'rgb_max': 0.0, 'alpha_max': 0.0, 'wrapper_max': 0.0}, 'legacy_changed_values': {'alpha': 1568, 'quantiles': 0, 'front': 0}, 'passed': True}
lego arc1_032 {'frame': 'arc1_032', 'errors': {'rgb_max': 0.0, 'alpha_max': 0.0, 'wrapper_max': 0.0}, 'legacy_changed_values': {'alpha': 1566, 'quantiles': 0, 'front': 0}, 'passed': True}
Traceback (most recent call last):
  File "/home/u00134/3dgs_line/tier1/scripts/calibrate_direct_curve_replay.py", line 37, in <module>
    if __name__=='__main__':main()
  File "/home/u00134/3dgs_line/tier1/scripts/calibrate_direct_curve_replay.py", line 35, in main
    result=dict(passed=all(r['passed'] for r in rows),frames=len(rows),rows=rows,seconds=time.monotonic()-started,threshold=1/255,source_hashes={str(p.relative_to(ROOT)):sha(p) for p in [ROOT/'src/direct_curve.py',ROOT/'src/direct_curve_quantiles.cu',ROOT/'out/direct_curve_global_fit_probe/setup/quantiles_cuda_v1.so',ROOT/'out/vrss/vendor/official_rasterizer/cuda_rasterizer/forward.cu']})
  File "/home/u00134/3dgs_line/tier1/scripts/calibrate_direct_curve_replay.py", line 35, in <dictcomp>
    result=dict(passed=all(r['passed'] for r in rows),frames=len(rows),rows=rows,seconds=time.monotonic()-started,threshold=1/255,source_hashes={str(p.relative_to(ROOT)):sha(p) for p in [ROOT/'src/direct_curve.py',ROOT/'src/direct_curve_quantiles.cu',ROOT/'out/direct_curve_global_fit_probe/setup/quantiles_cuda_v1.so',ROOT/'out/vrss/vendor/official_rasterizer/cuda_rasterizer/forward.cu']})
  File "/home/u00134/3dgs_line/tier1/scripts/run_direct_curve_probe.py", line 35, in sha
    def sha(path):return hashlib.sha256(Path(path).read_bytes()).hexdigest()
  File "/home/u00134/bin/miniconda3/envs/vfsdgs/lib/python3.9/pathlib.py", line 1187, in read_bytes
    with self.open(mode='rb') as f:
  File "/home/u00134/bin/miniconda3/envs/vfsdgs/lib/python3.9/pathlib.py", line 1180, in open
    return io.open(self, mode, buffering, encoding, errors, newline,
  File "/home/u00134/bin/miniconda3/envs/vfsdgs/lib/python3.9/pathlib.py", line 1038, in _opener
    return self._accessor.open(self, flags, mode)
PermissionError: [Errno 13] Permission denied: '/home/u00134/3dgs_line/tier1/out/vrss/vendor/official_rasterizer/cuda_rasterizer/forward.cu'
