{
  "passed": true,
  "checks": {
    "protocol": true,
    "inputs": true,
    "sources": true,
    "sealed_lego_and_frozen_preserved": true,
    "interrupted_attempts_preserved": true,
    "fit_objective_unchanged": true,
    "suite_access": true,
    "complete_226_tests": true,
    "regression_25": true,
    "regression_26": true,
    "lego:checkpoint_hash": true,
    "lego:input_1_hash": true,
    "lego:input_14_hash": true,
    "lego:input_27_hash": true,
    "lego:input_41_hash": true,
    "lego:input_53_hash": true,
    "lego:input_67_hash": true,
    "lego:input_79_hash": true,
    "lego:input_93_hash": true,
    "lego:input_7_hash": true,
    "lego:input_21_hash": true,
    "lego:input_33_hash": true,
    "lego:input_47_hash": true,
    "lego:input_59_hash": true,
    "lego:input_73_hash": true,
    "lego:input_86_hash": true,
    "lego:input_99_hash": true,
    "scheduler/resume_20260929_v2/rerun/jobs/lego_evaluate/END.json:closed": true,
    "scheduler/resume_20260929_v2/rerun/jobs/lego_calibrate_all/END.json:closed": true,
    "scheduler/resume_20260929_v2/run/jobs/lego_evaluate/END.json:closed": true,
    "scheduler/resume_20260929_v2/run/jobs/lego_calibrate_all/END.json:closed": true,
    "lego:budget": true,
    "lego:deterministic": true,
    "run:lego:fit_sealed": true,
    "run:lego:complete": true,
    "run:lego:census": true,
    "run:lego:arcs": true,
    "run:lego:calibration_gate": true,
    "run:lego:exhaustive_replay": true,
    "run:lego:D_full_0:budget": true,
    "run:lego:D_full_0:finite": true,
    "run:lego:D_full_1:budget": true,
    "run:lego:D_full_1:finite": true,
    "run:lego:D_full_2:budget": true,
    "run:lego:D_full_2:finite": true,
    "run:lego:D_loo93_0:budget": true,
    "run:lego:D_loo93_0:finite": true,
    "run:lego:D_loo93_1:budget": true,
    "run:lego:D_loo93_1:finite": true,
    "run:lego:D_loo93_2:budget": true,
    "run:lego:D_loo93_2:finite": true,
    "run:lego:I_full_0:budget": true,
    "run:lego:I_full_0:finite": true,
    "run:lego:I_full_1:budget": true,
    "run:lego:I_full_1:finite": true,
    "run:lego:I_full_2:budget": true,
    "run:lego:I_full_2:finite": true,
    "run:lego:I_loo93_0:budget": true,
    "run:lego:I_loo93_0:finite": true,
    "run:lego:I_loo93_1:budget": true,
    "run:lego:I_loo93_1:finite": true,
    "run:lego:I_loo93_2:budget": true,
    "run:lego:I_loo93_2:finite": true,
    "run:lego:L_full_0:budget": true,
    "run:lego:L_full_0:finite": true,
    "run:lego:L_full_1:budget": true,
    "run:lego:L_full_1:finite": true,
    "run:lego:L_full_2:budget": true,
    "run:lego:L_full_2:finite": true,
    "run:lego:L_loo93_0:budget": true,
    "run:lego:L_loo93_0:finite": true,
    "run:lego:L_loo93_1:budget": true,
    "run:lego:L_loo93_1:finite": true,
    "run:lego:L_loo93_2:budget": true,
    "run:lego:L_loo93_2:finite": true,
    "run:lego:D:fixed_geometry": true,
    "run:lego:I:fixed_geometry": true,
    "run:lego:L:fixed_geometry": true,
    "run:lego:media": true,
    "run:lego:videos/arc0_complete.mp4:format": true,
    "run:lego:videos/arc1_complete.mp4:format": true,
    "run:lego:fit:access": true,
    "run:lego:fit:source_provenance": true,
    "run:lego:evaluate:access": true,
    "run:lego:evaluate:source_provenance": true,
    "scheduler/resume_20260929_v2/run/jobs/lego_evaluate/AUDIT.json": true,
    "scheduler/resume_20260929_v2/run/jobs/lego_calibrate_all/AUDIT.json": true,
    "run:lego:atomic_evaluation_seal": true,
    "rerun:lego:fit_sealed": true,
    "rerun:lego:complete": true,
    "rerun:lego:census": true,
    "rerun:lego:arcs": true,
    "rerun:lego:calibration_gate": true,
    "rerun:lego:exhaustive_replay": true,
    "rerun:lego:D_full_0:budget": true,
    "rerun:lego:D_full_0:finite": true,
    "rerun:lego:D_full_1:budget": true,
    "rerun:lego:D_full_1:finite": true,
    "rerun:lego:D_full_2:budget": true,
    "rerun:lego:D_full_2:finite": true,
    "rerun:lego:D_loo93_0:budget": true,
    "rerun:lego:D_loo93_0:finite": true,
    "rerun:lego:D_loo93_1:budget": true,
    "rerun:lego:D_loo93_1:finite": true,
    "rerun:lego:D_loo93_2:budget": true,
    "rerun:lego:D_loo93_2:finite": true,
    "rerun:lego:I_full_0:budget": true,
    "rerun:lego:I_full_0:finite": true,
    "rerun:lego:I_full_1:budget": true,
    "rerun:lego:I_full_1:finite": true,
    "rerun:lego:I_full_2:budget": true,
    "rerun:lego:I_full_2:finite": true,
    "rerun:lego:I_loo93_0:budget": true,
    "rerun:lego:I_loo93_0:finite": true,
    "rerun:lego:I_loo93_1:budget": true,
    "rerun:lego:I_loo93_1:finite": true,
    "rerun:lego:I_loo93_2:budget": true,
    "rerun:lego:I_loo93_2:finite": true,
    "rerun:lego:L_full_0:budget": true,
    "rerun:lego:L_full_0:finite": true,
    "rerun:lego:L_full_1:budget": true,
    "rerun:lego:L_full_1:finite": true,
    "rerun:lego:L_full_2:budget": true,
    "rerun:lego:L_full_2:finite": true,
    "rerun:lego:L_loo93_0:budget": true,
    "rerun:lego:L_loo93_0:finite": true,
    "rerun:lego:L_loo93_1:budget": true,
    "rerun:lego:L_loo93_1:finite": true,
    "rerun:lego:L_loo93_2:budget": true,
    "rerun:lego:L_loo93_2:finite": true,
    "rerun:lego:D:fixed_geometry": true,
    "rerun:lego:I:fixed_geometry": true,
    "rerun:lego:L:fixed_geometry": true,
    "rerun:lego:media": true,
    "rerun:lego:videos/arc0_complete.mp4:format": true,
    "rerun:lego:videos/arc1_complete.mp4:format": true,
    "rerun:lego:fit:access": true,
    "rerun:lego:fit:source_provenance": true,
    "rerun:lego:evaluate:access": true,
    "rerun:lego:evaluate:source_provenance": true,
    "scheduler/resume_20260929_v2/rerun/jobs/lego_evaluate/AUDIT.json": true,
    "scheduler/resume_20260929_v2/rerun/jobs/lego_calibrate_all/AUDIT.json": true,
    "rerun:lego:atomic_evaluation_seal": true,
    "chair:checkpoint_hash": true,
    "chair:input_1_hash": true,
    "chair:input_14_hash": true,
    "chair:input_27_hash": true,
    "chair:input_41_hash": true,
    "chair:input_53_hash": true,
    "chair:input_67_hash": true,
    "chair:input_79_hash": true,
    "chair:input_93_hash": true,
    "chair:input_7_hash": true,
    "chair:input_21_hash": true,
    "chair:input_33_hash": true,
    "chair:input_47_hash": true,
    "chair:input_59_hash": true,
    "chair:input_73_hash": true,
    "chair:input_86_hash": true,
    "chair:input_99_hash": true,
    "scheduler/resume_20260929_v2/rerun/jobs/chair_calibrate_F/END.json:closed": true,
    "scheduler/resume_20260929_v2/rerun/jobs/chair_evaluate/END.json:closed": true,
    "scheduler/resume_20260929_v2/rerun/jobs/chair_calibrate_all/END.json:closed": true,
    "scheduler/resume_20260929_v2/rerun/jobs/chair_fit/END.json:closed": true,
    "scheduler/resume_20260929_v2/run/jobs/chair_calibrate_F/END.json:closed": true,
    "scheduler/resume_20260929_v2/run/jobs/chair_evaluate/END.json:closed": true,
    "scheduler/resume_20260929_v2/run/jobs/chair_calibrate_all/END.json:closed": true,
    "scheduler/resume_20260929_v2/run/jobs/chair_fit/END.json:closed": true,
    "chair:budget": true,
    "chair:deterministic": true,
    "run:chair:fit_sealed": true,
    "run:chair:complete": true,
    "run:chair:census": true,
    "run:chair:arcs": true,
    "run:chair:calibration_gate": true,
    "run:chair:exhaustive_replay": true,
    "run:chair:D_full_0:budget": true,
    "run:chair:D_full_0:finite": true,
    "run:chair:D_full_1:budget": true,
    "run:chair:D_full_1:finite": true,
    "run:chair:D_full_2:budget": true,
    "run:chair:D_full_2:finite": true,
    "run:chair:D_loo93_0:budget": true,
    "run:chair:D_loo93_0:finite": true,
    "run:chair:D_loo93_1:budget": true,
    "run:chair:D_loo93_1:finite": true,
    "run:chair:D_loo93_2:budget": true,
    "run:chair:D_loo93_2:finite": true,
    "run:chair:I_full_0:budget": true,
    "run:chair:I_full_0:finite": true,
    "run:chair:I_full_1:budget": true,
    "run:chair:I_full_1:finite": true,
    "run:chair:I_full_2:budget": true,
    "run:chair:I_full_2:finite": true,
    "run:chair:I_loo93_0:budget": true,
    "run:chair:I_loo93_0:finite": true,
    "run:chair:I_loo93_1:budget": true,
    "run:chair:I_loo93_1:finite": true,
    "run:chair:I_loo93_2:budget": true,
    "run:chair:I_loo93_2:finite": true,
    "run:chair:L_full_0:budget": true,
    "run:chair:L_full_0:finite": true,
    "run:chair:L_full_1:budget": true,
    "run:chair:L_full_1:finite": true,
    "run:chair:L_full_2:budget": true,
    "run:chair:L_full_2:finite": true,
    "run:chair:L_loo93_0:budget": true,
    "run:chair:L_loo93_0:finite": true,
    "run:chair:L_loo93_1:budget": true,
    "run:chair:L_loo93_1:finite": true,
    "run:chair:L_loo93_2:budget": true,
    "run:chair:L_loo93_2:finite": true,
    "run:chair:D:fixed_geometry": true,
    "run:chair:I:fixed_geometry": true,
    "run:chair:L:fixed_geometry": true,
    "run:chair:media": true,
    "run:chair:videos/arc0_complete.mp4:format": true,
    "run:chair:videos/arc1_complete.mp4:format": true,
    "run:chair:fit:access": true,
    "run:chair:fit:source_provenance": true,
    "run:chair:evaluate:access": true,
    "run:chair:evaluate:source_provenance": true,
    "scheduler/resume_20260929_v2/run/jobs/chair_calibrate_F/AUDIT.json": true,
    "scheduler/resume_20260929_v2/run/jobs/chair_evaluate/AUDIT.json": true,
    "scheduler/resume_20260929_v2/run/jobs/chair_calibrate_all/AUDIT.json": true,
    "scheduler/resume_20260929_v2/run/jobs/chair_fit/AUDIT.json": true,
    "run:chair:atomic_evaluation_seal": true,
    "rerun:chair:fit_sealed": true,
    "rerun:chair:complete": true,
    "rerun:chair:census": true,
    "rerun:chair:arcs": true,
    "rerun:chair:calibration_gate": true,
    "rerun:chair:exhaustive_replay": true,
    "rerun:chair:D_full_0:budget": true,
    "rerun:chair:D_full_0:finite": true,
    "rerun:chair:D_full_1:budget": true,
    "rerun:chair:D_full_1:finite": true,
    "rerun:chair:D_full_2:budget": true,
    "rerun:chair:D_full_2:finite": true,
    "rerun:chair:D_loo93_0:budget": true,
    "rerun:chair:D_loo93_0:finite": true,
    "rerun:chair:D_loo93_1:budget": true,
    "rerun:chair:D_loo93_1:finite": true,
    "rerun:chair:D_loo93_2:budget": true,
    "rerun:chair:D_loo93_2:finite": true,
    "rerun:chair:I_full_0:budget": true,
    "rerun:chair:I_full_0:finite": true,
    "rerun:chair:I_full_1:budget": true,
    "rerun:chair:I_full_1:finite": true,
    "rerun:chair:I_full_2:budget": true,
    "rerun:chair:I_full_2:finite": true,
    "rerun:chair:I_loo93_0:budget": true,
    "rerun:chair:I_loo93_0:finite": true,
    "rerun:chair:I_loo93_1:budget": true,
    "rerun:chair:I_loo93_1:finite": true,
    "rerun:chair:I_loo93_2:budget": true,
    "rerun:chair:I_loo93_2:finite": true,
    "rerun:chair:L_full_0:budget": true,
    "rerun:chair:L_full_0:finite": true,
    "rerun:chair:L_full_1:budget": true,
    "rerun:chair:L_full_1:finite": true,
    "rerun:chair:L_full_2:budget": true,
    "rerun:chair:L_full_2:finite": true,
    "rerun:chair:L_loo93_0:budget": true,
    "rerun:chair:L_loo93_0:finite": true,
    "rerun:chair:L_loo93_1:budget": true,
    "rerun:chair:L_loo93_1:finite": true,
    "rerun:chair:L_loo93_2:budget": true,
    "rerun:chair:L_loo93_2:finite": true,
    "rerun:chair:D:fixed_geometry": true,
    "rerun:chair:I:fixed_geometry": true,
    "rerun:chair:L:fixed_geometry": true,
    "rerun:chair:media": true,
    "rerun:chair:videos/arc0_complete.mp4:format": true,
    "rerun:chair:videos/arc1_complete.mp4:format": true,
    "rerun:chair:fit:access": true,
    "rerun:chair:fit:source_provenance": true,
    "rerun:chair:evaluate:access": true,
    "rerun:chair:evaluate:source_provenance": true,
    "scheduler/resume_20260929_v2/rerun/jobs/chair_calibrate_F/AUDIT.json": true,
    "scheduler/resume_20260929_v2/rerun/jobs/chair_evaluate/AUDIT.json": true,
    "scheduler/resume_20260929_v2/rerun/jobs/chair_calibrate_all/AUDIT.json": true,
    "scheduler/resume_20260929_v2/rerun/jobs/chair_fit/AUDIT.json": true,
    "rerun:chair:atomic_evaluation_seal": true,
    "drums:checkpoint_hash": true,
    "drums:input_1_hash": true,
    "drums:input_14_hash": true,
    "drums:input_27_hash": true,
    "drums:input_41_hash": true,
    "drums:input_53_hash": true,
    "drums:input_67_hash": true,
    "drums:input_79_hash": true,
    "drums:input_93_hash": true,
    "drums:input_7_hash": true,
    "drums:input_21_hash": true,
    "drums:input_33_hash": true,
    "drums:input_47_hash": true,
    "drums:input_59_hash": true,
    "drums:input_73_hash": true,
    "drums:input_86_hash": true,
    "drums:input_99_hash": true,
    "scheduler/resume_20260929_v2/rerun/jobs/drums_evaluate/END.json:closed": true,
    "scheduler/resume_20260929_v2/rerun/jobs/drums_fit/END.json:closed": true,
    "scheduler/resume_20260929_v2/rerun/jobs/drums_calibrate_all/END.json:closed": true,
    "scheduler/resume_20260929_v2/rerun/jobs/drums_calibrate_F/END.json:closed": true,
    "scheduler/resume_20260929_v2/run/jobs/drums_evaluate/END.json:closed": true,
    "scheduler/resume_20260929_v2/run/jobs/drums_fit/END.json:closed": true,
    "scheduler/resume_20260929_v2/run/jobs/drums_calibrate_all/END.json:closed": true,
    "scheduler/resume_20260929_v2/run/jobs/drums_calibrate_F/END.json:closed": true,
    "drums:budget": true,
    "drums:deterministic": true,
    "run:drums:fit_sealed": true,
    "run:drums:complete": true,
    "run:drums:census": true,
    "run:drums:arcs": true,
    "run:drums:calibration_gate": true,
    "run:drums:exhaustive_replay": true,
    "run:drums:D_full_0:budget": true,
    "run:drums:D_full_0:finite": true,
    "run:drums:D_full_1:budget": true,
    "run:drums:D_full_1:finite": true,
    "run:drums:D_full_2:budget": true,
    "run:drums:D_full_2:finite": true,
    "run:drums:D_loo93_0:budget": true,
    "run:drums:D_loo93_0:finite": true,
    "run:drums:D_loo93_1:budget": true,
    "run:drums:D_loo93_1:finite": true,
    "run:drums:D_loo93_2:budget": true,
    "run:drums:D_loo93_2:finite": true,
    "run:drums:I_full_0:budget": true,
    "run:drums:I_full_0:finite": true,
    "run:drums:I_full_1:budget": true,
    "run:drums:I_full_1:finite": true,
    "run:drums:I_full_2:budget": true,
    "run:drums:I_full_2:finite": true,
    "run:drums:I_loo93_0:budget": true,
    "run:drums:I_loo93_0:finite": true,
    "run:drums:I_loo93_1:budget": true,
    "run:drums:I_loo93_1:finite": true,
    "run:drums:I_loo93_2:budget": true,
    "run:drums:I_loo93_2:finite": true,
    "run:drums:L_full_0:budget": true,
    "run:drums:L_full_0:finite": true,
    "run:drums:L_full_1:budget": true,
    "run:drums:L_full_1:finite": true,
    "run:drums:L_full_2:budget": true,
    "run:drums:L_full_2:finite": true,
    "run:drums:L_loo93_0:budget": true,
    "run:drums:L_loo93_0:finite": true,
    "run:drums:L_loo93_1:budget": true,
    "run:drums:L_loo93_1:finite": true,
    "run:drums:L_loo93_2:budget": true,
    "run:drums:L_loo93_2:finite": true,
    "run:drums:D:fixed_geometry": true,
    "run:drums:I:fixed_geometry": true,
    "run:drums:L:fixed_geometry": true,
    "run:drums:media": true,
    "run:drums:videos/arc0_complete.mp4:format": true,
    "run:drums:videos/arc1_complete.mp4:format": true,
    "run:drums:fit:access": true,
    "run:drums:fit:source_provenance": true,
    "run:drums:evaluate:access": true,
    "run:drums:evaluate:source_provenance": true,
    "scheduler/resume_20260929_v2/run/jobs/drums_evaluate/AUDIT.json": true,
    "scheduler/resume_20260929_v2/run/jobs/drums_fit/AUDIT.json": true,
    "scheduler/resume_20260929_v2/run/jobs/drums_calibrate_all/AUDIT.json": true,
    "scheduler/resume_20260929_v2/run/jobs/drums_calibrate_F/AUDIT.json": true,
    "run:drums:atomic_evaluation_seal": true,
    "rerun:drums:fit_sealed": true,
    "rerun:drums:complete": true,
    "rerun:drums:census": true,
    "rerun:drums:arcs": true,
    "rerun:drums:calibration_gate": true,
    "rerun:drums:exhaustive_replay": true,
    "rerun:drums:D_full_0:budget": true,
    "rerun:drums:D_full_0:finite": true,
    "rerun:drums:D_full_1:budget": true,
    "rerun:drums:D_full_1:finite": true,
    "rerun:drums:D_full_2:budget": true,
    "rerun:drums:D_full_2:finite": true,
    "rerun:drums:D_loo93_0:budget": true,
    "rerun:drums:D_loo93_0:finite": true,
    "rerun:drums:D_loo93_1:budget": true,
    "rerun:drums:D_loo93_1:finite": true,
    "rerun:drums:D_loo93_2:budget": true,
    "rerun:drums:D_loo93_2:finite": true,
    "rerun:drums:I_full_0:budget": true,
    "rerun:drums:I_full_0:finite": true,
    "rerun:drums:I_full_1:budget": true,
    "rerun:drums:I_full_1:finite": true,
    "rerun:drums:I_full_2:budget": true,
    "rerun:drums:I_full_2:finite": true,
    "rerun:drums:I_loo93_0:budget": true,
    "rerun:drums:I_loo93_0:finite": true,
    "rerun:drums:I_loo93_1:budget": true,
    "rerun:drums:I_loo93_1:finite": true,
    "rerun:drums:I_loo93_2:budget": true,
    "rerun:drums:I_loo93_2:finite": true,
    "rerun:drums:L_full_0:budget": true,
    "rerun:drums:L_full_0:finite": true,
    "rerun:drums:L_full_1:budget": true,
    "rerun:drums:L_full_1:finite": true,
    "rerun:drums:L_full_2:budget": true,
    "rerun:drums:L_full_2:finite": true,
    "rerun:drums:L_loo93_0:budget": true,
    "rerun:drums:L_loo93_0:finite": true,
    "rerun:drums:L_loo93_1:budget": true,
    "rerun:drums:L_loo93_1:finite": true,
    "rerun:drums:L_loo93_2:budget": true,
    "rerun:drums:L_loo93_2:finite": true,
    "rerun:drums:D:fixed_geometry": true,
    "rerun:drums:I:fixed_geometry": true,
    "rerun:drums:L:fixed_geometry": true,
    "rerun:drums:media": true,
    "rerun:drums:videos/arc0_complete.mp4:format": true,
    "rerun:drums:videos/arc1_complete.mp4:format": true,
    "rerun:drums:fit:access": true,
    "rerun:drums:fit:source_provenance": true,
    "rerun:drums:evaluate:access": true,
    "rerun:drums:evaluate:source_provenance": true,
    "scheduler/resume_20260929_v2/rerun/jobs/drums_evaluate/AUDIT.json": true,
    "scheduler/resume_20260929_v2/rerun/jobs/drums_fit/AUDIT.json": true,
    "scheduler/resume_20260929_v2/rerun/jobs/drums_calibrate_all/AUDIT.json": true,
    "scheduler/resume_20260929_v2/rerun/jobs/drums_calibrate_F/AUDIT.json": true,
    "rerun:drums:atomic_evaluation_seal": true,
    "ficus:checkpoint_hash": true,
    "ficus:input_1_hash": true,
    "ficus:input_14_hash": true,
    "ficus:input_27_hash": true,
    "ficus:input_41_hash": true,
    "ficus:input_53_hash": true,
    "ficus:input_67_hash": true,
    "ficus:input_79_hash": true,
    "ficus:input_93_hash": true,
    "ficus:input_7_hash": true,
    "ficus:input_21_hash": true,
    "ficus:input_33_hash": true,
    "ficus:input_47_hash": true,
    "ficus:input_59_hash": true,
    "ficus:input_73_hash": true,
    "ficus:input_86_hash": true,
    "ficus:input_99_hash": true,
    "scheduler/resume_20260929_v2/rerun/jobs/ficus_fit/END.json:closed": true,
    "scheduler/resume_20260929_v2/rerun/jobs/ficus_calibrate_all/END.json:closed": true,
    "scheduler/resume_20260929_v2/rerun/jobs/ficus_calibrate_F/END.json:closed": true,
    "scheduler/resume_20260929_v2/rerun/jobs/ficus_evaluate/END.json:closed": true,
    "scheduler/resume_20260929_v2/run/jobs/ficus_fit/END.json:closed": true,
    "scheduler/resume_20260929_v2/run/jobs/ficus_calibrate_all/END.json:closed": true,
    "scheduler/resume_20260929_v2/run/jobs/ficus_calibrate_F/END.json:closed": true,
    "scheduler/resume_20260929_v2/run/jobs/ficus_evaluate/END.json:closed": true,
    "ficus:budget": true,
    "ficus:deterministic": true,
    "run:ficus:fit_sealed": true,
    "run:ficus:complete": true,
    "run:ficus:census": true,
    "run:ficus:arcs": true,
    "run:ficus:calibration_gate": true,
    "run:ficus:exhaustive_replay": true,
    "run:ficus:D_full_0:budget": true,
    "run:ficus:D_full_0:finite": true,
    "run:ficus:D_full_1:budget": true,
    "run:ficus:D_full_1:finite": true,
    "run:ficus:D_full_2:budget": true,
    "run:ficus:D_full_2:finite": true,
    "run:ficus:D_loo93_0:budget": true,
    "run:ficus:D_loo93_0:finite": true,
    "run:ficus:D_loo93_1:budget": true,
    "run:ficus:D_loo93_1:finite": true,
    "run:ficus:D_loo93_2:budget": true,
    "run:ficus:D_loo93_2:finite": true,
    "run:ficus:I_full_0:budget": true,
    "run:ficus:I_full_0:finite": true,
    "run:ficus:I_full_1:budget": true,
    "run:ficus:I_full_1:finite": true,
    "run:ficus:I_full_2:budget": true,
    "run:ficus:I_full_2:finite": true,
    "run:ficus:I_loo93_0:budget": true,
    "run:ficus:I_loo93_0:finite": true,
    "run:ficus:I_loo93_1:budget": true,
    "run:ficus:I_loo93_1:finite": true,
    "run:ficus:I_loo93_2:budget": true,
    "run:ficus:I_loo93_2:finite": true,
    "run:ficus:L_full_0:budget": true,
    "run:ficus:L_full_0:finite": true,
    "run:ficus:L_full_1:budget": true,
    "run:ficus:L_full_1:finite": true,
    "run:ficus:L_full_2:budget": true,
    "run:ficus:L_full_2:finite": true,
    "run:ficus:L_loo93_0:budget": true,
    "run:ficus:L_loo93_0:finite": true,
    "run:ficus:L_loo93_1:budget": true,
    "run:ficus:L_loo93_1:finite": true,
    "run:ficus:L_loo93_2:budget": true,
    "run:ficus:L_loo93_2:finite": true,
    "run:ficus:D:fixed_geometry": true,
    "run:ficus:I:fixed_geometry": true,
    "run:ficus:L:fixed_geometry": true,
    "run:ficus:media": true,
    "run:ficus:videos/arc0_complete.mp4:format": true,
    "run:ficus:videos/arc1_complete.mp4:format": true,
    "run:ficus:fit:access": true,
    "run:ficus:fit:source_provenance": true,
    "run:ficus:evaluate:access": true,
    "run:ficus:evaluate:source_provenance": true,
    "scheduler/resume_20260929_v2/run/jobs/ficus_fit/AUDIT.json": true,
    "scheduler/resume_20260929_v2/run/jobs/ficus_calibrate_all/AUDIT.json": true,
    "scheduler/resume_20260929_v2/run/jobs/ficus_calibrate_F/AUDIT.json": true,
    "scheduler/resume_20260929_v2/run/jobs/ficus_evaluate/AUDIT.json": true,
    "run:ficus:atomic_evaluation_seal": true,
    "rerun:ficus:fit_sealed": true,
    "rerun:ficus:complete": true,
    "rerun:ficus:census": true,
    "rerun:ficus:arcs": true,
    "rerun:ficus:calibration_gate": true,
    "rerun:ficus:exhaustive_replay": true,
    "rerun:ficus:D_full_0:budget": true,
    "rerun:ficus:D_full_0:finite": true,
    "rerun:ficus:D_full_1:budget": true,
    "rerun:ficus:D_full_1:finite": true,
    "rerun:ficus:D_full_2:budget": true,
    "rerun:ficus:D_full_2:finite": true,
    "rerun:ficus:D_loo93_0:budget": true,
    "rerun:ficus:D_loo93_0:finite": true,
    "rerun:ficus:D_loo93_1:budget": true,
    "rerun:ficus:D_loo93_1:finite": true,
    "rerun:ficus:D_loo93_2:budget": true,
    "rerun:ficus:D_loo93_2:finite": true,
    "rerun:ficus:I_full_0:budget": true,
    "rerun:ficus:I_full_0:finite": true,
    "rerun:ficus:I_full_1:budget": true,
    "rerun:ficus:I_full_1:finite": true,
    "rerun:ficus:I_full_2:budget": true,
    "rerun:ficus:I_full_2:finite": true,
    "rerun:ficus:I_loo93_0:budget": true,
    "rerun:ficus:I_loo93_0:finite": true,
    "rerun:ficus:I_loo93_1:budget": true,
    "rerun:ficus:I_loo93_1:finite": true,
    "rerun:ficus:I_loo93_2:budget": true,
    "rerun:ficus:I_loo93_2:finite": true,
    "rerun:ficus:L_full_0:budget": true,
    "rerun:ficus:L_full_0:finite": true,
    "rerun:ficus:L_full_1:budget": true,
    "rerun:ficus:L_full_1:finite": true,
    "rerun:ficus:L_full_2:budget": true,
    "rerun:ficus:L_full_2:finite": true,
    "rerun:ficus:L_loo93_0:budget": true,
    "rerun:ficus:L_loo93_0:finite": true,
    "rerun:ficus:L_loo93_1:budget": true,
    "rerun:ficus:L_loo93_1:finite": true,
    "rerun:ficus:L_loo93_2:budget": true,
    "rerun:ficus:L_loo93_2:finite": true,
    "rerun:ficus:D:fixed_geometry": true,
    "rerun:ficus:I:fixed_geometry": true,
    "rerun:ficus:L:fixed_geometry": true,
    "rerun:ficus:media": true,
    "rerun:ficus:videos/arc0_complete.mp4:format": true,
    "rerun:ficus:videos/arc1_complete.mp4:format": true,
    "rerun:ficus:fit:access": true,
    "rerun:ficus:fit:source_provenance": true,
    "rerun:ficus:evaluate:access": true,
    "rerun:ficus:evaluate:source_provenance": true,
    "scheduler/resume_20260929_v2/rerun/jobs/ficus_fit/AUDIT.json": true,
    "scheduler/resume_20260929_v2/rerun/jobs/ficus_calibrate_all/AUDIT.json": true,
    "scheduler/resume_20260929_v2/rerun/jobs/ficus_calibrate_F/AUDIT.json": true,
    "scheduler/resume_20260929_v2/rerun/jobs/ficus_evaluate/AUDIT.json": true,
    "rerun:ficus:atomic_evaluation_seal": true,
    "run:lego:archived_evaluation_access": true,
    "run:lego:archived_evaluation_preserved": true,
    "rerun:lego:archived_evaluation_access": true,
    "rerun:lego:archived_evaluation_preserved": true
  },
  "failed": [],
  "session": "resume_20260929_v2"
}
