PREPARED lego F 1
PREPARED lego F 14
PREPARED lego F 27
PREPARED lego F 41
PREPARED lego F 53
PREPARED lego F 67
PREPARED lego F 79
PREPARED lego F 93
FIT_BEGIN lego D_full_0
FIT_DONE lego D_full_0 seconds 106.80061495304108
FIT_BEGIN lego D_full_1
FIT_DONE lego D_full_1 seconds 103.91738693695515
FIT_BEGIN lego D_full_2
FIT_DONE lego D_full_2 seconds 104.19084947416559
FIT_BEGIN lego D_loo93_0
FIT_DONE lego D_loo93_0 seconds 91.49238716391847
FIT_BEGIN lego D_loo93_1
FIT_DONE lego D_loo93_1 seconds 93.56028030300513
FIT_BEGIN lego D_loo93_2
FIT_DONE lego D_loo93_2 seconds 91.63737485115416
FIT_BEGIN lego I_full_0
FIT_DONE lego I_full_0 seconds 290.05153162498027
FIT_BEGIN lego I_full_1
FIT_DONE lego I_full_1 seconds 289.92470523086376
FIT_BEGIN lego I_full_2
FIT_DONE lego I_full_2 seconds 289.98108996101655
FIT_BEGIN lego I_loo93_0
FIT_DONE lego I_loo93_0 seconds 238.4952212399803
FIT_BEGIN lego I_loo93_1
FIT_DONE lego I_loo93_1 seconds 238.8933921600692
FIT_BEGIN lego I_loo93_2
FIT_DONE lego I_loo93_2 seconds 239.16216760710813
FIT_BEGIN lego L_full_0
FIT_DONE lego L_full_0 seconds 286.8482367359102
FIT_BEGIN lego L_full_1
FIT_DONE lego L_full_1 seconds 287.0402580338996
FIT_BEGIN lego L_full_2
FIT_DONE lego L_full_2 seconds 287.9066248999443
FIT_BEGIN lego L_loo93_0
FIT_DONE lego L_loo93_0 seconds 237.34336705482565
FIT_BEGIN lego L_loo93_1
FIT_DONE lego L_loo93_1 seconds 237.16757025802508
FIT_BEGIN lego L_loo93_2
FIT_DONE lego L_loo93_2 seconds 236.07079965015873
SEALED lego
