PREPARED lego F 1
PREPARED lego F 14
PREPARED lego F 27
PREPARED lego F 41
PREPARED lego F 53
PREPARED lego F 67
PREPARED lego F 79
PREPARED lego F 93
FIT_BEGIN lego D_full_0
FIT_DONE lego D_full_0 seconds 105.09651597612537
FIT_BEGIN lego D_full_1
FIT_DONE lego D_full_1 seconds 106.43747350899503
FIT_BEGIN lego D_full_2
FIT_DONE lego D_full_2 seconds 104.31353397201747
FIT_BEGIN lego D_loo93_0
FIT_DONE lego D_loo93_0 seconds 91.4988467360381
FIT_BEGIN lego D_loo93_1
FIT_DONE lego D_loo93_1 seconds 91.41334248380736
FIT_BEGIN lego D_loo93_2
FIT_DONE lego D_loo93_2 seconds 91.40436922502704
FIT_BEGIN lego I_full_0
FIT_DONE lego I_full_0 seconds 288.34332914394327
FIT_BEGIN lego I_full_1
FIT_DONE lego I_full_1 seconds 288.32052198494785
FIT_BEGIN lego I_full_2
FIT_DONE lego I_full_2 seconds 288.3904316229746
FIT_BEGIN lego I_loo93_0
FIT_DONE lego I_loo93_0 seconds 237.15670205187052
FIT_BEGIN lego I_loo93_1
FIT_DONE lego I_loo93_1 seconds 237.1868267110549
FIT_BEGIN lego I_loo93_2
FIT_DONE lego I_loo93_2 seconds 237.08555161999539
FIT_BEGIN lego L_full_0
FIT_DONE lego L_full_0 seconds 285.1368197661359
FIT_BEGIN lego L_full_1
FIT_DONE lego L_full_1 seconds 285.436745272018
FIT_BEGIN lego L_full_2
FIT_DONE lego L_full_2 seconds 285.2524133771658
FIT_BEGIN lego L_loo93_0
FIT_DONE lego L_loo93_0 seconds 234.3641156409867
FIT_BEGIN lego L_loo93_1
FIT_DONE lego L_loo93_1 seconds 234.30936551699415
FIT_BEGIN lego L_loo93_2
FIT_DONE lego L_loo93_2 seconds 234.32696892111562
SEALED lego
