1/552 elapsed=1.1s
41/552 elapsed=14.7s
81/552 elapsed=28.7s
121/552 elapsed=43.0s
161/552 elapsed=55.5s
201/552 elapsed=68.2s
241/552 elapsed=80.0s
281/552 elapsed=91.9s
321/552 elapsed=107.6s
361/552 elapsed=123.2s
401/552 elapsed=138.6s
441/552 elapsed=153.7s
481/552 elapsed=164.0s
521/552 elapsed=174.4s
{
  "status": "NO_GO",
  "gates": {
    "curves_ge_10": true,
    "F_length_survival_ge_half": false,
    "C_sensor_support_ge_80pct": false,
    "C_false_visible_occluded_le_10pct": false,
    "occlusion_reveal": true,
    "edit_effect_ge_2_C_views": true,
    "ink_comparable": false,
    "C_empty_frames_le_20pct": true
  },
  "C_counts": {
    "predicted_visible_known": 289881,
    "visible_consistent": 192721,
    "false_visible_occluded": 63696,
    "visible_contradiction": 33464,
    "unknown_sensor": 1242194,
    "known_sensor": 874726,
    "all_controls": 2116920,
    "predicted_hidden_known": 584845,
    "hidden_sensor_occluded": 320457,
    "false_hidden_sensor_visible": 219646
  },
  "C_support_rate": 0.6648279811370873,
  "C_false_visible_occluded_rate": 0.21973154501329856,
  "C_ink_median_ratios": {
    "ink_gs_rgb": 1.0526131318638523,
    "ink_depth2d": 9.434205933682373
  },
  "distributions": {
    "F": {
      "ink_3d": [
        0.0196875,
        0.024219401041666665,
        0.03396158854166667,
        0.04268880208333334,
        0.05250162760416666,
        0.060697265625,
        0.09982096354166667
      ],
      "ink_gs_rgb": [
        0.014156901041666666,
        0.023220377604166665,
        0.03375244140625,
        0.04114908854166667,
        0.047640787760416664,
        0.056964518229166664,
        0.070634765625
      ],
      "ink_depth2d": [
        2.604166666666667e-05,
        0.0004788411458333333,
        0.0021468098958333333,
        0.004602864583333333,
        0.006070149739583333,
        0.007083984375000001,
        0.009700520833333334
      ],
      "visible_ids": [
        48.0,
        95.0,
        129.0,
        187.5,
        228.0,
        243.9,
        265.0
      ],
      "gs_psnr": [
        18.645221282679664,
        20.11414502842788,
        21.565486732214605,
        22.43395060791942,
        24.157251308663596,
        25.342309604531454,
        27.13433325859102
      ],
      "sensor_zero_fraction": [
        0.16930338541666667,
        0.1986435546875,
        0.21896077473958334,
        0.25081054687500004,
        0.27584798177083336,
        0.3104879557291667,
        0.39889322916666664
      ],
      "empty_fraction": 0.0
    },
    "C": {
      "ink_3d": [
        0.018304036458333332,
        0.024385091145833336,
        0.03486246744791666,
        0.04399251302083333,
        0.05175048828125,
        0.06307584635416666,
        0.101328125
      ],
      "ink_gs_rgb": [
        0.014251302083333334,
        0.022570963541666666,
        0.03364095052083334,
        0.04179361979166667,
        0.04921875,
        0.05714160156250002,
        0.072939453125
      ],
      "ink_depth2d": [
        3.2552083333333335e-06,
        0.0004423828125,
        0.0017415364583333334,
        0.0046630859375,
        0.00614013671875,
        0.007741861979166667,
        0.010152994791666667
      ],
      "visible_ids": [
        40.0,
        90.0,
        129.75,
        186.0,
        226.0,
        242.10000000000002,
        272.0
      ],
      "gs_psnr": [
        15.595996075773952,
        18.882515424337182,
        19.916542628269696,
        21.211911929883513,
        22.940378330024668,
        24.59740561924488,
        26.41870659965964
      ],
      "sensor_zero_fraction": [
        0.17119140625,
        0.19801139322916667,
        0.2196630859375,
        0.25211914062499996,
        0.2776407877604167,
        0.3084287109375,
        0.3951953125
      ],
      "empty_fraction": 0.0
    },
    "ALL": {
      "ink_3d": [
        0.018304036458333332,
        0.0239970703125,
        0.03473958333333334,
        0.04294596354166667,
        0.05182210286458334,
        0.06300748697916668,
        0.101328125
      ],
      "ink_gs_rgb": [
        0.014156901041666666,
        0.022652669270833335,
        0.03364095052083334,
        0.04169108072916666,
        0.048559570312499994,
        0.057064778645833335,
        0.072939453125
      ],
      "ink_depth2d": [
        3.2552083333333335e-06,
        0.00046614583333333333,
        0.0017586263020833333,
        0.004620768229166667,
        0.0061328125,
        0.007620117187500001,
        0.010152994791666667
      ],
      "visible_ids": [
        40.0,
        90.4,
        129.0,
        186.5,
        226.0,
        243.0,
        272.0
      ],
      "gs_psnr": [
        15.595996075773952,
        18.942479217785937,
        20.076693819838457,
        21.468355019646488,
        23.242453378356785,
        24.7814908447136,
        27.13433325859102
      ],
      "sensor_zero_fraction": [
        0.16930338541666667,
        0.19805989583333333,
        0.21917317708333334,
        0.251611328125,
        0.2776407877604167,
        0.30937402343750003,
        0.39889322916666664
      ],
      "empty_fraction": 0.0
    }
  },
  "quantiles": [
    0,
    0.1,
    0.25,
    0.5,
    0.75,
    0.9,
    1
  ],
  "frames": 552,
  "F_frames": 92,
  "C_frames": 460,
  "curve_ids": 472,
  "edit_C_views_with_raster_change": 168,
  "edit_example_C_views": [
    "frame_0018",
    "frame_0019",
    "frame_0020",
    "frame_0021",
    "frame_0022",
    "frame_0024",
    "frame_0025",
    "frame_0026",
    "frame_0027",
    "frame_0028"
  ],
  "occlusion_reveal_events": 2675,
  "independent_human_review": false,
  "limitations": [
    "extra real scene, independent sensor geometry and mocap change original task",
    "registered Kinect residual and asynchronous sensor timing remain uncertain",
    "GS RGB Canny is a weak non-asset reference, not old I",
    "F filtering rejects dynamic/inconsistent depth but no semantic dynamic-object ground truth",
    "all metrics descriptive; repeated controls across source-view curves are correlated"
  ],
  "resources": {
    "free_disk_bytes": 26950201344,
    "new_output_bytes": 165172994
  },
  "seconds": 183.93136382102966
}
