{
  "reveal_confirmed": false,
  "observations": [
    {
      "frame": "frame_0199",
      "split": "C",
      "predicted": {
        "consistent": 1,
        "occluded": 2,
        "contradiction": 0,
        "unknown": 4
      },
      "sensor": {
        "consistent": 0,
        "occluded": 1,
        "contradiction": 6,
        "unknown": 0
      }
    },
    {
      "frame": "frame_0200",
      "split": "C",
      "predicted": {
        "consistent": 0,
        "occluded": 3,
        "contradiction": 0,
        "unknown": 4
      },
      "sensor": {
        "consistent": 0,
        "occluded": 5,
        "contradiction": 2,
        "unknown": 0
      }
    },
    {
      "frame": "frame_0202",
      "split": "C",
      "predicted": {
        "consistent": 1,
        "occluded": 2,
        "contradiction": 0,
        "unknown": 4
      },
      "sensor": {
        "consistent": 0,
        "occluded": 0,
        "contradiction": 0,
        "unknown": 7
      }
    }
  ],
  "edit": [
    {
      "frame": "frame_0018",
      "full_asset_changed_pixels": 581,
      "single_id_changed_pixels": 581
    },
    {
      "frame": "frame_0019",
      "full_asset_changed_pixels": 569,
      "single_id_changed_pixels": 569
    }
  ]
}
