{"utc": "2026-10-04T23:44:08.946892+00:00", "phase": "READ", "scene": "mic", "key": "C_007", "stage": "MEDIA_F_SELECTED_COVERAGE_MATCH", "raw_sha256": "3c7094f171b73bd5fd8ed76b921b89247e4f5e6be16490845f595ae2fd9c3cb9", "camera_hash": "03e4e437f82d4c3d185b9e32f3a7d7b2078dfe6ce853c911e6d9b86eee1f9eb3"}
{"utc": "2026-10-04T23:44:09.839844+00:00", "phase": "READ", "scene": "mic", "key": "C_021", "stage": "MEDIA_F_SELECTED_COVERAGE_MATCH", "raw_sha256": "9b4625d927a0634462cffe60fc58b3eaaa7868a44c0d72e008ab43f375fcfc0d", "camera_hash": "8a25fd8e292cd14cb99377d9a5e464f7b40bc1572ecbc5d86286508d9c4b8d50"}
{"utc": "2026-10-04T23:44:10.712966+00:00", "phase": "READ", "scene": "mic", "key": "C_033", "stage": "MEDIA_F_SELECTED_COVERAGE_MATCH", "raw_sha256": "53ad19c42a9ddf9e4432f051acfca2f3413ca590d57b7c7c3e74a6e8da81305d", "camera_hash": "9ee016afc4cc41ad46eac65cd1d397ccbd880856698cb8b103551254ad518cdd"}
{"utc": "2026-10-04T23:44:11.560924+00:00", "phase": "READ", "scene": "mic", "key": "C_047", "stage": "MEDIA_F_SELECTED_COVERAGE_MATCH", "raw_sha256": "f04e7a9e2f1b63e82daee4f3cb0a9c72759960b5f709a0d25ef160c96943559b", "camera_hash": "011508518e3aba667d54e1a491bc24374bdee256ef15ebeb7db3d95cae046e4b"}
{"utc": "2026-10-04T23:44:12.421731+00:00", "phase": "READ", "scene": "mic", "key": "C_059", "stage": "MEDIA_F_SELECTED_COVERAGE_MATCH", "raw_sha256": "03811abd22d9a20bbfab43a1b2eb145016a25653c4a10c3e1b9595547f74a299", "camera_hash": "cbd3ead7d3979fce2bf4307291e6bce3012fb8b6a26fe3fb39ceda966ed44269"}
{"utc": "2026-10-04T23:44:13.268057+00:00", "phase": "READ", "scene": "mic", "key": "C_073", "stage": "MEDIA_F_SELECTED_COVERAGE_MATCH", "raw_sha256": "3d7850b1e8c601c93a4fc2e9fe6205fdd14e95e174281204ddb6af3eba9d733f", "camera_hash": "bba9f3d32f377de8d3f24473ca9c6c4b4daf65c9cd495f17c576411b16a775f8"}
{"utc": "2026-10-04T23:44:14.089928+00:00", "phase": "READ", "scene": "mic", "key": "C_086", "stage": "MEDIA_F_SELECTED_COVERAGE_MATCH", "raw_sha256": "d2bf615d8bf0d19ae028fd13c11e78be6d3eca16a13606066c8970e9163aea15", "camera_hash": "9e4bbcb0be6aadfdbaf93963f49ffdedd44fd0870e528b570508649b8c61674f"}
{"utc": "2026-10-04T23:44:14.931370+00:00", "phase": "READ", "scene": "mic", "key": "C_099", "stage": "MEDIA_F_SELECTED_COVERAGE_MATCH", "raw_sha256": "477f4f34686eea939df981e79b615ab1b2002003663d8a088a5bb02913e59a49", "camera_hash": "05bdaf56d7f40bbd9b1534647ae73958f9bb98d3e485ff3608a2b97c4f165a9d"}
{"utc": "2026-10-04T23:44:15.593418+00:00", "phase": "READ", "scene": "mic", "key": "F_001", "stage": "MEDIA_F_SELECTED_COVERAGE_MATCH", "raw_sha256": "b067048ab8a9f2f8c59b1d6094cbe5d10cad478a9fffec4da3300e3436b137d5", "camera_hash": "5b872d066c5970d9dc58180074fc3aed38abfd38c359c326005b8740e2b30a4c"}
{"utc": "2026-10-04T23:44:16.283183+00:00", "phase": "READ", "scene": "mic", "key": "F_014", "stage": "MEDIA_F_SELECTED_COVERAGE_MATCH", "raw_sha256": "8910ac3f77eca3176e9e219176908b5feab5e32378d6a0978eb2960a74b0f2b5", "camera_hash": "8899025ef84e9161d912477398edaaf9bdc97e36a0414b31af8acd0c030c840c"}
{"utc": "2026-10-04T23:44:16.948349+00:00", "phase": "READ", "scene": "mic", "key": "F_027", "stage": "MEDIA_F_SELECTED_COVERAGE_MATCH", "raw_sha256": "b4253d36c75689dd2fc1b66c7232a3f940aa3499aceee75d6f99d14c4d3f54c3", "camera_hash": "8dc2537cf096fc2fe0c16b026af2a877ad9903afd6f480b3b7503c838e6591a6"}
{"utc": "2026-10-04T23:44:17.630658+00:00", "phase": "READ", "scene": "mic", "key": "F_041", "stage": "MEDIA_F_SELECTED_COVERAGE_MATCH", "raw_sha256": "ec9467cee25ee6e745abc13b283030a651ea8cc8d1ae9199815b6b9ecb86bf29", "camera_hash": "6cbae4f0e2f9f5e0487fbd725533655bd9e8e949bcfaa851572e458aa91180c4"}
{"utc": "2026-10-04T23:44:18.297708+00:00", "phase": "READ", "scene": "mic", "key": "F_053", "stage": "MEDIA_F_SELECTED_COVERAGE_MATCH", "raw_sha256": "973d2923d3dd9232806bde0e78ecfc0646b41bd9bda0f0329e77e7640b4cfae2", "camera_hash": "a73bb88bae14c4da750799d91fc990e2a070c8fe8ff63cecff65cb0cc82f221b"}
{"utc": "2026-10-04T23:44:18.987053+00:00", "phase": "READ", "scene": "mic", "key": "F_067", "stage": "MEDIA_F_SELECTED_COVERAGE_MATCH", "raw_sha256": "4eba3b1936fd87b962080adfbcb51e3a289f97db0ab508727444693ef4a28431", "camera_hash": "66947f76f5d2d41b18f1a121ce58e766f76030971b543b28644dd2e25f214fee"}
{"utc": "2026-10-04T23:44:19.655995+00:00", "phase": "READ", "scene": "mic", "key": "F_079", "stage": "MEDIA_F_SELECTED_COVERAGE_MATCH", "raw_sha256": "09080ccb1d5c7c46fb16a534aaad9fcb38057e6f6341f72d26948b185b249c1d", "camera_hash": "805c88c716b8bcb5d703331bb860d729eacd1be0bc72debe8bb9baacb8f5841b"}
{"utc": "2026-10-04T23:44:20.318205+00:00", "phase": "READ", "scene": "mic", "key": "F_093", "stage": "MEDIA_F_SELECTED_COVERAGE_MATCH", "raw_sha256": "20de61299147ca78560dfa7db8ef560795e09b284ca1fca2e5efd969f13a92cb", "camera_hash": "8eeffc49b214291aa7c804613b8bda4467e5d6dc6ba3fa6ee5e3fa9c527d46ff"}
{"utc": "2026-10-04T23:44:59.353893+00:00", "phase": "MEDIA_COMPLETE", "scene": "mic", "actual_poses": 49, "actual_arc": 33}
{"utc": "2026-10-04T23:44:59.585471+00:00", "phase": "READ", "scene": "materials", "key": "C_007", "stage": "MEDIA_F_SELECTED_COVERAGE_MATCH", "raw_sha256": "9cf773b7ac2e31da667ede939d25f3eba61414a86d514ce2bd794b90bf531cf6", "camera_hash": "c0f2305c2f50379848eae96395ea79536c235cdc485d95a6b60d5d8c68bc661d"}
{"utc": "2026-10-04T23:45:00.464026+00:00", "phase": "READ", "scene": "materials", "key": "C_021", "stage": "MEDIA_F_SELECTED_COVERAGE_MATCH", "raw_sha256": "534a59155e494acc76caf0423cdcc3a608299647792e9153c8c2f827d10d61e2", "camera_hash": "1d00a4983ff726a46f2cebe8ad6e45807118c1b68c560042c8671aecbbad7a79"}
{"utc": "2026-10-04T23:45:01.340093+00:00", "phase": "READ", "scene": "materials", "key": "C_033", "stage": "MEDIA_F_SELECTED_COVERAGE_MATCH", "raw_sha256": "af44366a17e901771a6e8b314cdbbb8b1b19f26e811cd671bda22dd6f3bffa94", "camera_hash": "4fc365dfb2b7d1a6b05a45b37cb75f623c5e039efb3cc238b5891680a68a8689"}
{"utc": "2026-10-04T23:45:02.233659+00:00", "phase": "READ", "scene": "materials", "key": "C_047", "stage": "MEDIA_F_SELECTED_COVERAGE_MATCH", "raw_sha256": "a44d26b675d9ae05d6a35a0b6d9639c23406edb8e0cf06f8383940bee926aef0", "camera_hash": "e1067f2a7611222ce2611fe388ccb5bccc4cd73343be8e952028989db6cf65ff"}
{"utc": "2026-10-04T23:45:03.129589+00:00", "phase": "READ", "scene": "materials", "key": "C_059", "stage": "MEDIA_F_SELECTED_COVERAGE_MATCH", "raw_sha256": "44ab048d86ad60c55671ab87df7270f2c4a6cd3ddd6856e514a03dc84557212b", "camera_hash": "b9742179f8d6d3088a53f691c93e6aeb566984d7ab47c84c0f1a306b33d78289"}
{"utc": "2026-10-04T23:45:04.024110+00:00", "phase": "READ", "scene": "materials", "key": "C_073", "stage": "MEDIA_F_SELECTED_COVERAGE_MATCH", "raw_sha256": "e852f2a3fc0aeb42eb9acc19072a8139d702b8a167769315c1a4300cdd731dc5", "camera_hash": "280f1edf9d1adb925a7ad390376e0f09362bc69531ad038caacd6613813ac336"}
{"utc": "2026-10-04T23:45:04.904746+00:00", "phase": "READ", "scene": "materials", "key": "C_086", "stage": "MEDIA_F_SELECTED_COVERAGE_MATCH", "raw_sha256": "bf62e01a8964200bdd51ac32939d168b0d9a8a6bc9c9f82428f4201305658926", "camera_hash": "095c5251ee2da6c93f6afcb2c559b5f461e704395bd1f8afb63d411e1cc0d15c"}
{"utc": "2026-10-04T23:45:05.753509+00:00", "phase": "READ", "scene": "materials", "key": "C_099", "stage": "MEDIA_F_SELECTED_COVERAGE_MATCH", "raw_sha256": "4eb4885e7db706a60535e380200e5dea09cb5714306c613a2dfaf04ac09d77d2", "camera_hash": "721a3bb8b2dfa7c6e2f2ec94a24f6036cfefd131fe1680a8e4fef0b4c9a04b6d"}
{"utc": "2026-10-04T23:45:06.499945+00:00", "phase": "READ", "scene": "materials", "key": "F_001", "stage": "MEDIA_F_SELECTED_COVERAGE_MATCH", "raw_sha256": "459b601ee2892d933ad5c63f8fcaf2a9c38b86c62f9506d10b1c094a4de593fb", "camera_hash": "7265aaffc2560cb286b22991e7c83e69e6a4755ef7d907096234fc5a5b8163f1"}
{"utc": "2026-10-04T23:45:07.231215+00:00", "phase": "READ", "scene": "materials", "key": "F_014", "stage": "MEDIA_F_SELECTED_COVERAGE_MATCH", "raw_sha256": "485085ea97a84f9a897653b68259a4ece94ef5bcd80fa5506d50d8829c8eb898", "camera_hash": "30dfb51696a60fb75ae5806b9453a8696d5e36fc900f9bdb251aca29c42ec979"}
{"utc": "2026-10-04T23:45:07.951010+00:00", "phase": "READ", "scene": "materials", "key": "F_027", "stage": "MEDIA_F_SELECTED_COVERAGE_MATCH", "raw_sha256": "3c9513d758fb7c3a67bb9155f13e1147d738534aff9767e23b04a73aedf71e83", "camera_hash": "fad6f8ab47ab68f4dd50d913c8a0b888288c7c5581ba2972c6116bb925fa7f95"}
{"utc": "2026-10-04T23:45:08.678713+00:00", "phase": "READ", "scene": "materials", "key": "F_041", "stage": "MEDIA_F_SELECTED_COVERAGE_MATCH", "raw_sha256": "2d438580dc4544efb6a4f46ca00d44c6f86fd9e6ea636b7ba7191e1541fe7097", "camera_hash": "a8850750ca8a4e99976dfc4c8a057fec63b4023e7eb68ac7bd762a243284c7a3"}
{"utc": "2026-10-04T23:45:09.404885+00:00", "phase": "READ", "scene": "materials", "key": "F_053", "stage": "MEDIA_F_SELECTED_COVERAGE_MATCH", "raw_sha256": "633ffa0626d636e2f78c58b58ff9371f5cbfe9e391f6a1d977406a1cb1c23008", "camera_hash": "b90ad40a76d49377ef835fac1c08623eb6afb90c0a49d2da9d1e63ee46915702"}
{"utc": "2026-10-04T23:45:10.167685+00:00", "phase": "READ", "scene": "materials", "key": "F_067", "stage": "MEDIA_F_SELECTED_COVERAGE_MATCH", "raw_sha256": "48358a34b270d1b774a8f1175d8a6bb08c232381c86ca89dbe0ae300b586837a", "camera_hash": "fb79555f428af8cf45d8760ce8dbee698eed4848443de11f012458ce2d2dc3ae"}
{"utc": "2026-10-04T23:45:10.884629+00:00", "phase": "READ", "scene": "materials", "key": "F_079", "stage": "MEDIA_F_SELECTED_COVERAGE_MATCH", "raw_sha256": "3269c33d13345d6a8786a4462bec6b69c76abd08b2d6f3ee1850a7c6ce955844", "camera_hash": "4666947baa355453f8092a69c3c0be48f17951c0220de945ee6ee3652a46fbde"}
{"utc": "2026-10-04T23:45:11.621250+00:00", "phase": "READ", "scene": "materials", "key": "F_093", "stage": "MEDIA_F_SELECTED_COVERAGE_MATCH", "raw_sha256": "f62ec97ff17a4cfcd5d9621fa5cff9ffbdaee517835d49cc6767df29dc1a9903", "camera_hash": "69f3798ae2cdb5d618af3d2b6636ae2009d3eb73a48bd17176580471112ec106"}
{"utc": "2026-10-04T23:45:54.105163+00:00", "phase": "MEDIA_COMPLETE", "scene": "materials", "actual_poses": 49, "actual_arc": 33}
{"utc": "2026-10-04T23:45:54.131883+00:00", "phase": "DELIVERY_GENERATED", "actual_pose_count": 98, "engineering_GO": true}
