{"utc": "2026-10-04T23:24:05.911668+00:00", "phase": "READ", "scene": "mic", "key": "F_001", "stage": "S2_TOPK_32", "raw_sha256": "b067048ab8a9f2f8c59b1d6094cbe5d10cad478a9fffec4da3300e3436b137d5", "camera_hash": "5b872d066c5970d9dc58180074fc3aed38abfd38c359c326005b8740e2b30a4c"}
{"utc": "2026-10-04T23:24:06.116540+00:00", "phase": "S2_RENDER", "scene": "mic", "key": "F_001", "topk": 32}
{"utc": "2026-10-04T23:24:10.932300+00:00", "phase": "S2_POSE_COMPLETE", "scene": "mic", "key": "F_001", "topk": 32, "gate": true, "major": {"pixels": 20751, "captured_mass_fraction": 0.9694992454279053, "p10": 0.9285278675287529, "p05": 0.9002137968016278, "min": 0.693065357181817, "mean": 0.978960307213199, "residual_mass": 420.54881471561384}}
{"utc": "2026-10-04T23:24:10.948547+00:00", "phase": "READ", "scene": "mic", "key": "F_014", "stage": "S2_TOPK_32", "raw_sha256": "8910ac3f77eca3176e9e219176908b5feab5e32378d6a0978eb2960a74b0f2b5", "camera_hash": "8899025ef84e9161d912477398edaaf9bdc97e36a0414b31af8acd0c030c840c"}
{"utc": "2026-10-04T23:24:11.137494+00:00", "phase": "S2_RENDER", "scene": "mic", "key": "F_014", "topk": 32}
{"utc": "2026-10-04T23:24:13.751689+00:00", "phase": "S2_POSE_COMPLETE", "scene": "mic", "key": "F_014", "topk": 32, "gate": true, "major": {"pixels": 26969, "captured_mass_fraction": 0.9681295155755101, "p10": 0.9144183288023762, "p05": 0.8512850292159999, "min": 0.6259566069707939, "mean": 0.9764636615445949, "residual_mass": 625.0114912636246}}
{"utc": "2026-10-04T23:24:13.791344+00:00", "phase": "READ", "scene": "mic", "key": "F_027", "stage": "S2_TOPK_32", "raw_sha256": "b4253d36c75689dd2fc1b66c7232a3f940aa3499aceee75d6f99d14c4d3f54c3", "camera_hash": "8dc2537cf096fc2fe0c16b026af2a877ad9903afd6f480b3b7503c838e6591a6"}
{"utc": "2026-10-04T23:24:13.979750+00:00", "phase": "S2_RENDER", "scene": "mic", "key": "F_027", "topk": 32}
{"utc": "2026-10-04T23:24:16.949438+00:00", "phase": "S2_POSE_COMPLETE", "scene": "mic", "key": "F_027", "topk": 32, "gate": true, "major": {"pixels": 27687, "captured_mass_fraction": 0.9703418304748677, "p10": 0.9220734477930631, "p05": 0.8762242807399975, "min": 0.6534939059226275, "mean": 0.9776836104722064, "residual_mass": 602.5934335650178}}
{"utc": "2026-10-04T23:24:16.987382+00:00", "phase": "READ", "scene": "mic", "key": "F_041", "stage": "S2_TOPK_32", "raw_sha256": "ec9467cee25ee6e745abc13b283030a651ea8cc8d1ae9199815b6b9ecb86bf29", "camera_hash": "6cbae4f0e2f9f5e0487fbd725533655bd9e8e949bcfaa851572e458aa91180c4"}
{"utc": "2026-10-04T23:24:17.179827+00:00", "phase": "S2_RENDER", "scene": "mic", "key": "F_041", "topk": 32}
{"utc": "2026-10-04T23:24:19.999425+00:00", "phase": "S2_POSE_COMPLETE", "scene": "mic", "key": "F_041", "topk": 32, "gate": true, "major": {"pixels": 28651, "captured_mass_fraction": 0.9620636749965648, "p10": 0.9005967286343829, "p05": 0.8528549524799122, "min": 0.5913004186387208, "mean": 0.9737974286314771, "residual_mass": 737.4001042443881}}
{"utc": "2026-10-04T23:24:20.040967+00:00", "phase": "READ", "scene": "mic", "key": "F_053", "stage": "S2_TOPK_32", "raw_sha256": "973d2923d3dd9232806bde0e78ecfc0646b41bd9bda0f0329e77e7640b4cfae2", "camera_hash": "a73bb88bae14c4da750799d91fc990e2a070c8fe8ff63cecff65cb0cc82f221b"}
{"utc": "2026-10-04T23:24:20.228160+00:00", "phase": "S2_RENDER", "scene": "mic", "key": "F_053", "topk": 32}
{"utc": "2026-10-04T23:24:23.019335+00:00", "phase": "S2_POSE_COMPLETE", "scene": "mic", "key": "F_053", "topk": 32, "gate": true, "major": {"pixels": 20368, "captured_mass_fraction": 0.9699587862190207, "p10": 0.9265514241606562, "p05": 0.8893332582196295, "min": 0.7050225345716391, "mean": 0.9787615069990698, "residual_mass": 412.81970358323025}}
{"utc": "2026-10-04T23:24:23.061905+00:00", "phase": "READ", "scene": "mic", "key": "F_067", "stage": "S2_TOPK_32", "raw_sha256": "4eba3b1936fd87b962080adfbcb51e3a289f97db0ab508727444693ef4a28431", "camera_hash": "66947f76f5d2d41b18f1a121ce58e766f76030971b543b28644dd2e25f214fee"}
{"utc": "2026-10-04T23:24:23.251899+00:00", "phase": "S2_RENDER", "scene": "mic", "key": "F_067", "topk": 32}
{"utc": "2026-10-04T23:24:26.217599+00:00", "phase": "S2_POSE_COMPLETE", "scene": "mic", "key": "F_067", "topk": 32, "gate": true, "major": {"pixels": 24949, "captured_mass_fraction": 0.9647968035085805, "p10": 0.9010181488951676, "p05": 0.8527059782379355, "min": 0.6783533018378476, "mean": 0.9699040564678236, "residual_mass": 738.3907375556063}}
{"utc": "2026-10-04T23:24:26.259454+00:00", "phase": "READ", "scene": "mic", "key": "F_079", "stage": "S2_TOPK_32", "raw_sha256": "09080ccb1d5c7c46fb16a534aaad9fcb38057e6f6341f72d26948b185b249c1d", "camera_hash": "805c88c716b8bcb5d703331bb860d729eacd1be0bc72debe8bb9baacb8f5841b"}
{"utc": "2026-10-04T23:24:26.447524+00:00", "phase": "S2_RENDER", "scene": "mic", "key": "F_079", "topk": 32}
{"utc": "2026-10-04T23:24:29.198112+00:00", "phase": "S2_POSE_COMPLETE", "scene": "mic", "key": "F_079", "topk": 32, "gate": false, "major": {"pixels": 27078, "captured_mass_fraction": 0.9603294754537789, "p10": 0.89420637534062, "p05": 0.835849956057224, "min": 0.6486042153132955, "mean": 0.9729187001824418, "residual_mass": 720.6696449993233}}
{"utc": "2026-10-04T23:24:29.240611+00:00", "phase": "READ", "scene": "mic", "key": "F_093", "stage": "S2_TOPK_32", "raw_sha256": "20de61299147ca78560dfa7db8ef560795e09b284ca1fca2e5efd969f13a92cb", "camera_hash": "8eeffc49b214291aa7c804613b8bda4467e5d6dc6ba3fa6ee5e3fa9c527d46ff"}
{"utc": "2026-10-04T23:24:29.429290+00:00", "phase": "S2_RENDER", "scene": "mic", "key": "F_093", "topk": 32}
{"utc": "2026-10-04T23:24:32.234382+00:00", "phase": "S2_POSE_COMPLETE", "scene": "mic", "key": "F_093", "topk": 32, "gate": true, "major": {"pixels": 25457, "captured_mass_fraction": 0.9734625061839708, "p10": 0.9373123398830822, "p05": 0.8967887389775325, "min": 0.519265109505067, "mean": 0.9810097357195403, "residual_mass": 466.6886454179033}}
{"utc": "2026-10-04T23:24:32.605807+00:00", "phase": "READ", "scene": "materials", "key": "F_001", "stage": "S2_TOPK_32", "raw_sha256": "459b601ee2892d933ad5c63f8fcaf2a9c38b86c62f9506d10b1c094a4de593fb", "camera_hash": "7265aaffc2560cb286b22991e7c83e69e6a4755ef7d907096234fc5a5b8163f1"}
{"utc": "2026-10-04T23:24:32.812721+00:00", "phase": "S2_RENDER", "scene": "materials", "key": "F_001", "topk": 32}
{"utc": "2026-10-04T23:24:37.788030+00:00", "phase": "S2_POSE_COMPLETE", "scene": "materials", "key": "F_001", "topk": 32, "gate": true, "major": {"pixels": 39510, "captured_mass_fraction": 0.9681279682205141, "p10": 0.920955762868009, "p05": 0.8925974277371099, "min": 0.6343584783635382, "mean": 0.9744203463990277, "residual_mass": 973.050710250279}}
{"utc": "2026-10-04T23:24:37.841560+00:00", "phase": "READ", "scene": "materials", "key": "F_014", "stage": "S2_TOPK_32", "raw_sha256": "485085ea97a84f9a897653b68259a4ece94ef5bcd80fa5506d50d8829c8eb898", "camera_hash": "30dfb51696a60fb75ae5806b9453a8696d5e36fc900f9bdb251aca29c42ec979"}
{"utc": "2026-10-04T23:24:38.048414+00:00", "phase": "S2_RENDER", "scene": "materials", "key": "F_014", "topk": 32}
{"utc": "2026-10-04T23:24:42.006385+00:00", "phase": "S2_POSE_COMPLETE", "scene": "materials", "key": "F_014", "topk": 32, "gate": true, "major": {"pixels": 32916, "captured_mass_fraction": 0.9699819075068241, "p10": 0.9264178624133803, "p05": 0.8817217625980105, "min": 0.5556089307586303, "mean": 0.976914394267225, "residual_mass": 727.744672642488}}
{"utc": "2026-10-04T23:24:42.069863+00:00", "phase": "READ", "scene": "materials", "key": "F_027", "stage": "S2_TOPK_32", "raw_sha256": "3c9513d758fb7c3a67bb9155f13e1147d738534aff9767e23b04a73aedf71e83", "camera_hash": "fad6f8ab47ab68f4dd50d913c8a0b888288c7c5581ba2972c6116bb925fa7f95"}
{"utc": "2026-10-04T23:24:42.285864+00:00", "phase": "S2_RENDER", "scene": "materials", "key": "F_027", "topk": 32}
{"utc": "2026-10-04T23:24:47.178227+00:00", "phase": "S2_POSE_COMPLETE", "scene": "materials", "key": "F_027", "topk": 32, "gate": true, "major": {"pixels": 51262, "captured_mass_fraction": 0.9769916201756991, "p10": 0.9501808062196495, "p05": 0.918406260551, "min": 0.5728456255479384, "mean": 0.9827797573395267, "residual_mass": 843.767995444244}}
{"utc": "2026-10-04T23:24:47.226866+00:00", "phase": "READ", "scene": "materials", "key": "F_041", "stage": "S2_TOPK_32", "raw_sha256": "2d438580dc4544efb6a4f46ca00d44c6f86fd9e6ea636b7ba7191e1541fe7097", "camera_hash": "a8850750ca8a4e99976dfc4c8a057fec63b4023e7eb68ac7bd762a243284c7a3"}
{"utc": "2026-10-04T23:24:47.429846+00:00", "phase": "S2_RENDER", "scene": "materials", "key": "F_041", "topk": 32}
{"utc": "2026-10-04T23:24:50.942143+00:00", "phase": "S2_POSE_COMPLETE", "scene": "materials", "key": "F_041", "topk": 32, "gate": true, "major": {"pixels": 31182, "captured_mass_fraction": 0.9684340333892838, "p10": 0.9188511471987763, "p05": 0.888885116428287, "min": 0.5715344623194246, "mean": 0.9744135252349467, "residual_mass": 769.5516299463408}}
{"utc": "2026-10-04T23:24:51.003158+00:00", "phase": "READ", "scene": "materials", "key": "F_053", "stage": "S2_TOPK_32", "raw_sha256": "633ffa0626d636e2f78c58b58ff9371f5cbfe9e391f6a1d977406a1cb1c23008", "camera_hash": "b90ad40a76d49377ef835fac1c08623eb6afb90c0a49d2da9d1e63ee46915702"}
{"utc": "2026-10-04T23:24:51.215159+00:00", "phase": "S2_RENDER", "scene": "materials", "key": "F_053", "topk": 32}
{"utc": "2026-10-04T23:24:56.268868+00:00", "phase": "S2_POSE_COMPLETE", "scene": "materials", "key": "F_053", "topk": 32, "gate": true, "major": {"pixels": 49428, "captured_mass_fraction": 0.9735832594732965, "p10": 0.931369701351154, "p05": 0.909941752407185, "min": 0.6840017994176985, "mean": 0.9761944666902522, "residual_mass": 1147.4984861907642}}
{"utc": "2026-10-04T23:24:56.319961+00:00", "phase": "READ", "scene": "materials", "key": "F_067", "stage": "S2_TOPK_32", "raw_sha256": "48358a34b270d1b774a8f1175d8a6bb08c232381c86ca89dbe0ae300b586837a", "camera_hash": "fb79555f428af8cf45d8760ce8dbee698eed4848443de11f012458ce2d2dc3ae"}
{"utc": "2026-10-04T23:24:56.520180+00:00", "phase": "S2_RENDER", "scene": "materials", "key": "F_067", "topk": 32}
{"utc": "2026-10-04T23:25:00.076158+00:00", "phase": "S2_POSE_COMPLETE", "scene": "materials", "key": "F_067", "topk": 32, "gate": true, "major": {"pixels": 24922, "captured_mass_fraction": 0.9613325437094137, "p10": 0.9085566228213796, "p05": 0.8799176792739666, "min": 0.5908185071840585, "mean": 0.9680301457199438, "residual_mass": 768.5064044183359}}
{"utc": "2026-10-04T23:25:00.142544+00:00", "phase": "READ", "scene": "materials", "key": "F_079", "stage": "S2_TOPK_32", "raw_sha256": "3269c33d13345d6a8786a4462bec6b69c76abd08b2d6f3ee1850a7c6ce955844", "camera_hash": "4666947baa355453f8092a69c3c0be48f17951c0220de945ee6ee3652a46fbde"}
{"utc": "2026-10-04T23:25:00.358520+00:00", "phase": "S2_RENDER", "scene": "materials", "key": "F_079", "topk": 32}
{"utc": "2026-10-04T23:25:05.730351+00:00", "phase": "S2_POSE_COMPLETE", "scene": "materials", "key": "F_079", "topk": 32, "gate": true, "major": {"pixels": 62406, "captured_mass_fraction": 0.9779830632145332, "p10": 0.9410123407181448, "p05": 0.916886178690346, "min": 0.6413631475881991, "mean": 0.9798938501137969, "residual_mass": 1214.1362344860343}}
{"utc": "2026-10-04T23:25:05.788785+00:00", "phase": "READ", "scene": "materials", "key": "F_093", "stage": "S2_TOPK_32", "raw_sha256": "f62ec97ff17a4cfcd5d9621fa5cff9ffbdaee517835d49cc6767df29dc1a9903", "camera_hash": "69f3798ae2cdb5d618af3d2b6636ae2009d3eb73a48bd17176580471112ec106"}
{"utc": "2026-10-04T23:25:05.999035+00:00", "phase": "S2_RENDER", "scene": "materials", "key": "F_093", "topk": 32}
{"utc": "2026-10-04T23:25:10.152593+00:00", "phase": "S2_POSE_COMPLETE", "scene": "materials", "key": "F_093", "topk": 32, "gate": true, "major": {"pixels": 42352, "captured_mass_fraction": 0.9780682089422963, "p10": 0.9499469391569105, "p05": 0.9225382362905942, "min": 0.562228708197847, "mean": 0.9832699592701537, "residual_mass": 681.4380630459625}}
{"utc": "2026-10-04T23:25:11.328550+00:00", "phase": "S2_BUILD_START", "topk": 64}
{"utc": "2026-10-04T23:26:17.714085+00:00", "phase": "READ", "scene": "mic", "key": "F_001", "stage": "S2_TOPK_64", "raw_sha256": "b067048ab8a9f2f8c59b1d6094cbe5d10cad478a9fffec4da3300e3436b137d5", "camera_hash": "5b872d066c5970d9dc58180074fc3aed38abfd38c359c326005b8740e2b30a4c"}
{"utc": "2026-10-04T23:26:17.943305+00:00", "phase": "S2_RENDER", "scene": "mic", "key": "F_001", "topk": 64}
{"utc": "2026-10-04T23:26:22.873776+00:00", "phase": "S2_POSE_COMPLETE", "scene": "mic", "key": "F_001", "topk": 64, "gate": true, "major": {"pixels": 20751, "captured_mass_fraction": 0.9984898828116712, "p10": 0.9984818963394467, "p05": 0.9948982074619611, "min": 0.906613929054573, "mean": 0.9990202597350445, "residual_mass": 20.11815526488519}}
{"utc": "2026-10-04T23:26:22.932990+00:00", "phase": "READ", "scene": "mic", "key": "F_014", "stage": "S2_TOPK_64", "raw_sha256": "8910ac3f77eca3176e9e219176908b5feab5e32378d6a0978eb2960a74b0f2b5", "camera_hash": "8899025ef84e9161d912477398edaaf9bdc97e36a0414b31af8acd0c030c840c"}
{"utc": "2026-10-04T23:26:23.122954+00:00", "phase": "S2_RENDER", "scene": "mic", "key": "F_014", "topk": 64}
{"utc": "2026-10-04T23:26:27.192841+00:00", "phase": "S2_POSE_COMPLETE", "scene": "mic", "key": "F_014", "topk": 64, "gate": true, "major": {"pixels": 26969, "captured_mass_fraction": 0.9966302632938749, "p10": 0.9963304643704033, "p05": 0.9806485296996408, "min": 0.8437006016891614, "mean": 0.9970406818163804, "residual_mass": 79.5823647366251}}
{"utc": "2026-10-04T23:26:27.262432+00:00", "phase": "READ", "scene": "mic", "key": "F_027", "stage": "S2_TOPK_64", "raw_sha256": "b4253d36c75689dd2fc1b66c7232a3f940aa3499aceee75d6f99d14c4d3f54c3", "camera_hash": "8dc2537cf096fc2fe0c16b026af2a877ad9903afd6f480b3b7503c838e6591a6"}
{"utc": "2026-10-04T23:26:27.450300+00:00", "phase": "S2_RENDER", "scene": "mic", "key": "F_027", "topk": 64}
{"utc": "2026-10-04T23:26:32.034143+00:00", "phase": "S2_POSE_COMPLETE", "scene": "mic", "key": "F_027", "topk": 64, "gate": true, "major": {"pixels": 27687, "captured_mass_fraction": 0.9975005010017214, "p10": 0.9979844982548861, "p05": 0.9893304820346684, "min": 0.8743157282808166, "mean": 0.9980897991969188, "residual_mass": 52.467233320697886}}
{"utc": "2026-10-04T23:26:32.100782+00:00", "phase": "READ", "scene": "mic", "key": "F_041", "stage": "S2_TOPK_64", "raw_sha256": "ec9467cee25ee6e745abc13b283030a651ea8cc8d1ae9199815b6b9ecb86bf29", "camera_hash": "6cbae4f0e2f9f5e0487fbd725533655bd9e8e949bcfaa851572e458aa91180c4"}
{"utc": "2026-10-04T23:26:32.295106+00:00", "phase": "S2_RENDER", "scene": "mic", "key": "F_041", "topk": 64}
{"utc": "2026-10-04T23:26:36.687303+00:00", "phase": "S2_POSE_COMPLETE", "scene": "mic", "key": "F_041", "topk": 64, "gate": true, "major": {"pixels": 28651, "captured_mass_fraction": 0.9960952296323806, "p10": 0.9943885300689518, "p05": 0.9811602380807984, "min": 0.8507982881584707, "mean": 0.9973123873367313, "residual_mass": 76.7069870061984}}
{"utc": "2026-10-04T23:26:36.755584+00:00", "phase": "READ", "scene": "mic", "key": "F_053", "stage": "S2_TOPK_64", "raw_sha256": "973d2923d3dd9232806bde0e78ecfc0646b41bd9bda0f0329e77e7640b4cfae2", "camera_hash": "a73bb88bae14c4da750799d91fc990e2a070c8fe8ff63cecff65cb0cc82f221b"}
{"utc": "2026-10-04T23:26:36.947706+00:00", "phase": "S2_RENDER", "scene": "mic", "key": "F_053", "topk": 64}
{"utc": "2026-10-04T23:26:41.339868+00:00", "phase": "S2_POSE_COMPLETE", "scene": "mic", "key": "F_053", "topk": 64, "gate": true, "major": {"pixels": 20368, "captured_mass_fraction": 0.9981534171324602, "p10": 0.998216293837827, "p05": 0.9923238405117557, "min": 0.9194466625167075, "mean": 0.998750340458307, "residual_mass": 25.049941479318647}}
{"utc": "2026-10-04T23:26:41.406559+00:00", "phase": "READ", "scene": "mic", "key": "F_067", "stage": "S2_TOPK_64", "raw_sha256": "4eba3b1936fd87b962080adfbcb51e3a289f97db0ab508727444693ef4a28431", "camera_hash": "66947f76f5d2d41b18f1a121ce58e766f76030971b543b28644dd2e25f214fee"}
{"utc": "2026-10-04T23:26:41.594821+00:00", "phase": "S2_RENDER", "scene": "mic", "key": "F_067", "topk": 64}
{"utc": "2026-10-04T23:26:46.252502+00:00", "phase": "S2_POSE_COMPLETE", "scene": "mic", "key": "F_067", "topk": 64, "gate": true, "major": {"pixels": 24949, "captured_mass_fraction": 0.9973544299077739, "p10": 0.9950556426518286, "p05": 0.9809299722858336, "min": 0.8810922094564572, "mean": 0.9972594778376619, "residual_mass": 67.9231059592386}}
{"utc": "2026-10-04T23:26:46.322804+00:00", "phase": "READ", "scene": "mic", "key": "F_079", "stage": "S2_TOPK_64", "raw_sha256": "09080ccb1d5c7c46fb16a534aaad9fcb38057e6f6341f72d26948b185b249c1d", "camera_hash": "805c88c716b8bcb5d703331bb860d729eacd1be0bc72debe8bb9baacb8f5841b"}
{"utc": "2026-10-04T23:26:46.516006+00:00", "phase": "S2_RENDER", "scene": "mic", "key": "F_079", "topk": 64}
{"utc": "2026-10-04T23:26:50.794829+00:00", "phase": "S2_POSE_COMPLETE", "scene": "mic", "key": "F_079", "topk": 64, "gate": true, "major": {"pixels": 27078, "captured_mass_fraction": 0.9957195115190086, "p10": 0.9943150144236113, "p05": 0.9761798328160749, "min": 0.8634789933758606, "mean": 0.9968323419920392, "residual_mass": 85.31140073562574}}
{"utc": "2026-10-04T23:26:50.856058+00:00", "phase": "READ", "scene": "mic", "key": "F_093", "stage": "S2_TOPK_64", "raw_sha256": "20de61299147ca78560dfa7db8ef560795e09b284ca1fca2e5efd969f13a92cb", "camera_hash": "8eeffc49b214291aa7c804613b8bda4467e5d6dc6ba3fa6ee5e3fa9c527d46ff"}
{"utc": "2026-10-04T23:26:51.041809+00:00", "phase": "S2_RENDER", "scene": "mic", "key": "F_093", "topk": 64}
{"utc": "2026-10-04T23:26:55.309293+00:00", "phase": "S2_POSE_COMPLETE", "scene": "mic", "key": "F_093", "topk": 64, "gate": true, "major": {"pixels": 25457, "captured_mass_fraction": 0.9978499265821691, "p10": 0.9992287831862473, "p05": 0.9947194232116067, "min": 0.7325972048655407, "mean": 0.9984700426596621, "residual_mass": 38.393400656741335}}
{"utc": "2026-10-04T23:26:55.695379+00:00", "phase": "READ", "scene": "materials", "key": "F_001", "stage": "S2_TOPK_64", "raw_sha256": "459b601ee2892d933ad5c63f8fcaf2a9c38b86c62f9506d10b1c094a4de593fb", "camera_hash": "7265aaffc2560cb286b22991e7c83e69e6a4755ef7d907096234fc5a5b8163f1"}
{"utc": "2026-10-04T23:26:55.906210+00:00", "phase": "S2_RENDER", "scene": "materials", "key": "F_001", "topk": 64}
{"utc": "2026-10-04T23:27:03.367242+00:00", "phase": "S2_POSE_COMPLETE", "scene": "materials", "key": "F_001", "topk": 64, "gate": true, "major": {"pixels": 39510, "captured_mass_fraction": 0.9980414183163323, "p10": 0.9967374058554967, "p05": 0.9908802209532052, "min": 0.8549264622611449, "mean": 0.9985069875476787, "residual_mass": 58.0928544346788}}
{"utc": "2026-10-04T23:27:03.444366+00:00", "phase": "READ", "scene": "materials", "key": "F_014", "stage": "S2_TOPK_64", "raw_sha256": "485085ea97a84f9a897653b68259a4ece94ef5bcd80fa5506d50d8829c8eb898", "camera_hash": "30dfb51696a60fb75ae5806b9453a8696d5e36fc900f9bdb251aca29c42ec979"}
{"utc": "2026-10-04T23:27:03.658953+00:00", "phase": "S2_RENDER", "scene": "materials", "key": "F_014", "topk": 64}
{"utc": "2026-10-04T23:27:09.693512+00:00", "phase": "S2_POSE_COMPLETE", "scene": "materials", "key": "F_014", "topk": 64, "gate": true, "major": {"pixels": 32916, "captured_mass_fraction": 0.9975503144576658, "p10": 0.9980050196895236, "p05": 0.9919625726843255, "min": 0.778176223235831, "mean": 0.9982918427514612, "residual_mass": 54.728191575475535}}
{"utc": "2026-10-04T23:27:09.779760+00:00", "phase": "READ", "scene": "materials", "key": "F_027", "stage": "S2_TOPK_64", "raw_sha256": "3c9513d758fb7c3a67bb9155f13e1147d738534aff9767e23b04a73aedf71e83", "camera_hash": "fad6f8ab47ab68f4dd50d913c8a0b888288c7c5581ba2972c6116bb925fa7f95"}
{"utc": "2026-10-04T23:27:09.995349+00:00", "phase": "S2_RENDER", "scene": "materials", "key": "F_027", "topk": 64}
{"utc": "2026-10-04T23:27:17.361585+00:00", "phase": "S2_POSE_COMPLETE", "scene": "materials", "key": "F_027", "topk": 64, "gate": true, "major": {"pixels": 51262, "captured_mass_fraction": 0.9983051104554381, "p10": 0.9994996219502357, "p05": 0.9972199411373486, "min": 0.8201340607911028, "mean": 0.9990087700651589, "residual_mass": 49.298373452500186}}
{"utc": "2026-10-04T23:27:17.435952+00:00", "phase": "READ", "scene": "materials", "key": "F_041", "stage": "S2_TOPK_64", "raw_sha256": "2d438580dc4544efb6a4f46ca00d44c6f86fd9e6ea636b7ba7191e1541fe7097", "camera_hash": "a8850750ca8a4e99976dfc4c8a057fec63b4023e7eb68ac7bd762a243284c7a3"}
{"utc": "2026-10-04T23:27:17.633492+00:00", "phase": "S2_RENDER", "scene": "materials", "key": "F_041", "topk": 64}
{"utc": "2026-10-04T23:27:23.165442+00:00", "phase": "S2_POSE_COMPLETE", "scene": "materials", "key": "F_041", "topk": 64, "gate": true, "major": {"pixels": 31182, "captured_mass_fraction": 0.9978889983100363, "p10": 0.9962153677574891, "p05": 0.9915863179955123, "min": 0.8259393587679458, "mean": 0.9984596759490721, "residual_mass": 46.9781370040038}}
{"utc": "2026-10-04T23:27:23.253050+00:00", "phase": "READ", "scene": "materials", "key": "F_053", "stage": "S2_TOPK_64", "raw_sha256": "633ffa0626d636e2f78c58b58ff9371f5cbfe9e391f6a1d977406a1cb1c23008", "camera_hash": "b90ad40a76d49377ef835fac1c08623eb6afb90c0a49d2da9d1e63ee46915702"}
{"utc": "2026-10-04T23:27:23.471414+00:00", "phase": "S2_RENDER", "scene": "materials", "key": "F_053", "topk": 64}
{"utc": "2026-10-04T23:27:31.588660+00:00", "phase": "S2_POSE_COMPLETE", "scene": "materials", "key": "F_053", "topk": 64, "gate": true, "major": {"pixels": 49428, "captured_mass_fraction": 0.9989312303581923, "p10": 0.9983487133792036, "p05": 0.9954140053013626, "min": 0.877664747098026, "mean": 0.9991507540004673, "residual_mass": 41.31722826745164}}
{"utc": "2026-10-04T23:27:31.662656+00:00", "phase": "READ", "scene": "materials", "key": "F_067", "stage": "S2_TOPK_64", "raw_sha256": "48358a34b270d1b774a8f1175d8a6bb08c232381c86ca89dbe0ae300b586837a", "camera_hash": "fb79555f428af8cf45d8760ce8dbee698eed4848443de11f012458ce2d2dc3ae"}
{"utc": "2026-10-04T23:27:31.858053+00:00", "phase": "S2_RENDER", "scene": "materials", "key": "F_067", "topk": 64}
{"utc": "2026-10-04T23:27:37.435427+00:00", "phase": "S2_POSE_COMPLETE", "scene": "materials", "key": "F_067", "topk": 64, "gate": true, "major": {"pixels": 24922, "captured_mass_fraction": 0.9977663754321, "p10": 0.996023741857896, "p05": 0.9906961075747386, "min": 0.8307495069124254, "mean": 0.9983021686941416, "residual_mass": 41.58223303262338}}
{"utc": "2026-10-04T23:27:37.526782+00:00", "phase": "READ", "scene": "materials", "key": "F_079", "stage": "S2_TOPK_64", "raw_sha256": "3269c33d13345d6a8786a4462bec6b69c76abd08b2d6f3ee1850a7c6ce955844", "camera_hash": "4666947baa355453f8092a69c3c0be48f17951c0220de945ee6ee3652a46fbde"}
{"utc": "2026-10-04T23:27:37.746289+00:00", "phase": "S2_RENDER", "scene": "materials", "key": "F_079", "topk": 64}
{"utc": "2026-10-04T23:27:45.886993+00:00", "phase": "S2_POSE_COMPLETE", "scene": "materials", "key": "F_079", "topk": 64, "gate": true, "major": {"pixels": 62406, "captured_mass_fraction": 0.9989655529876335, "p10": 0.998830823567916, "p05": 0.9964628602534549, "min": 0.833544450319518, "mean": 0.999258824597692, "residual_mass": 44.26612378513573}}
{"utc": "2026-10-04T23:27:45.969171+00:00", "phase": "READ", "scene": "materials", "key": "F_093", "stage": "S2_TOPK_64", "raw_sha256": "f62ec97ff17a4cfcd5d9621fa5cff9ffbdaee517835d49cc6767df29dc1a9903", "camera_hash": "69f3798ae2cdb5d618af3d2b6636ae2009d3eb73a48bd17176580471112ec106"}
{"utc": "2026-10-04T23:27:46.171639+00:00", "phase": "S2_RENDER", "scene": "materials", "key": "F_093", "topk": 64}
{"utc": "2026-10-04T23:27:52.404204+00:00", "phase": "S2_POSE_COMPLETE", "scene": "materials", "key": "F_093", "topk": 64, "gate": true, "major": {"pixels": 42352, "captured_mass_fraction": 0.9986702918267355, "p10": 0.9994876669777429, "p05": 0.9973048178706851, "min": 0.8153508557904242, "mean": 0.9991674780540309, "residual_mass": 34.25111980109227}}
{"utc": "2026-10-04T23:27:52.528846+00:00", "phase": "S2_COMPLETE", "available_K": 64, "all16_gate_pass": true}
