{"utc": "2026-10-04T23:28:22.027692+00:00", "phase": "S3_MATRIX_VIEW", "scene": "mic", "key": "F_001", "foreground_pixels": 75704}
{"utc": "2026-10-04T23:28:22.490789+00:00", "phase": "S3_MATRIX_VIEW", "scene": "mic", "key": "F_014", "foreground_pixels": 65043}
{"utc": "2026-10-04T23:28:23.005154+00:00", "phase": "S3_MATRIX_VIEW", "scene": "mic", "key": "F_027", "foreground_pixels": 79771}
{"utc": "2026-10-04T23:28:23.497529+00:00", "phase": "S3_MATRIX_VIEW", "scene": "mic", "key": "F_041", "foreground_pixels": 73693}
{"utc": "2026-10-04T23:28:23.967044+00:00", "phase": "S3_MATRIX_VIEW", "scene": "mic", "key": "F_053", "foreground_pixels": 72995}
{"utc": "2026-10-04T23:28:24.480108+00:00", "phase": "S3_MATRIX_VIEW", "scene": "mic", "key": "F_067", "foreground_pixels": 78703}
{"utc": "2026-10-04T23:28:24.947469+00:00", "phase": "S3_MATRIX_VIEW", "scene": "mic", "key": "F_079", "foreground_pixels": 70990}
{"utc": "2026-10-04T23:28:25.411310+00:00", "phase": "S3_MATRIX_VIEW", "scene": "mic", "key": "F_093", "foreground_pixels": 74440}
{"utc": "2026-10-04T23:28:32.468314+00:00", "phase": "S3_GREEDY_START", "scene": "mic", "arm": "C", "lambda_value": 0, "eligible": 55672, "rows": 228817, "nnz": 9652174}
{"utc": "2026-10-04T23:28:32.599430+00:00", "phase": "S3_GREEDY_PROGRESS", "scene": "mic", "arm": "C", "count": 250, "utility": 0.19138700454501079, "heap_evaluations": 602}
{"utc": "2026-10-04T23:28:32.619084+00:00", "phase": "S3_GREEDY_PROGRESS", "scene": "mic", "arm": "C", "count": 500, "utility": 0.27648141538180043, "heap_evaluations": 1246}
{"utc": "2026-10-04T23:28:32.637174+00:00", "phase": "S3_GREEDY_PROGRESS", "scene": "mic", "arm": "C", "count": 750, "utility": 0.34074866503629075, "heap_evaluations": 1952}
{"utc": "2026-10-04T23:28:32.652577+00:00", "phase": "S3_GREEDY_PROGRESS", "scene": "mic", "arm": "C", "count": 1000, "utility": 0.39310044510840075, "heap_evaluations": 2665}
{"utc": "2026-10-04T23:28:32.669407+00:00", "phase": "S3_GREEDY_PROGRESS", "scene": "mic", "arm": "C", "count": 1250, "utility": 0.4379942124877826, "heap_evaluations": 3440}
{"utc": "2026-10-04T23:28:32.684762+00:00", "phase": "S3_GREEDY_PROGRESS", "scene": "mic", "arm": "C", "count": 1500, "utility": 0.4773990579416808, "heap_evaluations": 4216}
{"utc": "2026-10-04T23:28:32.700923+00:00", "phase": "S3_GREEDY_PROGRESS", "scene": "mic", "arm": "C", "count": 1750, "utility": 0.5125503929500174, "heap_evaluations": 5075}
{"utc": "2026-10-04T23:28:32.716553+00:00", "phase": "S3_GREEDY_PROGRESS", "scene": "mic", "arm": "C", "count": 2000, "utility": 0.5442393194412247, "heap_evaluations": 5956}
{"utc": "2026-10-04T23:28:32.733692+00:00", "phase": "S3_GREEDY_PROGRESS", "scene": "mic", "arm": "C", "count": 2250, "utility": 0.5730039498235222, "heap_evaluations": 6938}
{"utc": "2026-10-04T23:28:32.749098+00:00", "phase": "S3_GREEDY_PROGRESS", "scene": "mic", "arm": "C", "count": 2500, "utility": 0.599206337828349, "heap_evaluations": 7885}
{"utc": "2026-10-04T23:28:32.764313+00:00", "phase": "S3_GREEDY_PROGRESS", "scene": "mic", "arm": "C", "count": 2750, "utility": 0.6234774918735406, "heap_evaluations": 8806}
{"utc": "2026-10-04T23:28:32.780957+00:00", "phase": "S3_GREEDY_PROGRESS", "scene": "mic", "arm": "C", "count": 3000, "utility": 0.6459209913070272, "heap_evaluations": 9813}
{"utc": "2026-10-04T23:28:32.797594+00:00", "phase": "S3_GREEDY_PROGRESS", "scene": "mic", "arm": "C", "count": 3250, "utility": 0.6666527135180027, "heap_evaluations": 10861}
{"utc": "2026-10-04T23:28:32.807339+00:00", "phase": "S3_GREEDY_COMPLETE", "scene": "mic", "arm": "C", "count": 3356, "utility": 0.675011688274827, "early_stop": false}
{"utc": "2026-10-04T23:28:32.807892+00:00", "phase": "S3_GREEDY_START", "scene": "mic", "arm": "D", "lambda_value": 0.1, "eligible": 55672, "rows": 228817, "nnz": 9652174}
{"utc": "2026-10-04T23:28:32.929141+00:00", "phase": "S3_GREEDY_PROGRESS", "scene": "mic", "arm": "D", "count": 250, "utility": 0.19102876677776554, "heap_evaluations": 608}
{"utc": "2026-10-04T23:28:32.948670+00:00", "phase": "S3_GREEDY_PROGRESS", "scene": "mic", "arm": "D", "count": 500, "utility": 0.27572304781453766, "heap_evaluations": 1265}
{"utc": "2026-10-04T23:28:32.967211+00:00", "phase": "S3_GREEDY_PROGRESS", "scene": "mic", "arm": "D", "count": 750, "utility": 0.33993222462372763, "heap_evaluations": 1959}
{"utc": "2026-10-04T23:28:32.983446+00:00", "phase": "S3_GREEDY_PROGRESS", "scene": "mic", "arm": "D", "count": 1000, "utility": 0.3919735487854812, "heap_evaluations": 2693}
{"utc": "2026-10-04T23:28:33.000038+00:00", "phase": "S3_GREEDY_PROGRESS", "scene": "mic", "arm": "D", "count": 1250, "utility": 0.4367233505025183, "heap_evaluations": 3478}
{"utc": "2026-10-04T23:28:33.014599+00:00", "phase": "S3_GREEDY_PROGRESS", "scene": "mic", "arm": "D", "count": 1500, "utility": 0.4760317581594056, "heap_evaluations": 4227}
{"utc": "2026-10-04T23:28:33.030664+00:00", "phase": "S3_GREEDY_PROGRESS", "scene": "mic", "arm": "D", "count": 1750, "utility": 0.511125096148563, "heap_evaluations": 5095}
{"utc": "2026-10-04T23:28:33.045922+00:00", "phase": "S3_GREEDY_PROGRESS", "scene": "mic", "arm": "D", "count": 2000, "utility": 0.5427494020654315, "heap_evaluations": 5943}
{"utc": "2026-10-04T23:28:33.062391+00:00", "phase": "S3_GREEDY_PROGRESS", "scene": "mic", "arm": "D", "count": 2250, "utility": 0.5713566603986115, "heap_evaluations": 6905}
{"utc": "2026-10-04T23:28:33.077405+00:00", "phase": "S3_GREEDY_PROGRESS", "scene": "mic", "arm": "D", "count": 2500, "utility": 0.5971903162102117, "heap_evaluations": 7821}
{"utc": "2026-10-04T23:28:33.093996+00:00", "phase": "S3_GREEDY_PROGRESS", "scene": "mic", "arm": "D", "count": 2750, "utility": 0.6214144557843795, "heap_evaluations": 8800}
{"utc": "2026-10-04T23:28:33.110674+00:00", "phase": "S3_GREEDY_PROGRESS", "scene": "mic", "arm": "D", "count": 3000, "utility": 0.6439090208420929, "heap_evaluations": 9838}
{"utc": "2026-10-04T23:28:33.126569+00:00", "phase": "S3_GREEDY_PROGRESS", "scene": "mic", "arm": "D", "count": 3250, "utility": 0.6643430180548178, "heap_evaluations": 10869}
{"utc": "2026-10-04T23:28:33.137780+00:00", "phase": "S3_GREEDY_COMPLETE", "scene": "mic", "arm": "D", "count": 3356, "utility": 0.672780099776401, "early_stop": false}
{"utc": "2026-10-04T23:28:33.138340+00:00", "phase": "S3_GREEDY_START", "scene": "mic", "arm": "E", "lambda_value": 0.3, "eligible": 55672, "rows": 228817, "nnz": 9652174}
{"utc": "2026-10-04T23:28:33.260601+00:00", "phase": "S3_GREEDY_PROGRESS", "scene": "mic", "arm": "E", "count": 250, "utility": 0.1886433595830704, "heap_evaluations": 648}
{"utc": "2026-10-04T23:28:33.278650+00:00", "phase": "S3_GREEDY_PROGRESS", "scene": "mic", "arm": "E", "count": 500, "utility": 0.2718562283570862, "heap_evaluations": 1272}
{"utc": "2026-10-04T23:28:33.296465+00:00", "phase": "S3_GREEDY_PROGRESS", "scene": "mic", "arm": "E", "count": 750, "utility": 0.3338653238083517, "heap_evaluations": 1975}
{"utc": "2026-10-04T23:28:33.312684+00:00", "phase": "S3_GREEDY_PROGRESS", "scene": "mic", "arm": "E", "count": 1000, "utility": 0.3854675988177112, "heap_evaluations": 2702}
{"utc": "2026-10-04T23:28:33.328177+00:00", "phase": "S3_GREEDY_PROGRESS", "scene": "mic", "arm": "E", "count": 1250, "utility": 0.42898562924491, "heap_evaluations": 3441}
{"utc": "2026-10-04T23:28:33.343304+00:00", "phase": "S3_GREEDY_PROGRESS", "scene": "mic", "arm": "E", "count": 1500, "utility": 0.46777598524562897, "heap_evaluations": 4217}
{"utc": "2026-10-04T23:28:33.358152+00:00", "phase": "S3_GREEDY_PROGRESS", "scene": "mic", "arm": "E", "count": 1750, "utility": 0.5019238643125448, "heap_evaluations": 5037}
{"utc": "2026-10-04T23:28:33.374669+00:00", "phase": "S3_GREEDY_PROGRESS", "scene": "mic", "arm": "E", "count": 2000, "utility": 0.5334695635133264, "heap_evaluations": 5924}
{"utc": "2026-10-04T23:28:33.389888+00:00", "phase": "S3_GREEDY_PROGRESS", "scene": "mic", "arm": "E", "count": 2250, "utility": 0.5611370074778556, "heap_evaluations": 6849}
{"utc": "2026-10-04T23:28:33.405060+00:00", "phase": "S3_GREEDY_PROGRESS", "scene": "mic", "arm": "E", "count": 2500, "utility": 0.5870509725442045, "heap_evaluations": 7735}
{"utc": "2026-10-04T23:28:33.420913+00:00", "phase": "S3_GREEDY_PROGRESS", "scene": "mic", "arm": "E", "count": 2750, "utility": 0.6110270134571685, "heap_evaluations": 8695}
{"utc": "2026-10-04T23:28:33.436266+00:00", "phase": "S3_GREEDY_PROGRESS", "scene": "mic", "arm": "E", "count": 3000, "utility": 0.6322965351178009, "heap_evaluations": 9723}
{"utc": "2026-10-04T23:28:33.452154+00:00", "phase": "S3_GREEDY_PROGRESS", "scene": "mic", "arm": "E", "count": 3250, "utility": 0.6528120347310203, "heap_evaluations": 10739}
{"utc": "2026-10-04T23:28:33.462404+00:00", "phase": "S3_GREEDY_COMPLETE", "scene": "mic", "arm": "E", "count": 3356, "utility": 0.6609825374975216, "early_stop": false}
{"utc": "2026-10-04T23:28:35.975808+00:00", "phase": "S3_SCENE_SEALED", "scene": "mic", "counts": {"A": 3356, "B": 3356, "C": 3356, "D": 3356, "E": 3356}, "coverage_match": {"A": 1007, "B": 827, "C": 72, "D": 72, "E": 73}}
{"utc": "2026-10-04T23:28:36.835117+00:00", "phase": "S3_MATRIX_VIEW", "scene": "materials", "key": "F_001", "foreground_pixels": 156447}
{"utc": "2026-10-04T23:28:37.550588+00:00", "phase": "S3_MATRIX_VIEW", "scene": "materials", "key": "F_014", "foreground_pixels": 135360}
{"utc": "2026-10-04T23:28:38.448584+00:00", "phase": "S3_MATRIX_VIEW", "scene": "materials", "key": "F_027", "foreground_pixels": 181927}
{"utc": "2026-10-04T23:28:39.082745+00:00", "phase": "S3_MATRIX_VIEW", "scene": "materials", "key": "F_041", "foreground_pixels": 106983}
{"utc": "2026-10-04T23:28:40.060918+00:00", "phase": "S3_MATRIX_VIEW", "scene": "materials", "key": "F_053", "foreground_pixels": 174798}
{"utc": "2026-10-04T23:28:40.717418+00:00", "phase": "S3_MATRIX_VIEW", "scene": "materials", "key": "F_067", "foreground_pixels": 112585}
{"utc": "2026-10-04T23:28:41.716367+00:00", "phase": "S3_MATRIX_VIEW", "scene": "materials", "key": "F_079", "foreground_pixels": 183755}
{"utc": "2026-10-04T23:28:42.471445+00:00", "phase": "S3_MATRIX_VIEW", "scene": "materials", "key": "F_093", "foreground_pixels": 140096}
{"utc": "2026-10-04T23:28:53.219373+00:00", "phase": "S3_GREEDY_START", "scene": "materials", "arm": "C", "lambda_value": 0, "eligible": 121531, "rows": 378788, "nnz": 18323964}
{"utc": "2026-10-04T23:28:53.410884+00:00", "phase": "S3_GREEDY_PROGRESS", "scene": "materials", "arm": "C", "count": 250, "utility": 0.06443409504882372, "heap_evaluations": 334}
{"utc": "2026-10-04T23:28:53.420009+00:00", "phase": "S3_GREEDY_PROGRESS", "scene": "materials", "arm": "C", "count": 500, "utility": 0.10706931707634443, "heap_evaluations": 722}
{"utc": "2026-10-04T23:28:53.429998+00:00", "phase": "S3_GREEDY_PROGRESS", "scene": "materials", "arm": "C", "count": 750, "utility": 0.14261895219263312, "heap_evaluations": 1175}
{"utc": "2026-10-04T23:28:53.439426+00:00", "phase": "S3_GREEDY_PROGRESS", "scene": "materials", "arm": "C", "count": 1000, "utility": 0.17425870110403016, "heap_evaluations": 1626}
{"utc": "2026-10-04T23:28:53.449700+00:00", "phase": "S3_GREEDY_PROGRESS", "scene": "materials", "arm": "C", "count": 1250, "utility": 0.202874990390047, "heap_evaluations": 2136}
{"utc": "2026-10-04T23:28:53.460184+00:00", "phase": "S3_GREEDY_PROGRESS", "scene": "materials", "arm": "C", "count": 1500, "utility": 0.22909757854465634, "heap_evaluations": 2692}
{"utc": "2026-10-04T23:28:53.470571+00:00", "phase": "S3_GREEDY_PROGRESS", "scene": "materials", "arm": "C", "count": 1750, "utility": 0.25352710843811227, "heap_evaluations": 3253}
{"utc": "2026-10-04T23:28:53.481803+00:00", "phase": "S3_GREEDY_PROGRESS", "scene": "materials", "arm": "C", "count": 2000, "utility": 0.2764163801553994, "heap_evaluations": 3853}
{"utc": "2026-10-04T23:28:53.493294+00:00", "phase": "S3_GREEDY_PROGRESS", "scene": "materials", "arm": "C", "count": 2250, "utility": 0.2979684759972895, "heap_evaluations": 4505}
{"utc": "2026-10-04T23:28:53.504864+00:00", "phase": "S3_GREEDY_PROGRESS", "scene": "materials", "arm": "C", "count": 2500, "utility": 0.31837448816884306, "heap_evaluations": 5147}
{"utc": "2026-10-04T23:28:53.516233+00:00", "phase": "S3_GREEDY_PROGRESS", "scene": "materials", "arm": "C", "count": 2750, "utility": 0.33779137046771485, "heap_evaluations": 5823}
{"utc": "2026-10-04T23:28:53.527078+00:00", "phase": "S3_GREEDY_PROGRESS", "scene": "materials", "arm": "C", "count": 3000, "utility": 0.3563433559718838, "heap_evaluations": 6451}
{"utc": "2026-10-04T23:28:53.539257+00:00", "phase": "S3_GREEDY_PROGRESS", "scene": "materials", "arm": "C", "count": 3250, "utility": 0.3740748550898736, "heap_evaluations": 7201}
{"utc": "2026-10-04T23:28:53.551374+00:00", "phase": "S3_GREEDY_PROGRESS", "scene": "materials", "arm": "C", "count": 3500, "utility": 0.39104352017026744, "heap_evaluations": 7900}
{"utc": "2026-10-04T23:28:53.564072+00:00", "phase": "S3_GREEDY_PROGRESS", "scene": "materials", "arm": "C", "count": 3750, "utility": 0.40735118189781505, "heap_evaluations": 8694}
{"utc": "2026-10-04T23:28:53.576627+00:00", "phase": "S3_GREEDY_PROGRESS", "scene": "materials", "arm": "C", "count": 4000, "utility": 0.4230431141540305, "heap_evaluations": 9468}
{"utc": "2026-10-04T23:28:53.589292+00:00", "phase": "S3_GREEDY_PROGRESS", "scene": "materials", "arm": "C", "count": 4250, "utility": 0.43816163379893536, "heap_evaluations": 10227}
{"utc": "2026-10-04T23:28:53.602024+00:00", "phase": "S3_GREEDY_PROGRESS", "scene": "materials", "arm": "C", "count": 4500, "utility": 0.452744733272729, "heap_evaluations": 11012}
{"utc": "2026-10-04T23:28:53.614903+00:00", "phase": "S3_GREEDY_PROGRESS", "scene": "materials", "arm": "C", "count": 4750, "utility": 0.46679533509380716, "heap_evaluations": 11809}
{"utc": "2026-10-04T23:28:53.628530+00:00", "phase": "S3_GREEDY_PROGRESS", "scene": "materials", "arm": "C", "count": 5000, "utility": 0.4803942864801016, "heap_evaluations": 12663}
{"utc": "2026-10-04T23:28:53.641738+00:00", "phase": "S3_GREEDY_PROGRESS", "scene": "materials", "arm": "C", "count": 5250, "utility": 0.49356937102572407, "heap_evaluations": 13472}
{"utc": "2026-10-04T23:28:53.655270+00:00", "phase": "S3_GREEDY_PROGRESS", "scene": "materials", "arm": "C", "count": 5500, "utility": 0.5063451076190221, "heap_evaluations": 14336}
{"utc": "2026-10-04T23:28:53.669114+00:00", "phase": "S3_GREEDY_PROGRESS", "scene": "materials", "arm": "C", "count": 5750, "utility": 0.5187495984845341, "heap_evaluations": 15245}
{"utc": "2026-10-04T23:28:53.683138+00:00", "phase": "S3_GREEDY_PROGRESS", "scene": "materials", "arm": "C", "count": 6000, "utility": 0.5307876335987255, "heap_evaluations": 16167}
{"utc": "2026-10-04T23:28:53.697292+00:00", "phase": "S3_GREEDY_PROGRESS", "scene": "materials", "arm": "C", "count": 6250, "utility": 0.5424711135618613, "heap_evaluations": 17117}
{"utc": "2026-10-04T23:28:53.712076+00:00", "phase": "S3_GREEDY_PROGRESS", "scene": "materials", "arm": "C", "count": 6500, "utility": 0.5538129833444164, "heap_evaluations": 18111}
{"utc": "2026-10-04T23:28:53.726294+00:00", "phase": "S3_GREEDY_PROGRESS", "scene": "materials", "arm": "C", "count": 6750, "utility": 0.5648466680094425, "heap_evaluations": 19050}
{"utc": "2026-10-04T23:28:53.739955+00:00", "phase": "S3_GREEDY_PROGRESS", "scene": "materials", "arm": "C", "count": 7000, "utility": 0.575591244727848, "heap_evaluations": 19941}
{"utc": "2026-10-04T23:28:53.761371+00:00", "phase": "S3_GREEDY_COMPLETE", "scene": "materials", "arm": "C", "count": 7213, "utility": 0.584531334143059, "early_stop": false}
{"utc": "2026-10-04T23:28:53.762013+00:00", "phase": "S3_GREEDY_START", "scene": "materials", "arm": "D", "lambda_value": 0.1, "eligible": 121531, "rows": 378788, "nnz": 18323964}
{"utc": "2026-10-04T23:28:53.948968+00:00", "phase": "S3_GREEDY_PROGRESS", "scene": "materials", "arm": "D", "count": 250, "utility": 0.06436039734899245, "heap_evaluations": 331}
{"utc": "2026-10-04T23:28:53.957958+00:00", "phase": "S3_GREEDY_PROGRESS", "scene": "materials", "arm": "D", "count": 500, "utility": 0.1068197941426617, "heap_evaluations": 711}
{"utc": "2026-10-04T23:28:53.968788+00:00", "phase": "S3_GREEDY_PROGRESS", "scene": "materials", "arm": "D", "count": 750, "utility": 0.1422303983731268, "heap_evaluations": 1173}
{"utc": "2026-10-04T23:28:53.978063+00:00", "phase": "S3_GREEDY_PROGRESS", "scene": "materials", "arm": "D", "count": 1000, "utility": 0.17388384680013924, "heap_evaluations": 1616}
{"utc": "2026-10-04T23:28:53.988165+00:00", "phase": "S3_GREEDY_PROGRESS", "scene": "materials", "arm": "D", "count": 1250, "utility": 0.20238005362270728, "heap_evaluations": 2118}
{"utc": "2026-10-04T23:28:53.998413+00:00", "phase": "S3_GREEDY_PROGRESS", "scene": "materials", "arm": "D", "count": 1500, "utility": 0.22858556916568223, "heap_evaluations": 2664}
{"utc": "2026-10-04T23:28:54.009024+00:00", "phase": "S3_GREEDY_PROGRESS", "scene": "materials", "arm": "D", "count": 1750, "utility": 0.2529566612206711, "heap_evaluations": 3227}
{"utc": "2026-10-04T23:28:54.020171+00:00", "phase": "S3_GREEDY_PROGRESS", "scene": "materials", "arm": "D", "count": 2000, "utility": 0.27580962301760353, "heap_evaluations": 3829}
{"utc": "2026-10-04T23:28:54.031388+00:00", "phase": "S3_GREEDY_PROGRESS", "scene": "materials", "arm": "D", "count": 2250, "utility": 0.2972568682442058, "heap_evaluations": 4469}
{"utc": "2026-10-04T23:28:54.042993+00:00", "phase": "S3_GREEDY_PROGRESS", "scene": "materials", "arm": "D", "count": 2500, "utility": 0.3176117379369166, "heap_evaluations": 5127}
{"utc": "2026-10-04T23:28:54.054186+00:00", "phase": "S3_GREEDY_PROGRESS", "scene": "materials", "arm": "D", "count": 2750, "utility": 0.33688564871702653, "heap_evaluations": 5765}
{"utc": "2026-10-04T23:28:54.065554+00:00", "phase": "S3_GREEDY_PROGRESS", "scene": "materials", "arm": "D", "count": 3000, "utility": 0.35534564562123266, "heap_evaluations": 6448}
{"utc": "2026-10-04T23:28:54.077856+00:00", "phase": "S3_GREEDY_PROGRESS", "scene": "materials", "arm": "D", "count": 3250, "utility": 0.3729151919502064, "heap_evaluations": 7173}
{"utc": "2026-10-04T23:28:54.089734+00:00", "phase": "S3_GREEDY_PROGRESS", "scene": "materials", "arm": "D", "count": 3500, "utility": 0.3898637442899137, "heap_evaluations": 7892}
{"utc": "2026-10-04T23:28:54.102659+00:00", "phase": "S3_GREEDY_PROGRESS", "scene": "materials", "arm": "D", "count": 3750, "utility": 0.4060960652976546, "heap_evaluations": 8690}
{"utc": "2026-10-04T23:28:54.114734+00:00", "phase": "S3_GREEDY_PROGRESS", "scene": "materials", "arm": "D", "count": 4000, "utility": 0.4217000527224203, "heap_evaluations": 9411}
{"utc": "2026-10-04T23:28:54.127244+00:00", "phase": "S3_GREEDY_PROGRESS", "scene": "materials", "arm": "D", "count": 4250, "utility": 0.43680766790942405, "heap_evaluations": 10170}
{"utc": "2026-10-04T23:28:54.139649+00:00", "phase": "S3_GREEDY_PROGRESS", "scene": "materials", "arm": "D", "count": 4500, "utility": 0.4512839866006096, "heap_evaluations": 10924}
{"utc": "2026-10-04T23:28:54.152604+00:00", "phase": "S3_GREEDY_PROGRESS", "scene": "materials", "arm": "D", "count": 4750, "utility": 0.46521373605249217, "heap_evaluations": 11729}
{"utc": "2026-10-04T23:28:54.166039+00:00", "phase": "S3_GREEDY_PROGRESS", "scene": "materials", "arm": "D", "count": 5000, "utility": 0.4788376183090706, "heap_evaluations": 12566}
{"utc": "2026-10-04T23:28:54.179947+00:00", "phase": "S3_GREEDY_PROGRESS", "scene": "materials", "arm": "D", "count": 5250, "utility": 0.4919466117960457, "heap_evaluations": 13451}
{"utc": "2026-10-04T23:28:54.192855+00:00", "phase": "S3_GREEDY_PROGRESS", "scene": "materials", "arm": "D", "count": 5500, "utility": 0.5046688437343855, "heap_evaluations": 14300}
{"utc": "2026-10-04T23:28:54.206531+00:00", "phase": "S3_GREEDY_PROGRESS", "scene": "materials", "arm": "D", "count": 5750, "utility": 0.5170870790812748, "heap_evaluations": 15191}
{"utc": "2026-10-04T23:28:54.220212+00:00", "phase": "S3_GREEDY_PROGRESS", "scene": "materials", "arm": "D", "count": 6000, "utility": 0.5291040773399851, "heap_evaluations": 16115}
{"utc": "2026-10-04T23:28:54.233762+00:00", "phase": "S3_GREEDY_PROGRESS", "scene": "materials", "arm": "D", "count": 6250, "utility": 0.5407144553581649, "heap_evaluations": 17023}
{"utc": "2026-10-04T23:28:54.247619+00:00", "phase": "S3_GREEDY_PROGRESS", "scene": "materials", "arm": "D", "count": 6500, "utility": 0.5520658516385774, "heap_evaluations": 17935}
{"utc": "2026-10-04T23:28:54.261984+00:00", "phase": "S3_GREEDY_PROGRESS", "scene": "materials", "arm": "D", "count": 6750, "utility": 0.563020010996017, "heap_evaluations": 18884}
{"utc": "2026-10-04T23:28:54.276746+00:00", "phase": "S3_GREEDY_PROGRESS", "scene": "materials", "arm": "D", "count": 7000, "utility": 0.5737326154161381, "heap_evaluations": 19873}
{"utc": "2026-10-04T23:28:54.298769+00:00", "phase": "S3_GREEDY_COMPLETE", "scene": "materials", "arm": "D", "count": 7213, "utility": 0.5826810281057342, "early_stop": false}
{"utc": "2026-10-04T23:28:54.299414+00:00", "phase": "S3_GREEDY_START", "scene": "materials", "arm": "E", "lambda_value": 0.3, "eligible": 121531, "rows": 378788, "nnz": 18323964}
{"utc": "2026-10-04T23:28:54.486804+00:00", "phase": "S3_GREEDY_PROGRESS", "scene": "materials", "arm": "E", "count": 250, "utility": 0.06380720349161141, "heap_evaluations": 342}
{"utc": "2026-10-04T23:28:54.496185+00:00", "phase": "S3_GREEDY_PROGRESS", "scene": "materials", "arm": "E", "count": 500, "utility": 0.10564022879032761, "heap_evaluations": 728}
{"utc": "2026-10-04T23:28:54.505856+00:00", "phase": "S3_GREEDY_PROGRESS", "scene": "materials", "arm": "E", "count": 750, "utility": 0.14067717057902893, "heap_evaluations": 1179}
{"utc": "2026-10-04T23:28:54.514977+00:00", "phase": "S3_GREEDY_PROGRESS", "scene": "materials", "arm": "E", "count": 1000, "utility": 0.17170508219323852, "heap_evaluations": 1622}
{"utc": "2026-10-04T23:28:54.525295+00:00", "phase": "S3_GREEDY_PROGRESS", "scene": "materials", "arm": "E", "count": 1250, "utility": 0.19980043127513422, "heap_evaluations": 2154}
{"utc": "2026-10-04T23:28:54.535326+00:00", "phase": "S3_GREEDY_PROGRESS", "scene": "materials", "arm": "E", "count": 1500, "utility": 0.22535255381918826, "heap_evaluations": 2693}
{"utc": "2026-10-04T23:28:54.545986+00:00", "phase": "S3_GREEDY_PROGRESS", "scene": "materials", "arm": "E", "count": 1750, "utility": 0.24963904610211513, "heap_evaluations": 3243}
{"utc": "2026-10-04T23:28:54.556990+00:00", "phase": "S3_GREEDY_PROGRESS", "scene": "materials", "arm": "E", "count": 2000, "utility": 0.27194742593330784, "heap_evaluations": 3859}
{"utc": "2026-10-04T23:28:54.568557+00:00", "phase": "S3_GREEDY_PROGRESS", "scene": "materials", "arm": "E", "count": 2250, "utility": 0.29341139627595203, "heap_evaluations": 4498}
{"utc": "2026-10-04T23:28:54.579213+00:00", "phase": "S3_GREEDY_PROGRESS", "scene": "materials", "arm": "E", "count": 2500, "utility": 0.3132991004485515, "heap_evaluations": 5114}
{"utc": "2026-10-04T23:28:54.590254+00:00", "phase": "S3_GREEDY_PROGRESS", "scene": "materials", "arm": "E", "count": 2750, "utility": 0.3323709348831211, "heap_evaluations": 5772}
{"utc": "2026-10-04T23:28:54.601780+00:00", "phase": "S3_GREEDY_PROGRESS", "scene": "materials", "arm": "E", "count": 3000, "utility": 0.3507299299812313, "heap_evaluations": 6434}
{"utc": "2026-10-04T23:28:54.613578+00:00", "phase": "S3_GREEDY_PROGRESS", "scene": "materials", "arm": "E", "count": 3250, "utility": 0.36785782728379274, "heap_evaluations": 7171}
{"utc": "2026-10-04T23:28:54.625746+00:00", "phase": "S3_GREEDY_PROGRESS", "scene": "materials", "arm": "E", "count": 3500, "utility": 0.38476251296802627, "heap_evaluations": 7919}
{"utc": "2026-10-04T23:28:54.637647+00:00", "phase": "S3_GREEDY_PROGRESS", "scene": "materials", "arm": "E", "count": 3750, "utility": 0.4007424932497277, "heap_evaluations": 8631}
{"utc": "2026-10-04T23:28:54.649740+00:00", "phase": "S3_GREEDY_PROGRESS", "scene": "materials", "arm": "E", "count": 4000, "utility": 0.41605462318030123, "heap_evaluations": 9359}
{"utc": "2026-10-04T23:28:54.662127+00:00", "phase": "S3_GREEDY_PROGRESS", "scene": "materials", "arm": "E", "count": 4250, "utility": 0.43070859209892876, "heap_evaluations": 10099}
{"utc": "2026-10-04T23:28:54.674838+00:00", "phase": "S3_GREEDY_PROGRESS", "scene": "materials", "arm": "E", "count": 4500, "utility": 0.445107577170158, "heap_evaluations": 10890}
{"utc": "2026-10-04T23:28:54.687879+00:00", "phase": "S3_GREEDY_PROGRESS", "scene": "materials", "arm": "E", "count": 4750, "utility": 0.4589069968570546, "heap_evaluations": 11717}
{"utc": "2026-10-04T23:28:54.701111+00:00", "phase": "S3_GREEDY_PROGRESS", "scene": "materials", "arm": "E", "count": 5000, "utility": 0.4724192090608772, "heap_evaluations": 12566}
{"utc": "2026-10-04T23:28:54.713438+00:00", "phase": "S3_GREEDY_PROGRESS", "scene": "materials", "arm": "E", "count": 5250, "utility": 0.4850203901983121, "heap_evaluations": 13362}
{"utc": "2026-10-04T23:28:54.727507+00:00", "phase": "S3_GREEDY_PROGRESS", "scene": "materials", "arm": "E", "count": 5500, "utility": 0.49751717346099783, "heap_evaluations": 14299}
{"utc": "2026-10-04T23:28:54.740426+00:00", "phase": "S3_GREEDY_PROGRESS", "scene": "materials", "arm": "E", "count": 5750, "utility": 0.5095831804637689, "heap_evaluations": 15159}
{"utc": "2026-10-04T23:28:54.753464+00:00", "phase": "S3_GREEDY_PROGRESS", "scene": "materials", "arm": "E", "count": 6000, "utility": 0.5213292603741437, "heap_evaluations": 16017}
{"utc": "2026-10-04T23:28:54.766946+00:00", "phase": "S3_GREEDY_PROGRESS", "scene": "materials", "arm": "E", "count": 6250, "utility": 0.5325865397030292, "heap_evaluations": 16903}
{"utc": "2026-10-04T23:28:54.781627+00:00", "phase": "S3_GREEDY_PROGRESS", "scene": "materials", "arm": "E", "count": 6500, "utility": 0.5437778639159425, "heap_evaluations": 17894}
{"utc": "2026-10-04T23:28:54.795548+00:00", "phase": "S3_GREEDY_PROGRESS", "scene": "materials", "arm": "E", "count": 6750, "utility": 0.5547080681176788, "heap_evaluations": 18829}
{"utc": "2026-10-04T23:28:54.810633+00:00", "phase": "S3_GREEDY_PROGRESS", "scene": "materials", "arm": "E", "count": 7000, "utility": 0.565390325532538, "heap_evaluations": 19832}
{"utc": "2026-10-04T23:28:54.832888+00:00", "phase": "S3_GREEDY_COMPLETE", "scene": "materials", "arm": "E", "count": 7213, "utility": 0.5740791993954228, "early_stop": false}
{"utc": "2026-10-04T23:28:58.050876+00:00", "phase": "S3_SCENE_SEALED", "scene": "materials", "counts": {"A": 7213, "B": 7213, "C": 7213, "D": 7213, "E": 7213}, "coverage_match": {"A": 2164, "B": 898, "C": 244, "D": 244, "E": 247}}
{"utc": "2026-10-04T23:28:58.058246+00:00", "phase": "S3_ALL_F_SEALED", "seal_sha256": "b7631663af02cab5bae65cdbc93909dda30eaa89278aa0cb98ce6f3bf5cf182d"}
