{"utc": "2026-10-04T23:30:35.435175+00:00", "phase": "READ", "scene": "mic", "key": "F_001", "stage": "S4_NATIVE_EVALUATION", "raw_sha256": "b067048ab8a9f2f8c59b1d6094cbe5d10cad478a9fffec4da3300e3436b137d5", "camera_hash": "5b872d066c5970d9dc58180074fc3aed38abfd38c359c326005b8740e2b30a4c"}
{"utc": "2026-10-04T23:30:35.557800+00:00", "phase": "S4_RENDER", "scene": "mic", "key": "F_001", "fields": 20}
{"utc": "2026-10-04T23:30:46.224684+00:00", "phase": "S4_POSE_COMPLETE", "scene": "mic", "key": "F_001", "field_count": 19, "allones_error": 7.748603820800781e-07}
{"utc": "2026-10-04T23:30:46.240455+00:00", "phase": "READ", "scene": "mic", "key": "F_014", "stage": "S4_NATIVE_EVALUATION", "raw_sha256": "8910ac3f77eca3176e9e219176908b5feab5e32378d6a0978eb2960a74b0f2b5", "camera_hash": "8899025ef84e9161d912477398edaaf9bdc97e36a0414b31af8acd0c030c840c"}
{"utc": "2026-10-04T23:30:46.346010+00:00", "phase": "S4_RENDER", "scene": "mic", "key": "F_014", "fields": 20}
{"utc": "2026-10-04T23:30:55.234521+00:00", "phase": "S4_POSE_COMPLETE", "scene": "mic", "key": "F_014", "field_count": 19, "allones_error": 8.940696716308594e-07}
{"utc": "2026-10-04T23:30:55.253266+00:00", "phase": "READ", "scene": "mic", "key": "F_027", "stage": "S4_NATIVE_EVALUATION", "raw_sha256": "b4253d36c75689dd2fc1b66c7232a3f940aa3499aceee75d6f99d14c4d3f54c3", "camera_hash": "8dc2537cf096fc2fe0c16b026af2a877ad9903afd6f480b3b7503c838e6591a6"}
{"utc": "2026-10-04T23:30:55.359697+00:00", "phase": "S4_RENDER", "scene": "mic", "key": "F_027", "fields": 20}
{"utc": "2026-10-04T23:31:04.139511+00:00", "phase": "S4_POSE_COMPLETE", "scene": "mic", "key": "F_027", "field_count": 19, "allones_error": 8.940696716308594e-07}
{"utc": "2026-10-04T23:31:04.156510+00:00", "phase": "READ", "scene": "mic", "key": "F_041", "stage": "S4_NATIVE_EVALUATION", "raw_sha256": "ec9467cee25ee6e745abc13b283030a651ea8cc8d1ae9199815b6b9ecb86bf29", "camera_hash": "6cbae4f0e2f9f5e0487fbd725533655bd9e8e949bcfaa851572e458aa91180c4"}
{"utc": "2026-10-04T23:31:04.262336+00:00", "phase": "S4_RENDER", "scene": "mic", "key": "F_041", "fields": 20}
{"utc": "2026-10-04T23:31:13.431307+00:00", "phase": "S4_POSE_COMPLETE", "scene": "mic", "key": "F_041", "field_count": 19, "allones_error": 8.940696716308594e-07}
{"utc": "2026-10-04T23:31:13.448877+00:00", "phase": "READ", "scene": "mic", "key": "F_053", "stage": "S4_NATIVE_EVALUATION", "raw_sha256": "973d2923d3dd9232806bde0e78ecfc0646b41bd9bda0f0329e77e7640b4cfae2", "camera_hash": "a73bb88bae14c4da750799d91fc990e2a070c8fe8ff63cecff65cb0cc82f221b"}
{"utc": "2026-10-04T23:31:13.555787+00:00", "phase": "S4_RENDER", "scene": "mic", "key": "F_053", "fields": 20}
{"utc": "2026-10-04T23:31:22.448949+00:00", "phase": "S4_POSE_COMPLETE", "scene": "mic", "key": "F_053", "field_count": 19, "allones_error": 7.152557373046875e-07}
{"utc": "2026-10-04T23:31:22.468067+00:00", "phase": "READ", "scene": "mic", "key": "F_067", "stage": "S4_NATIVE_EVALUATION", "raw_sha256": "4eba3b1936fd87b962080adfbcb51e3a289f97db0ab508727444693ef4a28431", "camera_hash": "66947f76f5d2d41b18f1a121ce58e766f76030971b543b28644dd2e25f214fee"}
{"utc": "2026-10-04T23:31:22.581622+00:00", "phase": "S4_RENDER", "scene": "mic", "key": "F_067", "fields": 20}
{"utc": "2026-10-04T23:31:31.397146+00:00", "phase": "S4_POSE_COMPLETE", "scene": "mic", "key": "F_067", "field_count": 19, "allones_error": 8.344650268554688e-07}
{"utc": "2026-10-04T23:31:31.413876+00:00", "phase": "READ", "scene": "mic", "key": "F_079", "stage": "S4_NATIVE_EVALUATION", "raw_sha256": "09080ccb1d5c7c46fb16a534aaad9fcb38057e6f6341f72d26948b185b249c1d", "camera_hash": "805c88c716b8bcb5d703331bb860d729eacd1be0bc72debe8bb9baacb8f5841b"}
{"utc": "2026-10-04T23:31:31.519278+00:00", "phase": "S4_RENDER", "scene": "mic", "key": "F_079", "fields": 20}
{"utc": "2026-10-04T23:31:40.438341+00:00", "phase": "S4_POSE_COMPLETE", "scene": "mic", "key": "F_079", "field_count": 19, "allones_error": 8.344650268554688e-07}
{"utc": "2026-10-04T23:31:40.456139+00:00", "phase": "READ", "scene": "mic", "key": "F_093", "stage": "S4_NATIVE_EVALUATION", "raw_sha256": "20de61299147ca78560dfa7db8ef560795e09b284ca1fca2e5efd969f13a92cb", "camera_hash": "8eeffc49b214291aa7c804613b8bda4467e5d6dc6ba3fa6ee5e3fa9c527d46ff"}
{"utc": "2026-10-04T23:31:40.566759+00:00", "phase": "S4_RENDER", "scene": "mic", "key": "F_093", "fields": 20}
{"utc": "2026-10-04T23:31:49.080657+00:00", "phase": "S4_POSE_COMPLETE", "scene": "mic", "key": "F_093", "field_count": 19, "allones_error": 7.748603820800781e-07}
{"utc": "2026-10-04T23:31:49.320516+00:00", "phase": "READ", "scene": "mic", "key": "C_007", "stage": "S4_NATIVE_EVALUATION", "raw_sha256": "3c7094f171b73bd5fd8ed76b921b89247e4f5e6be16490845f595ae2fd9c3cb9", "camera_hash": "03e4e437f82d4c3d185b9e32f3a7d7b2078dfe6ce853c911e6d9b86eee1f9eb3"}
{"utc": "2026-10-04T23:31:49.429923+00:00", "phase": "S4_RENDER", "scene": "mic", "key": "C_007", "fields": 20}
{"utc": "2026-10-04T23:32:00.117433+00:00", "phase": "S4_POSE_COMPLETE", "scene": "mic", "key": "C_007", "field_count": 19, "allones_error": 9.5367431640625e-07}
{"utc": "2026-10-04T23:32:00.325701+00:00", "phase": "READ", "scene": "mic", "key": "C_021", "stage": "S4_NATIVE_EVALUATION", "raw_sha256": "9b4625d927a0634462cffe60fc58b3eaaa7868a44c0d72e008ab43f375fcfc0d", "camera_hash": "8a25fd8e292cd14cb99377d9a5e464f7b40bc1572ecbc5d86286508d9c4b8d50"}
{"utc": "2026-10-04T23:32:00.443415+00:00", "phase": "S4_RENDER", "scene": "mic", "key": "C_021", "fields": 20}
{"utc": "2026-10-04T23:32:11.489034+00:00", "phase": "S4_POSE_COMPLETE", "scene": "mic", "key": "C_021", "field_count": 19, "allones_error": 7.748603820800781e-07}
{"utc": "2026-10-04T23:32:11.704202+00:00", "phase": "READ", "scene": "mic", "key": "C_033", "stage": "S4_NATIVE_EVALUATION", "raw_sha256": "53ad19c42a9ddf9e4432f051acfca2f3413ca590d57b7c7c3e74a6e8da81305d", "camera_hash": "9ee016afc4cc41ad46eac65cd1d397ccbd880856698cb8b103551254ad518cdd"}
{"utc": "2026-10-04T23:32:11.823198+00:00", "phase": "S4_RENDER", "scene": "mic", "key": "C_033", "fields": 20}
{"utc": "2026-10-04T23:32:22.917646+00:00", "phase": "S4_POSE_COMPLETE", "scene": "mic", "key": "C_033", "field_count": 19, "allones_error": 7.152557373046875e-07}
{"utc": "2026-10-04T23:32:23.140944+00:00", "phase": "READ", "scene": "mic", "key": "C_047", "stage": "S4_NATIVE_EVALUATION", "raw_sha256": "f04e7a9e2f1b63e82daee4f3cb0a9c72759960b5f709a0d25ef160c96943559b", "camera_hash": "011508518e3aba667d54e1a491bc24374bdee256ef15ebeb7db3d95cae046e4b"}
{"utc": "2026-10-04T23:32:23.258452+00:00", "phase": "S4_RENDER", "scene": "mic", "key": "C_047", "fields": 20}
{"utc": "2026-10-04T23:32:34.484954+00:00", "phase": "S4_POSE_COMPLETE", "scene": "mic", "key": "C_047", "field_count": 19, "allones_error": 8.344650268554688e-07}
{"utc": "2026-10-04T23:32:34.698036+00:00", "phase": "READ", "scene": "mic", "key": "C_059", "stage": "S4_NATIVE_EVALUATION", "raw_sha256": "03811abd22d9a20bbfab43a1b2eb145016a25653c4a10c3e1b9595547f74a299", "camera_hash": "cbd3ead7d3979fce2bf4307291e6bce3012fb8b6a26fe3fb39ceda966ed44269"}
{"utc": "2026-10-04T23:32:34.812352+00:00", "phase": "S4_RENDER", "scene": "mic", "key": "C_059", "fields": 20}
{"utc": "2026-10-04T23:32:46.180064+00:00", "phase": "S4_POSE_COMPLETE", "scene": "mic", "key": "C_059", "field_count": 19, "allones_error": 8.344650268554688e-07}
{"utc": "2026-10-04T23:32:46.379599+00:00", "phase": "READ", "scene": "mic", "key": "C_073", "stage": "S4_NATIVE_EVALUATION", "raw_sha256": "3d7850b1e8c601c93a4fc2e9fe6205fdd14e95e174281204ddb6af3eba9d733f", "camera_hash": "bba9f3d32f377de8d3f24473ca9c6c4b4daf65c9cd495f17c576411b16a775f8"}
{"utc": "2026-10-04T23:32:46.497598+00:00", "phase": "S4_RENDER", "scene": "mic", "key": "C_073", "fields": 20}
{"utc": "2026-10-04T23:32:57.781408+00:00", "phase": "S4_POSE_COMPLETE", "scene": "mic", "key": "C_073", "field_count": 19, "allones_error": 8.940696716308594e-07}
{"utc": "2026-10-04T23:32:57.969223+00:00", "phase": "READ", "scene": "mic", "key": "C_086", "stage": "S4_NATIVE_EVALUATION", "raw_sha256": "d2bf615d8bf0d19ae028fd13c11e78be6d3eca16a13606066c8970e9163aea15", "camera_hash": "9e4bbcb0be6aadfdbaf93963f49ffdedd44fd0870e528b570508649b8c61674f"}
{"utc": "2026-10-04T23:32:58.077001+00:00", "phase": "S4_RENDER", "scene": "mic", "key": "C_086", "fields": 20}
{"utc": "2026-10-04T23:33:09.438071+00:00", "phase": "S4_POSE_COMPLETE", "scene": "mic", "key": "C_086", "field_count": 19, "allones_error": 8.344650268554688e-07}
{"utc": "2026-10-04T23:33:09.640162+00:00", "phase": "READ", "scene": "mic", "key": "C_099", "stage": "S4_NATIVE_EVALUATION", "raw_sha256": "477f4f34686eea939df981e79b615ab1b2002003663d8a088a5bb02913e59a49", "camera_hash": "05bdaf56d7f40bbd9b1534647ae73958f9bb98d3e485ff3608a2b97c4f165a9d"}
{"utc": "2026-10-04T23:33:09.751844+00:00", "phase": "S4_RENDER", "scene": "mic", "key": "C_099", "fields": 20}
{"utc": "2026-10-04T23:33:20.894672+00:00", "phase": "S4_POSE_COMPLETE", "scene": "mic", "key": "C_099", "field_count": 19, "allones_error": 9.5367431640625e-07}
{"utc": "2026-10-04T23:33:21.094439+00:00", "phase": "READ", "scene": "mic", "key": "arc0_000", "stage": "S4_NATIVE_EVALUATION", "raw_sha256": "31cb673dc93f31dd945c2fc4b41372ba7fe8cf7f067ae982da45a093c9611901", "camera_hash": "241a8f67c5628d53b78be3ef15c332f202213611679f7323d007425b15f042e7"}
{"utc": "2026-10-04T23:33:21.197284+00:00", "phase": "S4_RENDER", "scene": "mic", "key": "arc0_000", "fields": 6}
{"utc": "2026-10-04T23:33:26.399305+00:00", "phase": "S4_POSE_COMPLETE", "scene": "mic", "key": "arc0_000", "field_count": 5, "allones_error": 8.940696716308594e-07}
{"utc": "2026-10-04T23:33:26.591630+00:00", "phase": "READ", "scene": "mic", "key": "arc0_001", "stage": "S4_NATIVE_EVALUATION", "raw_sha256": "865cf3315fead7360441f9575ce32dc9f1b37e5b065c086902a9ac26ec5210d1", "camera_hash": "cc1147784ffa4bfd7597a3cb9b9987d967abf5ba0e91d844c30f34bad6673a60"}
{"utc": "2026-10-04T23:33:26.701746+00:00", "phase": "S4_RENDER", "scene": "mic", "key": "arc0_001", "fields": 6}
{"utc": "2026-10-04T23:33:31.815969+00:00", "phase": "S4_POSE_COMPLETE", "scene": "mic", "key": "arc0_001", "field_count": 5, "allones_error": 8.344650268554688e-07}
{"utc": "2026-10-04T23:33:32.001764+00:00", "phase": "READ", "scene": "mic", "key": "arc0_002", "stage": "S4_NATIVE_EVALUATION", "raw_sha256": "a219a38b5e198844cb5a7d08ffba72e4f0d337305031b83f34742b120c37eb63", "camera_hash": "d68a77b3b8caf6d6168cee13d6839ee7f9fbc78b0bb2a7f27584e99d3642c698"}
{"utc": "2026-10-04T23:33:32.105951+00:00", "phase": "S4_RENDER", "scene": "mic", "key": "arc0_002", "fields": 6}
{"utc": "2026-10-04T23:33:37.205363+00:00", "phase": "S4_POSE_COMPLETE", "scene": "mic", "key": "arc0_002", "field_count": 5, "allones_error": 9.5367431640625e-07}
{"utc": "2026-10-04T23:33:37.400466+00:00", "phase": "READ", "scene": "mic", "key": "arc0_003", "stage": "S4_NATIVE_EVALUATION", "raw_sha256": "3234ddd43e362fb70b0249153be9ec4457aabdbff1cdeabf1a125eccc3053068", "camera_hash": "40cfef62bfc1700f7db4693500bc30b18fdb2eaf06455233ac7e9febe1e4478b"}
{"utc": "2026-10-04T23:33:37.506872+00:00", "phase": "S4_RENDER", "scene": "mic", "key": "arc0_003", "fields": 6}
{"utc": "2026-10-04T23:33:42.643297+00:00", "phase": "S4_POSE_COMPLETE", "scene": "mic", "key": "arc0_003", "field_count": 5, "allones_error": 8.940696716308594e-07}
{"utc": "2026-10-04T23:33:42.818538+00:00", "phase": "READ", "scene": "mic", "key": "arc0_004", "stage": "S4_NATIVE_EVALUATION", "raw_sha256": "7d4279cb4eaa44ec927ccc6d624aafa52c99886b8f0ce62d58504a960a255f73", "camera_hash": "a7f681abf8536f7e2540d061b7ea5ab458fca4d101ac2e44cfaac6ab5fa7ed32"}
{"utc": "2026-10-04T23:33:42.920215+00:00", "phase": "S4_RENDER", "scene": "mic", "key": "arc0_004", "fields": 6}
{"utc": "2026-10-04T23:33:47.997235+00:00", "phase": "S4_POSE_COMPLETE", "scene": "mic", "key": "arc0_004", "field_count": 5, "allones_error": 8.940696716308594e-07}
{"utc": "2026-10-04T23:33:48.171842+00:00", "phase": "READ", "scene": "mic", "key": "arc0_005", "stage": "S4_NATIVE_EVALUATION", "raw_sha256": "4f813fefb7654ceea39f89a42384a54cb4e87219469c3ac08796033317b075ed", "camera_hash": "b4e15c539cde5425a696c07ec497401c2a01c5f78a7b9d4ea7418190aaa3d596"}
{"utc": "2026-10-04T23:33:48.274052+00:00", "phase": "S4_RENDER", "scene": "mic", "key": "arc0_005", "fields": 6}
{"utc": "2026-10-04T23:33:53.209161+00:00", "phase": "S4_POSE_COMPLETE", "scene": "mic", "key": "arc0_005", "field_count": 5, "allones_error": 8.940696716308594e-07}
{"utc": "2026-10-04T23:33:53.397082+00:00", "phase": "READ", "scene": "mic", "key": "arc0_006", "stage": "S4_NATIVE_EVALUATION", "raw_sha256": "8cc782e68d8452338e79f6809713327d8a0ef7e83302257220ae44950ac5893f", "camera_hash": "bbde144cfb8489d1695e0ee397eadd2bcc064fdcbf3cc951c9d4dc2e85140c9f"}
{"utc": "2026-10-04T23:33:53.499732+00:00", "phase": "S4_RENDER", "scene": "mic", "key": "arc0_006", "fields": 6}
{"utc": "2026-10-04T23:33:58.379616+00:00", "phase": "S4_POSE_COMPLETE", "scene": "mic", "key": "arc0_006", "field_count": 5, "allones_error": 1.0728836059570312e-06}
{"utc": "2026-10-04T23:33:58.571753+00:00", "phase": "READ", "scene": "mic", "key": "arc0_007", "stage": "S4_NATIVE_EVALUATION", "raw_sha256": "adc3166a1a8dbe1a2c36acbc739ebe9bd829088d72a5f7ac2b1dd8c20fceb9fd", "camera_hash": "521994d64faf9170376e55cea6fd096ccce1c62f9091f58f69ee4ff9562d184e"}
{"utc": "2026-10-04T23:33:58.676488+00:00", "phase": "S4_RENDER", "scene": "mic", "key": "arc0_007", "fields": 6}
{"utc": "2026-10-04T23:34:03.758404+00:00", "phase": "S4_POSE_COMPLETE", "scene": "mic", "key": "arc0_007", "field_count": 5, "allones_error": 8.344650268554688e-07}
{"utc": "2026-10-04T23:34:03.964381+00:00", "phase": "READ", "scene": "mic", "key": "arc0_008", "stage": "S4_NATIVE_EVALUATION", "raw_sha256": "880c50b9c964639e3cca62453677c343c13055bc7648b6c6d6248d17d6ad67fe", "camera_hash": "79010b1531a7caa93199cc57ada9e8eb22315c35da3a63870c3850a7ae20ec5c"}
{"utc": "2026-10-04T23:34:04.072328+00:00", "phase": "S4_RENDER", "scene": "mic", "key": "arc0_008", "fields": 6}
{"utc": "2026-10-04T23:34:09.180253+00:00", "phase": "S4_POSE_COMPLETE", "scene": "mic", "key": "arc0_008", "field_count": 5, "allones_error": 7.748603820800781e-07}
{"utc": "2026-10-04T23:34:09.392599+00:00", "phase": "READ", "scene": "mic", "key": "arc0_009", "stage": "S4_NATIVE_EVALUATION", "raw_sha256": "651a9ef5ec9621c5d938f810b7c6e9b66135acccdba18f0418146fad5b4f5caf", "camera_hash": "974e62ed1f80b88bfba7063877e245516f1e386a1b0ae99e7d4429fc93b0f948"}
{"utc": "2026-10-04T23:34:09.505663+00:00", "phase": "S4_RENDER", "scene": "mic", "key": "arc0_009", "fields": 6}
{"utc": "2026-10-04T23:34:14.589511+00:00", "phase": "S4_POSE_COMPLETE", "scene": "mic", "key": "arc0_009", "field_count": 5, "allones_error": 7.748603820800781e-07}
{"utc": "2026-10-04T23:34:14.814028+00:00", "phase": "READ", "scene": "mic", "key": "arc0_010", "stage": "S4_NATIVE_EVALUATION", "raw_sha256": "ba434f4f0055d3b01cf74a3ea611bd4bd70fdc03aad042000e9fee0e973eca24", "camera_hash": "4c2c84c3e191be1ba0dc7aaaa391084212771802b7fc36d2445ccf732ffa0d55"}
{"utc": "2026-10-04T23:34:14.930313+00:00", "phase": "S4_RENDER", "scene": "mic", "key": "arc0_010", "fields": 6}
{"utc": "2026-10-04T23:34:20.104944+00:00", "phase": "S4_POSE_COMPLETE", "scene": "mic", "key": "arc0_010", "field_count": 5, "allones_error": 8.940696716308594e-07}
{"utc": "2026-10-04T23:34:20.315021+00:00", "phase": "READ", "scene": "mic", "key": "arc0_011", "stage": "S4_NATIVE_EVALUATION", "raw_sha256": "8eb1417e5909b1bf4842e8d7c0374c418ddf75ed507a18b4f481e9291e33422e", "camera_hash": "c987e142c5956ddc2e0bb7e45d3588aa5f9e02aab81ada77cb83b533f6a0bba7"}
{"utc": "2026-10-04T23:34:20.423787+00:00", "phase": "S4_RENDER", "scene": "mic", "key": "arc0_011", "fields": 6}
{"utc": "2026-10-04T23:34:25.591502+00:00", "phase": "S4_POSE_COMPLETE", "scene": "mic", "key": "arc0_011", "field_count": 5, "allones_error": 7.748603820800781e-07}
{"utc": "2026-10-04T23:34:25.808154+00:00", "phase": "READ", "scene": "mic", "key": "arc0_012", "stage": "S4_NATIVE_EVALUATION", "raw_sha256": "8e12a70f62e5f4fa8619139aeae6628b33f210bc9a3e023cab67d167f66dd757", "camera_hash": "07d62fb5ead179f8dc77a464061d7c6d20f18c84449b65500a85e8fe5cb9c14d"}
{"utc": "2026-10-04T23:34:25.924395+00:00", "phase": "S4_RENDER", "scene": "mic", "key": "arc0_012", "fields": 6}
{"utc": "2026-10-04T23:34:31.163580+00:00", "phase": "S4_POSE_COMPLETE", "scene": "mic", "key": "arc0_012", "field_count": 5, "allones_error": 7.748603820800781e-07}
{"utc": "2026-10-04T23:34:31.373992+00:00", "phase": "READ", "scene": "mic", "key": "arc0_013", "stage": "S4_NATIVE_EVALUATION", "raw_sha256": "def60bd61e9f597cdab609b18f489836703e2577a852ba38a7e9b1674e569c2b", "camera_hash": "645c6edaa1540e417dc00275755c7eb95300912a43c980bc3f2ee3e444a81920"}
{"utc": "2026-10-04T23:34:31.488891+00:00", "phase": "S4_RENDER", "scene": "mic", "key": "arc0_013", "fields": 6}
{"utc": "2026-10-04T23:34:36.839894+00:00", "phase": "S4_POSE_COMPLETE", "scene": "mic", "key": "arc0_013", "field_count": 5, "allones_error": 8.940696716308594e-07}
{"utc": "2026-10-04T23:34:37.064890+00:00", "phase": "READ", "scene": "mic", "key": "arc0_014", "stage": "S4_NATIVE_EVALUATION", "raw_sha256": "aaff549ecfea486f7a4d9cf5c714c6c50afc100ba87a21accf6aa4f33cd2a180", "camera_hash": "dace1122dc7a200a0b20300d191212f2f358483ae54a6d4d0d54294983233143"}
{"utc": "2026-10-04T23:34:37.183154+00:00", "phase": "S4_RENDER", "scene": "mic", "key": "arc0_014", "fields": 6}
{"utc": "2026-10-04T23:34:42.400381+00:00", "phase": "S4_POSE_COMPLETE", "scene": "mic", "key": "arc0_014", "field_count": 5, "allones_error": 7.152557373046875e-07}
{"utc": "2026-10-04T23:34:42.616618+00:00", "phase": "READ", "scene": "mic", "key": "arc0_015", "stage": "S4_NATIVE_EVALUATION", "raw_sha256": "9dc712af327a144fb0f6a7a1aed7232a4aee8e9641ce1f3af787ab84bb6db985", "camera_hash": "0adad9f7557915df194715ecebfda39744b6e8e060eeb9c06407c8d3fea06c67"}
{"utc": "2026-10-04T23:34:42.735714+00:00", "phase": "S4_RENDER", "scene": "mic", "key": "arc0_015", "fields": 6}
{"utc": "2026-10-04T23:34:47.831518+00:00", "phase": "S4_POSE_COMPLETE", "scene": "mic", "key": "arc0_015", "field_count": 5, "allones_error": 8.344650268554688e-07}
{"utc": "2026-10-04T23:34:48.033420+00:00", "phase": "READ", "scene": "mic", "key": "arc0_016", "stage": "S4_NATIVE_EVALUATION", "raw_sha256": "d48695034f096d7ec2de8cfc7946d9a8bcdc97c4eb8fdf60c7e7eddba007638d", "camera_hash": "2e5935fd3414139a35b463b607df8348e8d4cadf727934d9925aa8b1f5f524f7"}
{"utc": "2026-10-04T23:34:48.141566+00:00", "phase": "S4_RENDER", "scene": "mic", "key": "arc0_016", "fields": 6}
{"utc": "2026-10-04T23:34:53.295102+00:00", "phase": "S4_POSE_COMPLETE", "scene": "mic", "key": "arc0_016", "field_count": 5, "allones_error": 7.748603820800781e-07}
{"utc": "2026-10-04T23:34:53.512395+00:00", "phase": "READ", "scene": "mic", "key": "arc0_017", "stage": "S4_NATIVE_EVALUATION", "raw_sha256": "5625427f640b2b8bcede999511a581160a263432cc6bd753ce50e5b8dd7e67b8", "camera_hash": "a28eef2d924009eb0659fa5c0b3bac1974984f0d129a21fca131e2ff8b94d64b"}
{"utc": "2026-10-04T23:34:53.626178+00:00", "phase": "S4_RENDER", "scene": "mic", "key": "arc0_017", "fields": 6}
{"utc": "2026-10-04T23:34:58.798707+00:00", "phase": "S4_POSE_COMPLETE", "scene": "mic", "key": "arc0_017", "field_count": 5, "allones_error": 8.940696716308594e-07}
{"utc": "2026-10-04T23:34:59.023852+00:00", "phase": "READ", "scene": "mic", "key": "arc0_018", "stage": "S4_NATIVE_EVALUATION", "raw_sha256": "83796acb4b394d645871094a1e0c9a4a75c51f04f08a0609650798c5cd5a748e", "camera_hash": "f496bd72787aed0b6d9ffab67b5efd2ad21af394d0cf5fe2ddefc4eb81a7a073"}
{"utc": "2026-10-04T23:34:59.139286+00:00", "phase": "S4_RENDER", "scene": "mic", "key": "arc0_018", "fields": 6}
{"utc": "2026-10-04T23:35:04.307020+00:00", "phase": "S4_POSE_COMPLETE", "scene": "mic", "key": "arc0_018", "field_count": 5, "allones_error": 7.748603820800781e-07}
{"utc": "2026-10-04T23:35:04.523184+00:00", "phase": "READ", "scene": "mic", "key": "arc0_019", "stage": "S4_NATIVE_EVALUATION", "raw_sha256": "8236629364e4074dc6553feab548ad7e3fdd1a389a2ad2fe0c283cfeeb3029fd", "camera_hash": "c332de28432e3e4debb5529d07159a88ac8194cde1cfdf61a4a12873984294d3"}
{"utc": "2026-10-04T23:35:04.637258+00:00", "phase": "S4_RENDER", "scene": "mic", "key": "arc0_019", "fields": 6}
{"utc": "2026-10-04T23:35:09.779846+00:00", "phase": "S4_POSE_COMPLETE", "scene": "mic", "key": "arc0_019", "field_count": 5, "allones_error": 8.940696716308594e-07}
{"utc": "2026-10-04T23:35:10.008189+00:00", "phase": "READ", "scene": "mic", "key": "arc0_020", "stage": "S4_NATIVE_EVALUATION", "raw_sha256": "e4787f44b41503dd5fcc1306a6db948a187eda8d2507f5aa7d17b2e7c4760341", "camera_hash": "8c0668440ee81859e2529b47b0b2ce18475e701cf7ef2b2d3fdd66599b70a370"}
{"utc": "2026-10-04T23:35:10.135088+00:00", "phase": "S4_RENDER", "scene": "mic", "key": "arc0_020", "fields": 6}
{"utc": "2026-10-04T23:35:15.371439+00:00", "phase": "S4_POSE_COMPLETE", "scene": "mic", "key": "arc0_020", "field_count": 5, "allones_error": 8.344650268554688e-07}
{"utc": "2026-10-04T23:35:15.584607+00:00", "phase": "READ", "scene": "mic", "key": "arc0_021", "stage": "S4_NATIVE_EVALUATION", "raw_sha256": "f5873673e105a1d807119bd63f25948c55e94896cdeca150b01a58a585509850", "camera_hash": "bc29e68f824bb931d45e45d25313f73ff81e6140cdcd7a5f605301fd6b0dac95"}
{"utc": "2026-10-04T23:35:15.697219+00:00", "phase": "S4_RENDER", "scene": "mic", "key": "arc0_021", "fields": 6}
{"utc": "2026-10-04T23:35:20.862084+00:00", "phase": "S4_POSE_COMPLETE", "scene": "mic", "key": "arc0_021", "field_count": 5, "allones_error": 8.344650268554688e-07}
{"utc": "2026-10-04T23:35:21.087680+00:00", "phase": "READ", "scene": "mic", "key": "arc0_022", "stage": "S4_NATIVE_EVALUATION", "raw_sha256": "ec7867c31d3bc66dfa001d5bd1374913dc9ce9bb1e26e8763eec62d82afa3f4b", "camera_hash": "363fac4c9fc7a9b9ea59bc4cbcfc5feb76c0c908f39e3761cc03bcb2979dc741"}
{"utc": "2026-10-04T23:35:21.203523+00:00", "phase": "S4_RENDER", "scene": "mic", "key": "arc0_022", "fields": 6}
{"utc": "2026-10-04T23:35:26.390855+00:00", "phase": "S4_POSE_COMPLETE", "scene": "mic", "key": "arc0_022", "field_count": 5, "allones_error": 8.940696716308594e-07}
{"utc": "2026-10-04T23:35:26.603338+00:00", "phase": "READ", "scene": "mic", "key": "arc0_023", "stage": "S4_NATIVE_EVALUATION", "raw_sha256": "b6d61d95d24348e23cefd88c4559a1f408d4b86e123829a705b9a292ce4fe635", "camera_hash": "7fd7d85b4235ebe75251dc9a882a9e3416473b9445a5bc545e26e896b528bec0"}
{"utc": "2026-10-04T23:35:26.715871+00:00", "phase": "S4_RENDER", "scene": "mic", "key": "arc0_023", "fields": 6}
{"utc": "2026-10-04T23:35:31.823504+00:00", "phase": "S4_POSE_COMPLETE", "scene": "mic", "key": "arc0_023", "field_count": 5, "allones_error": 6.556510925292969e-07}
{"utc": "2026-10-04T23:35:32.051885+00:00", "phase": "READ", "scene": "mic", "key": "arc0_024", "stage": "S4_NATIVE_EVALUATION", "raw_sha256": "59c45398e0978f7f4196d388d2d7a48959f1812a7e814c5e0f6064b1558d162f", "camera_hash": "99f767a225b043ab8d636fd710747fd5f4c7c16c4690bdb7a5be9d0f6a54a37f"}
{"utc": "2026-10-04T23:35:32.169002+00:00", "phase": "S4_RENDER", "scene": "mic", "key": "arc0_024", "fields": 6}
{"utc": "2026-10-04T23:35:37.299321+00:00", "phase": "S4_POSE_COMPLETE", "scene": "mic", "key": "arc0_024", "field_count": 5, "allones_error": 8.344650268554688e-07}
{"utc": "2026-10-04T23:35:37.514129+00:00", "phase": "READ", "scene": "mic", "key": "arc0_025", "stage": "S4_NATIVE_EVALUATION", "raw_sha256": "0c963563f6f5d31a887fc97c888312fc3e9258146a3e7f724242f6202d05e6f6", "camera_hash": "d50fc9570d1b7c30cc4b901f0f5c4769be7ded2d1ba79899bdc0bc4cfb2af3ae"}
{"utc": "2026-10-04T23:35:37.627291+00:00", "phase": "S4_RENDER", "scene": "mic", "key": "arc0_025", "fields": 6}
{"utc": "2026-10-04T23:35:42.730604+00:00", "phase": "S4_POSE_COMPLETE", "scene": "mic", "key": "arc0_025", "field_count": 5, "allones_error": 9.5367431640625e-07}
{"utc": "2026-10-04T23:35:42.976449+00:00", "phase": "READ", "scene": "mic", "key": "arc0_026", "stage": "S4_NATIVE_EVALUATION", "raw_sha256": "08ece3bc258aa2a7768293130e53d2a68ba021f38b0315be663dfb412cffe75d", "camera_hash": "1a53eb879dd4641cb8b05865bcc524bb421186423aac41b70d66b30cdff8e1d2"}
{"utc": "2026-10-04T23:35:43.098253+00:00", "phase": "S4_RENDER", "scene": "mic", "key": "arc0_026", "fields": 6}
{"utc": "2026-10-04T23:35:48.266520+00:00", "phase": "S4_POSE_COMPLETE", "scene": "mic", "key": "arc0_026", "field_count": 5, "allones_error": 7.748603820800781e-07}
{"utc": "2026-10-04T23:35:48.479143+00:00", "phase": "READ", "scene": "mic", "key": "arc0_027", "stage": "S4_NATIVE_EVALUATION", "raw_sha256": "20711867efbd899e777250acfef4ce986e3f97afbf4c71bb2dccf2da96d2980e", "camera_hash": "69877bfc4d0a91f3487d8a88b2f2c7b920fc1d3391f8091f11a2eecc9f397b49"}
{"utc": "2026-10-04T23:35:48.591675+00:00", "phase": "S4_RENDER", "scene": "mic", "key": "arc0_027", "fields": 6}
{"utc": "2026-10-04T23:35:53.708077+00:00", "phase": "S4_POSE_COMPLETE", "scene": "mic", "key": "arc0_027", "field_count": 5, "allones_error": 7.152557373046875e-07}
{"utc": "2026-10-04T23:35:53.934080+00:00", "phase": "READ", "scene": "mic", "key": "arc0_028", "stage": "S4_NATIVE_EVALUATION", "raw_sha256": "aee50eb1fb8437dda1ffed61db49e972eb63744253986b661224b2de71adf96a", "camera_hash": "9a414faf37788de80ef1001af65b921f77cb09e0473c8dab30b97e46a86229b5"}
{"utc": "2026-10-04T23:35:54.050220+00:00", "phase": "S4_RENDER", "scene": "mic", "key": "arc0_028", "fields": 6}
{"utc": "2026-10-04T23:35:59.114943+00:00", "phase": "S4_POSE_COMPLETE", "scene": "mic", "key": "arc0_028", "field_count": 5, "allones_error": 8.344650268554688e-07}
{"utc": "2026-10-04T23:35:59.321520+00:00", "phase": "READ", "scene": "mic", "key": "arc0_029", "stage": "S4_NATIVE_EVALUATION", "raw_sha256": "c28ba88a6dbbb8bd62a8f1454f379d981fb66648272394a48efa7ad8889d1850", "camera_hash": "f75e1f05b644daf529bcf1d3a22a78cbdf145b00ae8916b5b721155e2bdf1099"}
{"utc": "2026-10-04T23:35:59.436810+00:00", "phase": "S4_RENDER", "scene": "mic", "key": "arc0_029", "fields": 6}
{"utc": "2026-10-04T23:36:04.514276+00:00", "phase": "S4_POSE_COMPLETE", "scene": "mic", "key": "arc0_029", "field_count": 5, "allones_error": 7.152557373046875e-07}
{"utc": "2026-10-04T23:36:04.752332+00:00", "phase": "READ", "scene": "mic", "key": "arc0_030", "stage": "S4_NATIVE_EVALUATION", "raw_sha256": "df9db10a26fc465230cf1c15b0acaf84fce38c82b3331987c6724df6fecdb8d0", "camera_hash": "8258977c43ada224ecea15bc7222e34e542402f0db5dbd06570c07181ca07d66"}
{"utc": "2026-10-04T23:36:04.871753+00:00", "phase": "S4_RENDER", "scene": "mic", "key": "arc0_030", "fields": 6}
{"utc": "2026-10-04T23:36:09.978514+00:00", "phase": "S4_POSE_COMPLETE", "scene": "mic", "key": "arc0_030", "field_count": 5, "allones_error": 7.748603820800781e-07}
{"utc": "2026-10-04T23:36:10.186258+00:00", "phase": "READ", "scene": "mic", "key": "arc0_031", "stage": "S4_NATIVE_EVALUATION", "raw_sha256": "761ef9a162e25a54f537e8147b5ecf4b226b568cbd1a20ef57ca4ae13f64582b", "camera_hash": "f54b591e2a9c37ebcfa4949c2ecd764b0403e2af4781d04940192382f6016018"}
{"utc": "2026-10-04T23:36:10.297374+00:00", "phase": "S4_RENDER", "scene": "mic", "key": "arc0_031", "fields": 6}
{"utc": "2026-10-04T23:36:15.337707+00:00", "phase": "S4_POSE_COMPLETE", "scene": "mic", "key": "arc0_031", "field_count": 5, "allones_error": 7.748603820800781e-07}
{"utc": "2026-10-04T23:36:15.549961+00:00", "phase": "READ", "scene": "mic", "key": "arc0_032", "stage": "S4_NATIVE_EVALUATION", "raw_sha256": "ec6c9b5ec2ba1a16fe0bf09b5622fd8103a39fcb59380f0c86d0f276192347b4", "camera_hash": "ac054f29b317787a20f09cc7b010fdc7efb92ab471175523de2381d33711538e"}
{"utc": "2026-10-04T23:36:15.661464+00:00", "phase": "S4_RENDER", "scene": "mic", "key": "arc0_032", "fields": 6}
{"utc": "2026-10-04T23:36:20.684279+00:00", "phase": "S4_POSE_COMPLETE", "scene": "mic", "key": "arc0_032", "field_count": 5, "allones_error": 8.344650268554688e-07}
{"utc": "2026-10-04T23:36:20.684678+00:00", "phase": "S4_SCENE_COMPLETE", "scene": "mic", "actual_poses": 49}
{"utc": "2026-10-04T23:36:21.079397+00:00", "phase": "READ", "scene": "materials", "key": "F_001", "stage": "S4_NATIVE_EVALUATION", "raw_sha256": "459b601ee2892d933ad5c63f8fcaf2a9c38b86c62f9506d10b1c094a4de593fb", "camera_hash": "7265aaffc2560cb286b22991e7c83e69e6a4755ef7d907096234fc5a5b8163f1"}
{"utc": "2026-10-04T23:36:21.202906+00:00", "phase": "S4_RENDER", "scene": "materials", "key": "F_001", "fields": 20}
{"utc": "2026-10-04T23:36:30.725559+00:00", "phase": "S4_POSE_COMPLETE", "scene": "materials", "key": "F_001", "field_count": 19, "allones_error": 7.748603820800781e-07}
{"utc": "2026-10-04T23:36:30.751990+00:00", "phase": "READ", "scene": "materials", "key": "F_014", "stage": "S4_NATIVE_EVALUATION", "raw_sha256": "485085ea97a84f9a897653b68259a4ece94ef5bcd80fa5506d50d8829c8eb898", "camera_hash": "30dfb51696a60fb75ae5806b9453a8696d5e36fc900f9bdb251aca29c42ec979"}
{"utc": "2026-10-04T23:36:30.871658+00:00", "phase": "S4_RENDER", "scene": "materials", "key": "F_014", "fields": 20}
{"utc": "2026-10-04T23:36:39.876756+00:00", "phase": "S4_POSE_COMPLETE", "scene": "materials", "key": "F_014", "field_count": 19, "allones_error": 8.344650268554688e-07}
{"utc": "2026-10-04T23:36:39.913558+00:00", "phase": "READ", "scene": "materials", "key": "F_027", "stage": "S4_NATIVE_EVALUATION", "raw_sha256": "3c9513d758fb7c3a67bb9155f13e1147d738534aff9767e23b04a73aedf71e83", "camera_hash": "fad6f8ab47ab68f4dd50d913c8a0b888288c7c5581ba2972c6116bb925fa7f95"}
{"utc": "2026-10-04T23:36:40.043483+00:00", "phase": "S4_RENDER", "scene": "materials", "key": "F_027", "fields": 20}
{"utc": "2026-10-04T23:36:49.568864+00:00", "phase": "S4_POSE_COMPLETE", "scene": "materials", "key": "F_027", "field_count": 19, "allones_error": 8.344650268554688e-07}
{"utc": "2026-10-04T23:36:49.591121+00:00", "phase": "READ", "scene": "materials", "key": "F_041", "stage": "S4_NATIVE_EVALUATION", "raw_sha256": "2d438580dc4544efb6a4f46ca00d44c6f86fd9e6ea636b7ba7191e1541fe7097", "camera_hash": "a8850750ca8a4e99976dfc4c8a057fec63b4023e7eb68ac7bd762a243284c7a3"}
{"utc": "2026-10-04T23:36:49.702951+00:00", "phase": "S4_RENDER", "scene": "materials", "key": "F_041", "fields": 20}
{"utc": "2026-10-04T23:36:58.532304+00:00", "phase": "S4_POSE_COMPLETE", "scene": "materials", "key": "F_041", "field_count": 19, "allones_error": 8.344650268554688e-07}
{"utc": "2026-10-04T23:36:58.568626+00:00", "phase": "READ", "scene": "materials", "key": "F_053", "stage": "S4_NATIVE_EVALUATION", "raw_sha256": "633ffa0626d636e2f78c58b58ff9371f5cbfe9e391f6a1d977406a1cb1c23008", "camera_hash": "b90ad40a76d49377ef835fac1c08623eb6afb90c0a49d2da9d1e63ee46915702"}
{"utc": "2026-10-04T23:36:58.696892+00:00", "phase": "S4_RENDER", "scene": "materials", "key": "F_053", "fields": 20}
{"utc": "2026-10-04T23:37:07.965456+00:00", "phase": "S4_POSE_COMPLETE", "scene": "materials", "key": "F_053", "field_count": 19, "allones_error": 7.748603820800781e-07}
{"utc": "2026-10-04T23:37:07.987776+00:00", "phase": "READ", "scene": "materials", "key": "F_067", "stage": "S4_NATIVE_EVALUATION", "raw_sha256": "48358a34b270d1b774a8f1175d8a6bb08c232381c86ca89dbe0ae300b586837a", "camera_hash": "fb79555f428af8cf45d8760ce8dbee698eed4848443de11f012458ce2d2dc3ae"}
{"utc": "2026-10-04T23:37:08.100130+00:00", "phase": "S4_RENDER", "scene": "materials", "key": "F_067", "fields": 20}
{"utc": "2026-10-04T23:37:16.925215+00:00", "phase": "S4_POSE_COMPLETE", "scene": "materials", "key": "F_067", "field_count": 19, "allones_error": 8.344650268554688e-07}
{"utc": "2026-10-04T23:37:16.964551+00:00", "phase": "READ", "scene": "materials", "key": "F_079", "stage": "S4_NATIVE_EVALUATION", "raw_sha256": "3269c33d13345d6a8786a4462bec6b69c76abd08b2d6f3ee1850a7c6ce955844", "camera_hash": "4666947baa355453f8092a69c3c0be48f17951c0220de945ee6ee3652a46fbde"}
{"utc": "2026-10-04T23:37:17.096221+00:00", "phase": "S4_RENDER", "scene": "materials", "key": "F_079", "fields": 20}
{"utc": "2026-10-04T23:37:26.819973+00:00", "phase": "S4_POSE_COMPLETE", "scene": "materials", "key": "F_079", "field_count": 19, "allones_error": 8.344650268554688e-07}
{"utc": "2026-10-04T23:37:26.848380+00:00", "phase": "READ", "scene": "materials", "key": "F_093", "stage": "S4_NATIVE_EVALUATION", "raw_sha256": "f62ec97ff17a4cfcd5d9621fa5cff9ffbdaee517835d49cc6767df29dc1a9903", "camera_hash": "69f3798ae2cdb5d618af3d2b6636ae2009d3eb73a48bd17176580471112ec106"}
{"utc": "2026-10-04T23:37:26.969549+00:00", "phase": "S4_RENDER", "scene": "materials", "key": "F_093", "fields": 20}
{"utc": "2026-10-04T23:37:36.456705+00:00", "phase": "S4_POSE_COMPLETE", "scene": "materials", "key": "F_093", "field_count": 19, "allones_error": 7.152557373046875e-07}
{"utc": "2026-10-04T23:37:36.727306+00:00", "phase": "READ", "scene": "materials", "key": "C_007", "stage": "S4_NATIVE_EVALUATION", "raw_sha256": "9cf773b7ac2e31da667ede939d25f3eba61414a86d514ce2bd794b90bf531cf6", "camera_hash": "c0f2305c2f50379848eae96395ea79536c235cdc485d95a6b60d5d8c68bc661d"}
{"utc": "2026-10-04T23:37:36.850431+00:00", "phase": "S4_RENDER", "scene": "materials", "key": "C_007", "fields": 20}
{"utc": "2026-10-04T23:37:48.187836+00:00", "phase": "S4_POSE_COMPLETE", "scene": "materials", "key": "C_007", "field_count": 19, "allones_error": 7.748603820800781e-07}
{"utc": "2026-10-04T23:37:48.430511+00:00", "phase": "READ", "scene": "materials", "key": "C_021", "stage": "S4_NATIVE_EVALUATION", "raw_sha256": "534a59155e494acc76caf0423cdcc3a608299647792e9153c8c2f827d10d61e2", "camera_hash": "1d00a4983ff726a46f2cebe8ad6e45807118c1b68c560042c8671aecbbad7a79"}
{"utc": "2026-10-04T23:37:48.562240+00:00", "phase": "S4_RENDER", "scene": "materials", "key": "C_021", "fields": 20}
{"utc": "2026-10-04T23:38:00.294154+00:00", "phase": "S4_POSE_COMPLETE", "scene": "materials", "key": "C_021", "field_count": 19, "allones_error": 8.344650268554688e-07}
{"utc": "2026-10-04T23:38:00.579059+00:00", "phase": "READ", "scene": "materials", "key": "C_033", "stage": "S4_NATIVE_EVALUATION", "raw_sha256": "af44366a17e901771a6e8b314cdbbb8b1b19f26e811cd671bda22dd6f3bffa94", "camera_hash": "4fc365dfb2b7d1a6b05a45b37cb75f623c5e039efb3cc238b5891680a68a8689"}
{"utc": "2026-10-04T23:38:00.727417+00:00", "phase": "S4_RENDER", "scene": "materials", "key": "C_033", "fields": 20}
{"utc": "2026-10-04T23:38:13.036350+00:00", "phase": "S4_POSE_COMPLETE", "scene": "materials", "key": "C_033", "field_count": 19, "allones_error": 8.940696716308594e-07}
{"utc": "2026-10-04T23:38:13.308997+00:00", "phase": "READ", "scene": "materials", "key": "C_047", "stage": "S4_NATIVE_EVALUATION", "raw_sha256": "a44d26b675d9ae05d6a35a0b6d9639c23406edb8e0cf06f8383940bee926aef0", "camera_hash": "e1067f2a7611222ce2611fe388ccb5bccc4cd73343be8e952028989db6cf65ff"}
{"utc": "2026-10-04T23:38:13.456045+00:00", "phase": "S4_RENDER", "scene": "materials", "key": "C_047", "fields": 20}
{"utc": "2026-10-04T23:38:25.952122+00:00", "phase": "S4_POSE_COMPLETE", "scene": "materials", "key": "C_047", "field_count": 19, "allones_error": 7.748603820800781e-07}
{"utc": "2026-10-04T23:38:26.238631+00:00", "phase": "READ", "scene": "materials", "key": "C_059", "stage": "S4_NATIVE_EVALUATION", "raw_sha256": "44ab048d86ad60c55671ab87df7270f2c4a6cd3ddd6856e514a03dc84557212b", "camera_hash": "b9742179f8d6d3088a53f691c93e6aeb566984d7ab47c84c0f1a306b33d78289"}
{"utc": "2026-10-04T23:38:26.391421+00:00", "phase": "S4_RENDER", "scene": "materials", "key": "C_059", "fields": 20}
{"utc": "2026-10-04T23:38:38.309337+00:00", "phase": "S4_POSE_COMPLETE", "scene": "materials", "key": "C_059", "field_count": 19, "allones_error": 1.0132789611816406e-06}
{"utc": "2026-10-04T23:38:38.591430+00:00", "phase": "READ", "scene": "materials", "key": "C_073", "stage": "S4_NATIVE_EVALUATION", "raw_sha256": "e852f2a3fc0aeb42eb9acc19072a8139d702b8a167769315c1a4300cdd731dc5", "camera_hash": "280f1edf9d1adb925a7ad390376e0f09362bc69531ad038caacd6613813ac336"}
{"utc": "2026-10-04T23:38:38.737373+00:00", "phase": "S4_RENDER", "scene": "materials", "key": "C_073", "fields": 20}
{"utc": "2026-10-04T23:38:50.880346+00:00", "phase": "S4_POSE_COMPLETE", "scene": "materials", "key": "C_073", "field_count": 19, "allones_error": 7.748603820800781e-07}
{"utc": "2026-10-04T23:38:51.105934+00:00", "phase": "READ", "scene": "materials", "key": "C_086", "stage": "S4_NATIVE_EVALUATION", "raw_sha256": "bf62e01a8964200bdd51ac32939d168b0d9a8a6bc9c9f82428f4201305658926", "camera_hash": "095c5251ee2da6c93f6afcb2c559b5f461e704395bd1f8afb63d411e1cc0d15c"}
{"utc": "2026-10-04T23:38:51.230569+00:00", "phase": "S4_RENDER", "scene": "materials", "key": "C_086", "fields": 20}
{"utc": "2026-10-04T23:39:02.641443+00:00", "phase": "S4_POSE_COMPLETE", "scene": "materials", "key": "C_086", "field_count": 19, "allones_error": 7.748603820800781e-07}
{"utc": "2026-10-04T23:39:02.906749+00:00", "phase": "READ", "scene": "materials", "key": "C_099", "stage": "S4_NATIVE_EVALUATION", "raw_sha256": "4eb4885e7db706a60535e380200e5dea09cb5714306c613a2dfaf04ac09d77d2", "camera_hash": "721a3bb8b2dfa7c6e2f2ec94a24f6036cfefd131fe1680a8e4fef0b4c9a04b6d"}
{"utc": "2026-10-04T23:39:03.053512+00:00", "phase": "S4_RENDER", "scene": "materials", "key": "C_099", "fields": 20}
{"utc": "2026-10-04T23:39:15.118654+00:00", "phase": "S4_POSE_COMPLETE", "scene": "materials", "key": "C_099", "field_count": 19, "allones_error": 7.748603820800781e-07}
{"utc": "2026-10-04T23:39:15.371399+00:00", "phase": "READ", "scene": "materials", "key": "arc0_000", "stage": "S4_NATIVE_EVALUATION", "raw_sha256": "cff6bb19c308b941b39a9c95b367b73308e1ebe582ef2b887db61868f8e3ed7f", "camera_hash": "3688a26fb389edd4a9e4da9c1c49c56df3e074d02465d8a45f3b0062df421d71"}
{"utc": "2026-10-04T23:39:15.499396+00:00", "phase": "S4_RENDER", "scene": "materials", "key": "arc0_000", "fields": 6}
{"utc": "2026-10-04T23:39:20.852388+00:00", "phase": "S4_POSE_COMPLETE", "scene": "materials", "key": "arc0_000", "field_count": 5, "allones_error": 8.940696716308594e-07}
{"utc": "2026-10-04T23:39:21.136206+00:00", "phase": "READ", "scene": "materials", "key": "arc0_001", "stage": "S4_NATIVE_EVALUATION", "raw_sha256": "657b9477985c8f520690cfb08b3525d4d77dbce31a70c3d1e692218ea0e806dd", "camera_hash": "65835be2c6069fbc0033b733b1fcbae5112472b9f0f1f9f4d39dcd875eacbfdc"}
{"utc": "2026-10-04T23:39:21.274870+00:00", "phase": "S4_RENDER", "scene": "materials", "key": "arc0_001", "fields": 6}
{"utc": "2026-10-04T23:39:26.625766+00:00", "phase": "S4_POSE_COMPLETE", "scene": "materials", "key": "arc0_001", "field_count": 5, "allones_error": 7.748603820800781e-07}
{"utc": "2026-10-04T23:39:26.851727+00:00", "phase": "READ", "scene": "materials", "key": "arc0_002", "stage": "S4_NATIVE_EVALUATION", "raw_sha256": "4cc4c2a72fa3da6fda99d7cea69a8e2b88bfdb75b4aaa8b4968e5dfa0419a694", "camera_hash": "7c6e2b44d6acf032c123ff2dec360b1189d02424116b64b767b24d694e4ccc2a"}
{"utc": "2026-10-04T23:39:26.972340+00:00", "phase": "S4_RENDER", "scene": "materials", "key": "arc0_002", "fields": 6}
{"utc": "2026-10-04T23:39:32.323890+00:00", "phase": "S4_POSE_COMPLETE", "scene": "materials", "key": "arc0_002", "field_count": 5, "allones_error": 8.344650268554688e-07}
{"utc": "2026-10-04T23:39:32.554418+00:00", "phase": "READ", "scene": "materials", "key": "arc0_003", "stage": "S4_NATIVE_EVALUATION", "raw_sha256": "140446f17e8f4b43b98baf0e9cd3e8bcb83b31f9c5043f1dd1236fc746e8e74d", "camera_hash": "f8274cdac3337690bda79a8dabeecae6c0619cd898ad8a89b771fa125e85c30c"}
{"utc": "2026-10-04T23:39:32.676132+00:00", "phase": "S4_RENDER", "scene": "materials", "key": "arc0_003", "fields": 6}
{"utc": "2026-10-04T23:39:38.042438+00:00", "phase": "S4_POSE_COMPLETE", "scene": "materials", "key": "arc0_003", "field_count": 5, "allones_error": 7.748603820800781e-07}
{"utc": "2026-10-04T23:39:38.281883+00:00", "phase": "READ", "scene": "materials", "key": "arc0_004", "stage": "S4_NATIVE_EVALUATION", "raw_sha256": "55c0b07323671d7f3e906257630a5ee7c3e0f796615979671d489789f8dd4f0d", "camera_hash": "882c866dcf5848cbc8faddac24746f1afc557e5008df2eb2f5f5dc5adb5c8e83"}
{"utc": "2026-10-04T23:39:38.413868+00:00", "phase": "S4_RENDER", "scene": "materials", "key": "arc0_004", "fields": 6}
{"utc": "2026-10-04T23:39:43.792768+00:00", "phase": "S4_POSE_COMPLETE", "scene": "materials", "key": "arc0_004", "field_count": 5, "allones_error": 9.5367431640625e-07}
{"utc": "2026-10-04T23:39:44.032749+00:00", "phase": "READ", "scene": "materials", "key": "arc0_005", "stage": "S4_NATIVE_EVALUATION", "raw_sha256": "18c6a68ca4694c885ff25ab93eaade3e1b1a04605bab8e978fbe7b9cc320753e", "camera_hash": "a59dd7d177df885c3106be8cb800749d31139bd8ec4624c4375131cafeb2cac2"}
{"utc": "2026-10-04T23:39:44.161092+00:00", "phase": "S4_RENDER", "scene": "materials", "key": "arc0_005", "fields": 6}
{"utc": "2026-10-04T23:39:49.517601+00:00", "phase": "S4_POSE_COMPLETE", "scene": "materials", "key": "arc0_005", "field_count": 5, "allones_error": 7.748603820800781e-07}
{"utc": "2026-10-04T23:39:49.766439+00:00", "phase": "READ", "scene": "materials", "key": "arc0_006", "stage": "S4_NATIVE_EVALUATION", "raw_sha256": "b93b63010386e4e74afd5467d53a152bc31f80953d070743a02a30e6a5d70e45", "camera_hash": "4d781ff297eef243203e33167a7c52b9e0e4b554ad1add6c9c0148962d872afa"}
{"utc": "2026-10-04T23:39:49.898636+00:00", "phase": "S4_RENDER", "scene": "materials", "key": "arc0_006", "fields": 6}
{"utc": "2026-10-04T23:39:55.254647+00:00", "phase": "S4_POSE_COMPLETE", "scene": "materials", "key": "arc0_006", "field_count": 5, "allones_error": 8.344650268554688e-07}
{"utc": "2026-10-04T23:39:55.506170+00:00", "phase": "READ", "scene": "materials", "key": "arc0_007", "stage": "S4_NATIVE_EVALUATION", "raw_sha256": "49cf972447250587efc8398216731f47ee8636ad99f07342f7682886efefb316", "camera_hash": "04c244be3dc23e8c1e3f32b2f705fca0cc6dd942e50a9ee350cb9162fc954484"}
{"utc": "2026-10-04T23:39:55.649059+00:00", "phase": "S4_RENDER", "scene": "materials", "key": "arc0_007", "fields": 6}
{"utc": "2026-10-04T23:40:01.028292+00:00", "phase": "S4_POSE_COMPLETE", "scene": "materials", "key": "arc0_007", "field_count": 5, "allones_error": 8.344650268554688e-07}
{"utc": "2026-10-04T23:40:01.266188+00:00", "phase": "READ", "scene": "materials", "key": "arc0_008", "stage": "S4_NATIVE_EVALUATION", "raw_sha256": "d3d48c69eca2989a636a82f66ffc810372eb0e5122fed683d2226e9867ae1ca4", "camera_hash": "1d66b7a9f2e48d90a839e99b752487be97a0f1a91fcc54713972baefbd348ab8"}
{"utc": "2026-10-04T23:40:01.397605+00:00", "phase": "S4_RENDER", "scene": "materials", "key": "arc0_008", "fields": 6}
{"utc": "2026-10-04T23:40:06.776342+00:00", "phase": "S4_POSE_COMPLETE", "scene": "materials", "key": "arc0_008", "field_count": 5, "allones_error": 8.344650268554688e-07}
{"utc": "2026-10-04T23:40:07.051118+00:00", "phase": "READ", "scene": "materials", "key": "arc0_009", "stage": "S4_NATIVE_EVALUATION", "raw_sha256": "0fe6eea3fd8c271979c3d632f05846c6947a4994574acf0b550729db1636ed5a", "camera_hash": "5c9b8b444650962f8730fabfa685650aed8f1bcaf56ac9fc1a8c91471b5a805b"}
{"utc": "2026-10-04T23:40:07.189349+00:00", "phase": "S4_RENDER", "scene": "materials", "key": "arc0_009", "fields": 6}
{"utc": "2026-10-04T23:40:12.606085+00:00", "phase": "S4_POSE_COMPLETE", "scene": "materials", "key": "arc0_009", "field_count": 5, "allones_error": 8.940696716308594e-07}
{"utc": "2026-10-04T23:40:12.867216+00:00", "phase": "READ", "scene": "materials", "key": "arc0_010", "stage": "S4_NATIVE_EVALUATION", "raw_sha256": "215ecba6fac5755a650b839ff09dfc43c18f047145670cbcdd39a1fc393ea6b0", "camera_hash": "d1e0d31338758e3349f01ee9e261a1e676d7a1d6f6cd743c8a2a701bfd16a68c"}
{"utc": "2026-10-04T23:40:13.004449+00:00", "phase": "S4_RENDER", "scene": "materials", "key": "arc0_010", "fields": 6}
{"utc": "2026-10-04T23:40:18.502135+00:00", "phase": "S4_POSE_COMPLETE", "scene": "materials", "key": "arc0_010", "field_count": 5, "allones_error": 8.344650268554688e-07}
{"utc": "2026-10-04T23:40:18.779110+00:00", "phase": "READ", "scene": "materials", "key": "arc0_011", "stage": "S4_NATIVE_EVALUATION", "raw_sha256": "df45557c2c8b86be08bdc79256e4faa0ee63a9687a603c8635a47ea407460d4d", "camera_hash": "272882c42098af2131aa96459e9fce6ab682783efac75519634138c7b1310a81"}
{"utc": "2026-10-04T23:40:18.920011+00:00", "phase": "S4_RENDER", "scene": "materials", "key": "arc0_011", "fields": 6}
{"utc": "2026-10-04T23:40:24.313037+00:00", "phase": "S4_POSE_COMPLETE", "scene": "materials", "key": "arc0_011", "field_count": 5, "allones_error": 7.748603820800781e-07}
{"utc": "2026-10-04T23:40:24.577904+00:00", "phase": "READ", "scene": "materials", "key": "arc0_012", "stage": "S4_NATIVE_EVALUATION", "raw_sha256": "77f08368c48e14c9a9d8fa2b18ef70ba0f31da2e12582cd152f11f209e36509a", "camera_hash": "d0112b3ec3d896346eecee10fe11ded622a6a1ccf0374d93f14b26d893ae06b6"}
{"utc": "2026-10-04T23:40:24.718372+00:00", "phase": "S4_RENDER", "scene": "materials", "key": "arc0_012", "fields": 6}
{"utc": "2026-10-04T23:40:30.251992+00:00", "phase": "S4_POSE_COMPLETE", "scene": "materials", "key": "arc0_012", "field_count": 5, "allones_error": 9.5367431640625e-07}
{"utc": "2026-10-04T23:40:30.505353+00:00", "phase": "READ", "scene": "materials", "key": "arc0_013", "stage": "S4_NATIVE_EVALUATION", "raw_sha256": "de0098d73d84e009c92aaa07feac4d0e8494e5c05f5374c20d60c1b7d27a00a9", "camera_hash": "9a29eb7f057d607bf332212c4c32687e8385889e8d092ee214dc7106a2696b12"}
{"utc": "2026-10-04T23:40:30.647446+00:00", "phase": "S4_RENDER", "scene": "materials", "key": "arc0_013", "fields": 6}
{"utc": "2026-10-04T23:40:36.198128+00:00", "phase": "S4_POSE_COMPLETE", "scene": "materials", "key": "arc0_013", "field_count": 5, "allones_error": 7.748603820800781e-07}
{"utc": "2026-10-04T23:40:36.469114+00:00", "phase": "READ", "scene": "materials", "key": "arc0_014", "stage": "S4_NATIVE_EVALUATION", "raw_sha256": "4e5d839b20f5bf26612015cd39e1990a2bafea7a311269ea27953ed3bb0736c2", "camera_hash": "1b0eb543b6604282cedc48e444f174d4b813cbf240d2536e6756e841c187671f"}
{"utc": "2026-10-04T23:40:36.617491+00:00", "phase": "S4_RENDER", "scene": "materials", "key": "arc0_014", "fields": 6}
{"utc": "2026-10-04T23:40:42.169053+00:00", "phase": "S4_POSE_COMPLETE", "scene": "materials", "key": "arc0_014", "field_count": 5, "allones_error": 8.344650268554688e-07}
{"utc": "2026-10-04T23:40:42.443524+00:00", "phase": "READ", "scene": "materials", "key": "arc0_015", "stage": "S4_NATIVE_EVALUATION", "raw_sha256": "92ff439594b9ade167bc182a3d867992554e0baa0f1165388cc9e2f3519913f0", "camera_hash": "b21a5841c4414e997ae7a356dbbab5947383fe77fe9eb91055607c18d631571d"}
{"utc": "2026-10-04T23:40:42.589239+00:00", "phase": "S4_RENDER", "scene": "materials", "key": "arc0_015", "fields": 6}
{"utc": "2026-10-04T23:40:48.040749+00:00", "phase": "S4_POSE_COMPLETE", "scene": "materials", "key": "arc0_015", "field_count": 5, "allones_error": 9.5367431640625e-07}
{"utc": "2026-10-04T23:40:48.330243+00:00", "phase": "READ", "scene": "materials", "key": "arc0_016", "stage": "S4_NATIVE_EVALUATION", "raw_sha256": "30dfcfc8d1e0b4d43c9c3a2cccca940edfde22a9283d0c2f75798a31d8d8befd", "camera_hash": "573f13281a769beaeb67c2eb584b8b96c3943e120b35ec6485fd7828c93f84ad"}
{"utc": "2026-10-04T23:40:48.478249+00:00", "phase": "S4_RENDER", "scene": "materials", "key": "arc0_016", "fields": 6}
{"utc": "2026-10-04T23:40:54.181149+00:00", "phase": "S4_POSE_COMPLETE", "scene": "materials", "key": "arc0_016", "field_count": 5, "allones_error": 8.344650268554688e-07}
{"utc": "2026-10-04T23:40:54.459815+00:00", "phase": "READ", "scene": "materials", "key": "arc0_017", "stage": "S4_NATIVE_EVALUATION", "raw_sha256": "ae6baf92420e422542143d1902af0666d2f3500dd393736e9c15f733b69e2144", "camera_hash": "3d6a78749278365cb5edf84ff1e4836fd9f8876da608d70d4fc81252ac07b7ed"}
{"utc": "2026-10-04T23:40:54.608182+00:00", "phase": "S4_RENDER", "scene": "materials", "key": "arc0_017", "fields": 6}
{"utc": "2026-10-04T23:41:00.168815+00:00", "phase": "S4_POSE_COMPLETE", "scene": "materials", "key": "arc0_017", "field_count": 5, "allones_error": 7.748603820800781e-07}
{"utc": "2026-10-04T23:41:00.444066+00:00", "phase": "READ", "scene": "materials", "key": "arc0_018", "stage": "S4_NATIVE_EVALUATION", "raw_sha256": "715527053d106a329bca956070a683bd132276a1fb75a1486f5114fd52f33713", "camera_hash": "d0fe9df180fae5fae645f3ef9363de5c8d283e1f7f0325a41e47fd39458b1679"}
{"utc": "2026-10-04T23:41:00.596820+00:00", "phase": "S4_RENDER", "scene": "materials", "key": "arc0_018", "fields": 6}
{"utc": "2026-10-04T23:41:06.227342+00:00", "phase": "S4_POSE_COMPLETE", "scene": "materials", "key": "arc0_018", "field_count": 5, "allones_error": 7.748603820800781e-07}
{"utc": "2026-10-04T23:41:06.511266+00:00", "phase": "READ", "scene": "materials", "key": "arc0_019", "stage": "S4_NATIVE_EVALUATION", "raw_sha256": "55a35e413b817b3b609b86ed15e33e1aa436983b8b77b6b9227199731086cbf0", "camera_hash": "840f38eebc8359119b320db54177de14100aaf284164c62a5678c1c5f11acfc1"}
{"utc": "2026-10-04T23:41:06.662273+00:00", "phase": "S4_RENDER", "scene": "materials", "key": "arc0_019", "fields": 6}
{"utc": "2026-10-04T23:41:12.207813+00:00", "phase": "S4_POSE_COMPLETE", "scene": "materials", "key": "arc0_019", "field_count": 5, "allones_error": 8.940696716308594e-07}
{"utc": "2026-10-04T23:41:12.487831+00:00", "phase": "READ", "scene": "materials", "key": "arc0_020", "stage": "S4_NATIVE_EVALUATION", "raw_sha256": "bf58bc08b12465f2d74c953bd5eb9618768909971ab68563a085e346771c32c7", "camera_hash": "c2aab5dd7e10caeabc71a742b85a92be336869ce173a443b5e070049374ff9c6"}
{"utc": "2026-10-04T23:41:12.640327+00:00", "phase": "S4_RENDER", "scene": "materials", "key": "arc0_020", "fields": 6}
{"utc": "2026-10-04T23:41:18.280650+00:00", "phase": "S4_POSE_COMPLETE", "scene": "materials", "key": "arc0_020", "field_count": 5, "allones_error": 9.5367431640625e-07}
{"utc": "2026-10-04T23:41:18.560595+00:00", "phase": "READ", "scene": "materials", "key": "arc0_021", "stage": "S4_NATIVE_EVALUATION", "raw_sha256": "e0be8d9f32ebbdf1531140f03afe37de8ba719b667203340b6c833cd040e8e67", "camera_hash": "102216e7d9608416afaf4e02df67e7460e26863f033e48e31873e48c1885722d"}
{"utc": "2026-10-04T23:41:18.710949+00:00", "phase": "S4_RENDER", "scene": "materials", "key": "arc0_021", "fields": 6}
{"utc": "2026-10-04T23:41:24.308669+00:00", "phase": "S4_POSE_COMPLETE", "scene": "materials", "key": "arc0_021", "field_count": 5, "allones_error": 8.940696716308594e-07}
{"utc": "2026-10-04T23:41:24.586915+00:00", "phase": "READ", "scene": "materials", "key": "arc0_022", "stage": "S4_NATIVE_EVALUATION", "raw_sha256": "4077520cd6b65284bf64a04f4a65ce41b9c50ba66e2b7e5b2c97a3b09937333a", "camera_hash": "990c2056a917999eb2d8c71db69f3f6b9e3505d8ae70d4b0a174713092a0a0a5"}
{"utc": "2026-10-04T23:41:24.738663+00:00", "phase": "S4_RENDER", "scene": "materials", "key": "arc0_022", "fields": 6}
{"utc": "2026-10-04T23:41:30.309034+00:00", "phase": "S4_POSE_COMPLETE", "scene": "materials", "key": "arc0_022", "field_count": 5, "allones_error": 7.152557373046875e-07}
{"utc": "2026-10-04T23:41:30.587070+00:00", "phase": "READ", "scene": "materials", "key": "arc0_023", "stage": "S4_NATIVE_EVALUATION", "raw_sha256": "b9010fea5edff10b9cde108a8f1a9b75f6d98cdc4e625ddda1c393816ca0fa68", "camera_hash": "e232651f5656275acddb205db9ab873453faabcd7ad973f2672ec498c7cf22b1"}
{"utc": "2026-10-04T23:41:30.760142+00:00", "phase": "S4_RENDER", "scene": "materials", "key": "arc0_023", "fields": 6}
{"utc": "2026-10-04T23:41:36.465225+00:00", "phase": "S4_POSE_COMPLETE", "scene": "materials", "key": "arc0_023", "field_count": 5, "allones_error": 7.748603820800781e-07}
{"utc": "2026-10-04T23:41:36.744712+00:00", "phase": "READ", "scene": "materials", "key": "arc0_024", "stage": "S4_NATIVE_EVALUATION", "raw_sha256": "7dd034912da3bd27fae5b0cc8683872925b94ed3e1c4b166c8b926386e540a1d", "camera_hash": "25099bbf35bf98845dc4fc3ff081ea9f7d78e3686f66d389675dd157f6404ca3"}
{"utc": "2026-10-04T23:41:36.895736+00:00", "phase": "S4_RENDER", "scene": "materials", "key": "arc0_024", "fields": 6}
{"utc": "2026-10-04T23:41:42.527681+00:00", "phase": "S4_POSE_COMPLETE", "scene": "materials", "key": "arc0_024", "field_count": 5, "allones_error": 8.344650268554688e-07}
{"utc": "2026-10-04T23:41:42.796736+00:00", "phase": "READ", "scene": "materials", "key": "arc0_025", "stage": "S4_NATIVE_EVALUATION", "raw_sha256": "196ecd0b7cd68c0963b6b4f6f2a9671fa092df32cf89c89fd56bda5f48010cbe", "camera_hash": "c1c6e68298c665654a2de741736edd33e396957ff72f822eec2a1756059edc9d"}
{"utc": "2026-10-04T23:41:42.944888+00:00", "phase": "S4_RENDER", "scene": "materials", "key": "arc0_025", "fields": 6}
{"utc": "2026-10-04T23:41:48.474081+00:00", "phase": "S4_POSE_COMPLETE", "scene": "materials", "key": "arc0_025", "field_count": 5, "allones_error": 8.344650268554688e-07}
{"utc": "2026-10-04T23:41:48.747086+00:00", "phase": "READ", "scene": "materials", "key": "arc0_026", "stage": "S4_NATIVE_EVALUATION", "raw_sha256": "ae9808191d860ccf1a71f565ee1412f5b9e58eaf61b71863122eda410f017490", "camera_hash": "a39a6161e097fba4482bb717a456c955c7fbe63df3b0d654de368a525cfd19b0"}
{"utc": "2026-10-04T23:41:48.920494+00:00", "phase": "S4_RENDER", "scene": "materials", "key": "arc0_026", "fields": 6}
{"utc": "2026-10-04T23:41:54.557223+00:00", "phase": "S4_POSE_COMPLETE", "scene": "materials", "key": "arc0_026", "field_count": 5, "allones_error": 7.748603820800781e-07}
{"utc": "2026-10-04T23:41:54.832475+00:00", "phase": "READ", "scene": "materials", "key": "arc0_027", "stage": "S4_NATIVE_EVALUATION", "raw_sha256": "487508e53c77941bbc69e0ba88c9d783292d041e3e96d7780b0fafc107063876", "camera_hash": "0371faed22f36655660727d68dbd6e7c551c7f23161808f4c79c9b3dab843608"}
{"utc": "2026-10-04T23:41:54.981132+00:00", "phase": "S4_RENDER", "scene": "materials", "key": "arc0_027", "fields": 6}
{"utc": "2026-10-04T23:42:00.538363+00:00", "phase": "S4_POSE_COMPLETE", "scene": "materials", "key": "arc0_027", "field_count": 5, "allones_error": 7.152557373046875e-07}
{"utc": "2026-10-04T23:42:00.820867+00:00", "phase": "READ", "scene": "materials", "key": "arc0_028", "stage": "S4_NATIVE_EVALUATION", "raw_sha256": "3161c85942b18d03d7678f02e6b8e858fa6b4e4413945cef4590dd27f54b6342", "camera_hash": "a4bd2e16325e39b4a90e7b952cf12de2ade016cff7235ecd900556f515f21d75"}
{"utc": "2026-10-04T23:42:00.971795+00:00", "phase": "S4_RENDER", "scene": "materials", "key": "arc0_028", "fields": 6}
{"utc": "2026-10-04T23:42:06.595100+00:00", "phase": "S4_POSE_COMPLETE", "scene": "materials", "key": "arc0_028", "field_count": 5, "allones_error": 7.748603820800781e-07}
{"utc": "2026-10-04T23:42:06.873348+00:00", "phase": "READ", "scene": "materials", "key": "arc0_029", "stage": "S4_NATIVE_EVALUATION", "raw_sha256": "998f7882f702f51fcb6c3085fefbc9612c6ca7cd0317b370754a085f13e141a1", "camera_hash": "0d90ef253b6f9e14948a3c51d41bec066554f2fa79cda787adcb01af28b6a25f"}
{"utc": "2026-10-04T23:42:07.019283+00:00", "phase": "S4_RENDER", "scene": "materials", "key": "arc0_029", "fields": 6}
{"utc": "2026-10-04T23:42:12.603652+00:00", "phase": "S4_POSE_COMPLETE", "scene": "materials", "key": "arc0_029", "field_count": 5, "allones_error": 8.344650268554688e-07}
{"utc": "2026-10-04T23:42:12.883580+00:00", "phase": "READ", "scene": "materials", "key": "arc0_030", "stage": "S4_NATIVE_EVALUATION", "raw_sha256": "673001c04cc72160f3a434d024d38a22508286d4c09abef3431cd4a2a160f23e", "camera_hash": "2c27c22e86b098e28c7e54a877b5568c8c9a8dff616240aafca8c8ef31f49ee0"}
{"utc": "2026-10-04T23:42:13.032123+00:00", "phase": "S4_RENDER", "scene": "materials", "key": "arc0_030", "fields": 6}
{"utc": "2026-10-04T23:42:18.658163+00:00", "phase": "S4_POSE_COMPLETE", "scene": "materials", "key": "arc0_030", "field_count": 5, "allones_error": 7.748603820800781e-07}
{"utc": "2026-10-04T23:42:18.939066+00:00", "phase": "READ", "scene": "materials", "key": "arc0_031", "stage": "S4_NATIVE_EVALUATION", "raw_sha256": "691d9ac6a2b53e9bf245034ca834dcbaaa36d8b09a121145213f4d64152451c5", "camera_hash": "22bd2e9cb599c70c0e5ebfa6607d2874cde6681c84ecdff2dbd5210034acae00"}
{"utc": "2026-10-04T23:42:19.089209+00:00", "phase": "S4_RENDER", "scene": "materials", "key": "arc0_031", "fields": 6}
{"utc": "2026-10-04T23:42:24.640527+00:00", "phase": "S4_POSE_COMPLETE", "scene": "materials", "key": "arc0_031", "field_count": 5, "allones_error": 8.344650268554688e-07}
{"utc": "2026-10-04T23:42:24.953959+00:00", "phase": "READ", "scene": "materials", "key": "arc0_032", "stage": "S4_NATIVE_EVALUATION", "raw_sha256": "c65b789e5456b366151ab094c7e10e5d7c9debb9e81a3aeeb49036bbbd10bd94", "camera_hash": "eddc35e7683bea4167418a6794e901a425ecf496ce25966c0ae8f418d98a313f"}
{"utc": "2026-10-04T23:42:25.113502+00:00", "phase": "S4_RENDER", "scene": "materials", "key": "arc0_032", "fields": 6}
{"utc": "2026-10-04T23:42:30.742607+00:00", "phase": "S4_POSE_COMPLETE", "scene": "materials", "key": "arc0_032", "field_count": 5, "allones_error": 8.344650268554688e-07}
{"utc": "2026-10-04T23:42:30.743154+00:00", "phase": "S4_SCENE_COMPLETE", "scene": "materials", "actual_poses": 49}
{"utc": "2026-10-04T23:42:30.752554+00:00", "phase": "S4_NATIVE_COMPLETE", "actual_poses": 98}
