**
(main.tex
LaTeX2e <2021-11-15> patch level 1
L3 programming layer <2022-02-24> (IEEEtran.cls
Document Class: IEEEtran 2015/08/26 V1.8b by Michael Shell
-- See the "IEEEtran_HOWTO" manual for usage information.
-- http://www.michaelshell.org/tex/ieeetran/
\@IEEEtrantmpdimenA=\dimen138
\@IEEEtrantmpdimenB=\dimen139
\@IEEEtrantmpdimenC=\dimen140
\@IEEEtrantmpcountA=\count181
\@IEEEtrantmpcountB=\count182
\@IEEEtrantmpcountC=\count183
\@IEEEtrantmptoksA=\toks16
LaTeX Font Info:    Trying to load font information for TU+ptm on input line 50
3.
LaTeX Font Info:    No file TUptm.fd. on input line 503.

LaTeX Font Warning: Font shape `TU/ptm/m/n' undefined
(Font)              using `TU/lmr/m/n' instead on input line 503.

-- Using 8.5in x 11in (letter) paper.
-- Using DVI output.
\@IEEEnormalsizeunitybaselineskip=\dimen141
-- This is a 10 point document.
\CLASSINFOnormalsizebaselineskip=\dimen142
\CLASSINFOnormalsizeunitybaselineskip=\dimen143
\IEEEnormaljot=\dimen144

LaTeX Font Warning: Font shape `TU/ptm/bx/n' undefined
(Font)              using `TU/ptm/m/n' instead on input line 1090.


LaTeX Font Warning: Font shape `TU/ptm/m/it' undefined
(Font)              using `TU/ptm/m/n' instead on input line 1090.


LaTeX Font Warning: Font shape `TU/ptm/bx/it' undefined
(Font)              using `TU/ptm/bx/n' instead on input line 1090.

\IEEEquantizedlength=\dimen145
\IEEEquantizedlengthdiff=\dimen146
\IEEEquantizedtextheightdiff=\dimen147
\IEEEilabelindentA=\dimen148
\IEEEilabelindentB=\dimen149
\IEEEilabelindent=\dimen150
\IEEEelabelindent=\dimen151
\IEEEdlabelindent=\dimen152
\IEEElabelindent=\dimen153
\IEEEiednormlabelsep=\dimen154
\IEEEiedmathlabelsep=\dimen155
\IEEEiedtopsep=\skip47
\c@section=\count184
\c@subsection=\count185
\c@subsubsection=\count186
\c@paragraph=\count187
\c@IEEEsubequation=\count188
\abovecaptionskip=\skip48
\belowcaptionskip=\skip49
\c@figure=\count189
\c@table=\count190
\@IEEEeqnnumcols=\count191
\@IEEEeqncolcnt=\count192
\@IEEEsubeqnnumrollback=\count193
\@IEEEquantizeheightA=\dimen156
\@IEEEquantizeheightB=\dimen157
\@IEEEquantizeheightC=\dimen158
\@IEEEquantizeprevdepth=\dimen159
\@IEEEquantizemultiple=\count194
\@IEEEquantizeboxA=\box50
\@IEEEtmpitemindent=\dimen160
\IEEEPARstartletwidth=\dimen161
\c@IEEEbiography=\count195
\@IEEEtranrubishbin=\box51
) (graphicx.sty
Package: graphicx 2021/09/16 v1.2d Enhanced LaTeX Graphics (DPC,SPQR)
 (keyval.sty
Package: keyval 2014/10/28 v1.15 key=value parser (DPC)
\KV@toks@=\toks17
) (graphics.sty
Package: graphics 2021/03/04 v1.4d Standard LaTeX Graphics (DPC,SPQR)
 (trig.sty
Package: trig 2021/08/11 v1.11 sin cos tan (DPC)
) (graphics.cfg
File: graphics.cfg 2016/06/04 v1.11 sample graphics configuration
)
Package graphics Info: Driver file: xetex.def on input line 107.
 (xetex.def
File: xetex.def 2021/03/18 v5.0k Graphics/color driver for xetex
))
\Gin@req@height=\dimen162
\Gin@req@width=\dimen163
) (fontenc.sty
Package: fontenc 2021/04/29 v2.0v Standard LaTeX package
LaTeX Font Info:    Trying to load font information for T1+ptm on input line 11
2.
 (t1ptm.fd
File: t1ptm.fd 2001/06/04 font definitions for T1/ptm.
)) (inputenc.sty
Package: inputenc 2021/02/14 v1.3d Input encoding file
\inpenc@prehook=\toks18
\inpenc@posthook=\toks19


Package inputenc Warning: inputenc package ignored with utf8 based engines.

) (l3backend-xetex.def
File: l3backend-xetex.def 2022-02-07 L3 backend support: XeTeX
\c__kernel_sys_dvipdfmx_version_int=\count196
\l__color_backend_stack_int=\count197
\g__color_backend_stack_int=\count198
\g__graphics_track_int=\count199
\l__pdf_internal_box=\box52
\g__pdf_backend_object_int=\count266
\g__pdf_backend_annotation_int=\count267
\g__pdf_backend_link_int=\count268
) (main.aux)
\openout1 = `main.aux'.

LaTeX Font Info:    Checking defaults for OML/cmm/m/it on input line 23.
LaTeX Font Info:    ... okay on input line 23.
LaTeX Font Info:    Checking defaults for OMS/cmsy/m/n on input line 23.
LaTeX Font Info:    ... okay on input line 23.
LaTeX Font Info:    Checking defaults for OT1/cmr/m/n on input line 23.
LaTeX Font Info:    ... okay on input line 23.
LaTeX Font Info:    Checking defaults for T1/cmr/m/n on input line 23.
LaTeX Font Info:    ... okay on input line 23.
LaTeX Font Info:    Checking defaults for TS1/cmr/m/n on input line 23.
LaTeX Font Info:    Trying to load font information for TS1+cmr on input line 2
3.
 (ts1cmr.fd
File: ts1cmr.fd 2019/12/16 v2.5j Standard LaTeX font definitions
)
LaTeX Font Info:    ... okay on input line 23.
LaTeX Font Info:    Checking defaults for TU/lmr/m/n on input line 23.
LaTeX Font Info:    ... okay on input line 23.
LaTeX Font Info:    Checking defaults for OMX/cmex/m/n on input line 23.
LaTeX Font Info:    ... okay on input line 23.
LaTeX Font Info:    Checking defaults for U/cmr/m/n on input line 23.
LaTeX Font Info:    ... okay on input line 23.

-- Lines per column: 56 (exact).
(abstract
LaTeX Font Info:    External font `cmex10' loaded for size
(Font)              <9> on input line 12.
LaTeX Font Info:    External font `cmex10' loaded for size
(Font)              <6> on input line 12.
LaTeX Font Info:    External font `cmex10' loaded for size
(Font)              <5> on input line 12.
) (body_main
File: assets/fig1_teaser.png Graphic file (type bmp)
<assets/fig1_teaser.png>

Underfull \vbox (badness 3291) has occurred while \output is active []

 [1


]
LaTeX Font Info:    External font `cmex10' loaded for size
(Font)              <7> on input line 27.
LaTeX Font Info:    Trying to load font information for T1+pcr on input line 71
.

(t1pcr.fd
File: t1pcr.fd 2001/06/04 font definitions for T1/pcr.
)
LaTeX Font Info:    Font shape `T1/pcr/m/it' in size <10> not available
(Font)              Font shape `T1/pcr/m/sl' tried instead on input line 71.

Underfull \hbox (badness 10000) in paragraph at lines 73--81
[]\T1/ptm/b/n/10 Per-frame image-space edge de-tec-tion. \T1/ptm/m/n/10 Clas-si
-cal
 []

[2]
Underfull \hbox (badness 1609) in paragraph at lines 126--131
[]\T1/ptm/b/n/10 Feature lines from 3D rep-re-sen-ta-tions. \T1/ptm/m/n/10 Mesh
-based
 []

[3]
File: assets/pareto_chair.png Graphic file (type bmp)
<assets/pareto_chair.png>
File: assets/pareto_lego.png Graphic file (type bmp)
<assets/pareto_lego.png>

Underfull \hbox (badness 10000) in paragraph at lines 213--214
[]\T1/ptm/m/it/10 (Contribution A, pri-mary. All num-bers from
 []

File: assets/fig3_pareto2.png Graphic file (type bmp)
<assets/fig3_pareto2.png>
LaTeX Font Info:    External font `cmex10' loaded for size
(Font)              <8> on input line 256.
[4]
File: assets/fig5_survival.png Graphic file (type bmp)
<assets/fig5_survival.png>
File: assets/fig6_ceiling.png Graphic file (type bmp)
<assets/fig6_ceiling.png>

Underfull \hbox (badness 10000) in paragraph at lines 318--319
[]\T1/ptm/m/it/10 (Contribution B, di-ag-nos-tic. All num-bers from
 []

[5]
Underfull \vbox (badness 10000) has occurred while \output is active []

 [6]
[7]) [8] (supp_floats
File: assets/tab1_stroke_ratios.png Graphic file (type bmp)
<assets/tab1_stroke_ratios.png>
File: assets/tab2_floor_anatomy.png Graphic file (type bmp)
<assets/tab2_floor_anatomy.png>
File: assets/tab3_kgeom.png Graphic file (type bmp)
<assets/tab3_kgeom.png>
File: assets/tab4_gate_ledger.png Graphic file (type bmp)
<assets/tab4_gate_ledger.png>
File: assets/fig4_pareto3.png Graphic file (type bmp)
<assets/fig4_pareto3.png>
File: assets/fig7_semantic.png Graphic file (type bmp)
<assets/fig7_semantic.png>
File: assets/fig8_supervision.png Graphic file (type bmp)
<assets/fig8_supervision.png>
File: assets/fig9_crownjewel.png Graphic file (type bmp)
<assets/fig9_crownjewel.png>
File: assets/tab5_per_scene.png Graphic file (type bmp)
<assets/tab5_per_scene.png>
) [9


] [10] [11] [12] (body_appendix
Underfull \hbox (badness 10000) in paragraph at lines 6--7
[]\T1/ptm/m/it/10 (All num-bers from \T1/pcr/m/sl/10 RESULTS_MASTER.md
 []


Underfull \hbox (badness 10000) in paragraph at lines 6--7
\T1/ptm/m/it/10 ^^9f4, sourced in \T1/pcr/m/sl/10 phase1e_test_eval.json\T1/ptm
/m/it/10 ,
 []


Underfull \hbox (badness 10000) in paragraph at lines 6--7
\T1/pcr/m/sl/10 phase1e_scores_meta.json\T1/ptm/m/it/10 ,
 []


Underfull \hbox (badness 10000) in paragraph at lines 6--7
\T1/pcr/m/sl/10 phase1f_test_eval.json\T1/ptm/m/it/10 , plus banked
 []


Underfull \hbox (badness 10000) in paragraph at lines 6--7
\T1/ptm/m/it/10 ledger num-bers quoted un-changed; full pro-to-col
 []


Underfull \hbox (badness 10000) in paragraph at lines 6--7
\T1/ptm/m/it/10 and caveats in \T1/pcr/m/sl/10 PHASE1E_GATE_CHECK.md \T1/ptm/m/
it/10 /
 []

)

** Conference Paper **
Before submitting the final camera ready copy, remember to:

 1. Manually equalize the lengths of two columns on the last page
 of your paper;

 2. Ensure that any PostScript and/or PDF output post-processing
 uses only Type 1 fonts and that every step in the generation
 process uses the appropriate paper size.

[13


] (main.aux)

LaTeX Font Warning: Some font shapes were not available, defaults substituted.

 )
Output written on main.xdv (13 pages, 72316 bytes).
