SOURCE lego r_7 1032 994 2.44
SOURCE lego r_33 1637 1520 1.22
SOURCE lego r_26 1556 1358 1.13
SOURCE lego r_69 2858 2417 1.48
SOURCE lego r_60 2040 1776 1.23
SOURCE lego r_59 2235 1977 1.32
SOURCE lego r_11 1432 1335 1.17
SOURCE lego r_24 1805 1608 1.19
SOURCE lego r_13 1996 1751 1.24
SOURCE lego r_17 2595 2186 1.42
SOURCE lego r_77 1588 1498 1.19
SOURCE lego r_46 1112 1024 1.08
SOURCE lego r_44 1664 1531 1.17
SOURCE lego r_9 2308 2014 1.39
SOURCE lego r_67 1507 1343 1.21
SOURCE lego r_82 1271 1098 1.12
SOURCE lego r_68 2100 1883 1.28
SOURCE lego r_34 1846 1672 1.24
SOURCE lego r_31 1388 1294 1.15
SOURCE lego r_20 1785 1573 1.21
SOURCE lego r_70 1390 1212 1.12
SOURCE lego r_21 1227 1056 1.1
SOURCE lego r_80 1927 1712 1.27
SOURCE lego r_49 1372 1297 1.13
PAIR_ROW lego 0 pairs 4156 accepted 2343
PAIR_ROW lego 1 pairs 10146 accepted 5064
PAIR_ROW lego 2 pairs 12866 accepted 6094
PAIR_ROW lego 3 pairs 16479 accepted 7324
PAIR_ROW lego 4 pairs 20775 accepted 8563
PAIR_ROW lego 5 pairs 25075 accepted 10439
PAIR_ROW lego 6 pairs 27751 accepted 11701
PAIR_ROW lego 7 pairs 30609 accepted 12576
PAIR_ROW lego 8 pairs 34839 accepted 14182
PAIR_ROW lego 9 pairs 38721 accepted 15562
PAIR_ROW lego 10 pairs 41828 accepted 17130
PAIR_ROW lego 11 pairs 44042 accepted 18167
PAIR_ROW lego 12 pairs 46410 accepted 19288
PAIR_ROW lego 13 pairs 48450 accepted 20149
PAIR_ROW lego 14 pairs 49897 accepted 20821
PAIR_ROW lego 15 pairs 51278 accepted 21451
PAIR_ROW lego 16 pairs 53881 accepted 22482
PAIR_ROW lego 17 pairs 54752 accepted 22805
PAIR_ROW lego 18 pairs 55303 accepted 23069
PAIR_ROW lego 19 pairs 56938 accepted 23793
PAIR_ROW lego 20 pairs 57533 accepted 24050
PAIR_ROW lego 21 pairs 57646 accepted 24104
PAIR_ROW lego 22 pairs 58410 accepted 24534
PAIR_ROW lego 23 pairs 58410 accepted 24534
FUSION lego {"status": "FUSED_CANDIDATE", "raw_nodes": 41671, "raw_edges": 37129, "near_reciprocal_pairs": 58410, "track_accepted_pairs": 24534, "cluster_merges": 12813, "multi_source_clusters": 5437, "fused_nodes": 5244, "fused_edges": 7189, "duplicate_edges_removed": 7041, "rejected_raw_edges": 22899, "displacement_p95": 0.0067649023374542535, "reprojection_max": 1.9404474981461832, "rejection_counts": {"tangent": 16857, "boundary_class": 2387, "proxy_displacement": 2802, "epipolar": 3738, "short_or_inconsistent_track": 8047, "no_shared_support_rolling_or_distinct": 45, "cluster_all_tangent": 1225, "same_camera_collision": 3343, "cluster_all_source_displacement": 456, "cluster_all_source_reprojection": 8}, "seconds": 78.80360627174377}
ASSET_SEALED lego 0.0034690477243745133 {'single': 1520, 'rawunion': 37129, 'fused': 7189}
SOURCE chair r_7 899 785 1.8
SOURCE chair r_33 912 792 0.8
SOURCE chair r_32 1724 1552 0.98
SOURCE chair r_72 1679 1501 1.01
SOURCE chair r_6 1583 1376 0.95
SOURCE chair r_11 1317 1227 0.89
SOURCE chair r_38 1176 1066 0.85
SOURCE chair r_80 1635 1536 0.93
SOURCE chair r_12 1214 1053 0.88
SOURCE chair r_90 1511 1390 0.95
SOURCE chair r_79 909 827 0.83
SOURCE chair r_53 910 819 0.8
SOURCE chair r_74 1528 1409 0.94
SOURCE chair r_93 1302 1114 0.91
SOURCE chair r_43 1347 1244 0.88
SOURCE chair r_50 1786 1596 1.0
SOURCE chair r_10 1117 1021 0.85
SOURCE chair r_58 1034 914 0.85
SOURCE chair r_83 1154 1046 0.88
SOURCE chair r_64 771 692 0.8
SOURCE chair r_91 1377 1248 0.89
SOURCE chair r_46 1220 1105 0.86
SOURCE chair r_67 1608 1522 0.96
SOURCE chair r_59 1625 1450 1.0
PAIR_ROW chair 0 pairs 2718 accepted 933
PAIR_ROW chair 1 pairs 5253 accepted 1863
PAIR_ROW chair 2 pairs 8115 accepted 3057
PAIR_ROW chair 3 pairs 11364 accepted 4470
PAIR_ROW chair 4 pairs 13861 accepted 5404
PAIR_ROW chair 5 pairs 17027 accepted 6738
PAIR_ROW chair 6 pairs 19695 accepted 8198
PAIR_ROW chair 7 pairs 22702 accepted 9612
PAIR_ROW chair 8 pairs 25291 accepted 10714
PAIR_ROW chair 9 pairs 27397 accepted 11543
PAIR_ROW chair 10 pairs 29024 accepted 12415
PAIR_ROW chair 11 pairs 30535 accepted 13127
PAIR_ROW chair 12 pairs 32286 accepted 13890
PAIR_ROW chair 13 pairs 33440 accepted 14448
PAIR_ROW chair 14 pairs 35232 accepted 15305
PAIR_ROW chair 15 pairs 36277 accepted 15631
PAIR_ROW chair 16 pairs 36815 accepted 15801
PAIR_ROW chair 17 pairs 37594 accepted 16147
PAIR_ROW chair 18 pairs 38061 accepted 16350
PAIR_ROW chair 19 pairs 38327 accepted 16476
PAIR_ROW chair 20 pairs 39063 accepted 16726
PAIR_ROW chair 21 pairs 39287 accepted 16801
PAIR_ROW chair 22 pairs 39370 accepted 16834
PAIR_ROW chair 23 pairs 39370 accepted 16834
FUSION chair {"status": "FUSED_CANDIDATE", "raw_nodes": 31338, "raw_edges": 28285, "near_reciprocal_pairs": 39370, "track_accepted_pairs": 16834, "cluster_merges": 9247, "multi_source_clusters": 4304, "fused_nodes": 4067, "fused_edges": 5249, "duplicate_edges_removed": 4785, "rejected_raw_edges": 18251, "displacement_p95": 0.0070538107771426425, "reprojection_max": 1.973084803892269, "rejection_counts": {"tangent": 10937, "proxy_displacement": 2204, "epipolar": 2340, "short_or_inconsistent_track": 6184, "boundary_class": 723, "no_shared_support_rolling_or_distinct": 139, "near_parallel": 9, "cluster_all_tangent": 548, "cluster_all_source_displacement": 405, "same_camera_collision": 2248, "cluster_all_source_reprojection": 14}, "seconds": 52.5935697555542}
ASSET_SEALED chair 0.003542959861477035 {'single': 792, 'rawunion': 28285, 'fused': 5249}
